[run] 2026-05-06 21:03:50 start llava
Loading llava-v1.5-7b from "models/llava-v1.5-7b-hf".
Loading checkpoint shards:   0%|          | 0/3 [00:00<?, ?it/s]Loading checkpoint shards:  33%|███▎      | 1/3 [00:04<00:09,  4.83s/it]Loading checkpoint shards:  67%|██████▋   | 2/3 [00:08<00:04,  4.31s/it]Loading checkpoint shards: 100%|██████████| 3/3 [00:11<00:00,  3.78s/it]Loading checkpoint shards: 100%|██████████| 3/3 [00:11<00:00,  3.97s/it]
Some kwargs in processor config are unused and will not have any effect: num_additional_image_tokens, patch_size, image_token, vision_feature_select_strategy. 
Padding side is set as "right".
[scan] layers=[0, 1, 2, 3, 4, 5, 6, 7] sample=1/30
[scan] layers=[0, 1, 2, 3, 4, 5, 6, 7] sample=2/30
[scan] layers=[0, 1, 2, 3, 4, 5, 6, 7] sample=3/30
[scan] layers=[0, 1, 2, 3, 4, 5, 6, 7] sample=4/30
[scan] layers=[0, 1, 2, 3, 4, 5, 6, 7] sample=5/30
[scan] layers=[0, 1, 2, 3, 4, 5, 6, 7] sample=6/30
[scan] layers=[0, 1, 2, 3, 4, 5, 6, 7] sample=7/30
[scan] layers=[0, 1, 2, 3, 4, 5, 6, 7] sample=8/30
[scan] layers=[0, 1, 2, 3, 4, 5, 6, 7] sample=9/30
[scan] layers=[0, 1, 2, 3, 4, 5, 6, 7] sample=10/30
[scan] layers=[0, 1, 2, 3, 4, 5, 6, 7] sample=11/30
[scan] layers=[0, 1, 2, 3, 4, 5, 6, 7] sample=12/30
[scan] layers=[0, 1, 2, 3, 4, 5, 6, 7] sample=13/30
[scan] layers=[0, 1, 2, 3, 4, 5, 6, 7] sample=14/30
[scan] layers=[0, 1, 2, 3, 4, 5, 6, 7] sample=15/30
[scan] layers=[0, 1, 2, 3, 4, 5, 6, 7] sample=16/30
[scan] layers=[0, 1, 2, 3, 4, 5, 6, 7] sample=17/30
[scan] layers=[0, 1, 2, 3, 4, 5, 6, 7] sample=18/30
[scan] layers=[0, 1, 2, 3, 4, 5, 6, 7] sample=19/30
[scan] layers=[0, 1, 2, 3, 4, 5, 6, 7] sample=20/30
[scan] layers=[0, 1, 2, 3, 4, 5, 6, 7] sample=21/30
[scan] layers=[0, 1, 2, 3, 4, 5, 6, 7] sample=22/30
[scan] layers=[0, 1, 2, 3, 4, 5, 6, 7] sample=23/30
[scan] layers=[0, 1, 2, 3, 4, 5, 6, 7] sample=24/30
[scan] layers=[0, 1, 2, 3, 4, 5, 6, 7] sample=25/30
[scan] layers=[0, 1, 2, 3, 4, 5, 6, 7] sample=26/30
[scan] layers=[0, 1, 2, 3, 4, 5, 6, 7] sample=27/30
[scan] layers=[0, 1, 2, 3, 4, 5, 6, 7] sample=28/30
[scan] layers=[0, 1, 2, 3, 4, 5, 6, 7] sample=29/30
[scan] layers=[0, 1, 2, 3, 4, 5, 6, 7] sample=30/30
[scan] layers=[8, 9, 10, 11, 12, 13, 14, 15] sample=1/30
[scan] layers=[8, 9, 10, 11, 12, 13, 14, 15] sample=2/30
[scan] layers=[8, 9, 10, 11, 12, 13, 14, 15] sample=3/30
[scan] layers=[8, 9, 10, 11, 12, 13, 14, 15] sample=4/30
[scan] layers=[8, 9, 10, 11, 12, 13, 14, 15] sample=5/30
[scan] layers=[8, 9, 10, 11, 12, 13, 14, 15] sample=6/30
[scan] layers=[8, 9, 10, 11, 12, 13, 14, 15] sample=7/30
[scan] layers=[8, 9, 10, 11, 12, 13, 14, 15] sample=8/30
[scan] layers=[8, 9, 10, 11, 12, 13, 14, 15] sample=9/30
[scan] layers=[8, 9, 10, 11, 12, 13, 14, 15] sample=10/30
[scan] layers=[8, 9, 10, 11, 12, 13, 14, 15] sample=11/30
[scan] layers=[8, 9, 10, 11, 12, 13, 14, 15] sample=12/30
[scan] layers=[8, 9, 10, 11, 12, 13, 14, 15] sample=13/30
[scan] layers=[8, 9, 10, 11, 12, 13, 14, 15] sample=14/30
[scan] layers=[8, 9, 10, 11, 12, 13, 14, 15] sample=15/30
[scan] layers=[8, 9, 10, 11, 12, 13, 14, 15] sample=16/30
[scan] layers=[8, 9, 10, 11, 12, 13, 14, 15] sample=17/30
[scan] layers=[8, 9, 10, 11, 12, 13, 14, 15] sample=18/30
[scan] layers=[8, 9, 10, 11, 12, 13, 14, 15] sample=19/30
[scan] layers=[8, 9, 10, 11, 12, 13, 14, 15] sample=20/30
[scan] layers=[8, 9, 10, 11, 12, 13, 14, 15] sample=21/30
[scan] layers=[8, 9, 10, 11, 12, 13, 14, 15] sample=22/30
[scan] layers=[8, 9, 10, 11, 12, 13, 14, 15] sample=23/30
[scan] layers=[8, 9, 10, 11, 12, 13, 14, 15] sample=24/30
[scan] layers=[8, 9, 10, 11, 12, 13, 14, 15] sample=25/30
[scan] layers=[8, 9, 10, 11, 12, 13, 14, 15] sample=26/30
[scan] layers=[8, 9, 10, 11, 12, 13, 14, 15] sample=27/30
[scan] layers=[8, 9, 10, 11, 12, 13, 14, 15] sample=28/30
[scan] layers=[8, 9, 10, 11, 12, 13, 14, 15] sample=29/30
[scan] layers=[8, 9, 10, 11, 12, 13, 14, 15] sample=30/30
[scan] layers=[16, 17, 18, 19, 20, 21, 22, 23] sample=1/30
[scan] layers=[16, 17, 18, 19, 20, 21, 22, 23] sample=2/30
[scan] layers=[16, 17, 18, 19, 20, 21, 22, 23] sample=3/30
[scan] layers=[16, 17, 18, 19, 20, 21, 22, 23] sample=4/30
[scan] layers=[16, 17, 18, 19, 20, 21, 22, 23] sample=5/30
[scan] layers=[16, 17, 18, 19, 20, 21, 22, 23] sample=6/30
[scan] layers=[16, 17, 18, 19, 20, 21, 22, 23] sample=7/30
[scan] layers=[16, 17, 18, 19, 20, 21, 22, 23] sample=8/30
[scan] layers=[16, 17, 18, 19, 20, 21, 22, 23] sample=9/30
[scan] layers=[16, 17, 18, 19, 20, 21, 22, 23] sample=10/30
[scan] layers=[16, 17, 18, 19, 20, 21, 22, 23] sample=11/30
[scan] layers=[16, 17, 18, 19, 20, 21, 22, 23] sample=12/30
[scan] layers=[16, 17, 18, 19, 20, 21, 22, 23] sample=13/30
[scan] layers=[16, 17, 18, 19, 20, 21, 22, 23] sample=14/30
[scan] layers=[16, 17, 18, 19, 20, 21, 22, 23] sample=15/30
[scan] layers=[16, 17, 18, 19, 20, 21, 22, 23] sample=16/30
[scan] layers=[16, 17, 18, 19, 20, 21, 22, 23] sample=17/30
[scan] layers=[16, 17, 18, 19, 20, 21, 22, 23] sample=18/30
[scan] layers=[16, 17, 18, 19, 20, 21, 22, 23] sample=19/30
[scan] layers=[16, 17, 18, 19, 20, 21, 22, 23] sample=20/30
[scan] layers=[16, 17, 18, 19, 20, 21, 22, 23] sample=21/30
[scan] layers=[16, 17, 18, 19, 20, 21, 22, 23] sample=22/30
[scan] layers=[16, 17, 18, 19, 20, 21, 22, 23] sample=23/30
[scan] layers=[16, 17, 18, 19, 20, 21, 22, 23] sample=24/30
[scan] layers=[16, 17, 18, 19, 20, 21, 22, 23] sample=25/30
[scan] layers=[16, 17, 18, 19, 20, 21, 22, 23] sample=26/30
[scan] layers=[16, 17, 18, 19, 20, 21, 22, 23] sample=27/30
[scan] layers=[16, 17, 18, 19, 20, 21, 22, 23] sample=28/30
[scan] layers=[16, 17, 18, 19, 20, 21, 22, 23] sample=29/30
[scan] layers=[16, 17, 18, 19, 20, 21, 22, 23] sample=30/30
[scan] layers=[24, 25, 26, 27, 28, 29, 30, 31] sample=1/30
[scan] layers=[24, 25, 26, 27, 28, 29, 30, 31] sample=2/30
[scan] layers=[24, 25, 26, 27, 28, 29, 30, 31] sample=3/30
[scan] layers=[24, 25, 26, 27, 28, 29, 30, 31] sample=4/30
[scan] layers=[24, 25, 26, 27, 28, 29, 30, 31] sample=5/30
[scan] layers=[24, 25, 26, 27, 28, 29, 30, 31] sample=6/30
[scan] layers=[24, 25, 26, 27, 28, 29, 30, 31] sample=7/30
[scan] layers=[24, 25, 26, 27, 28, 29, 30, 31] sample=8/30
[scan] layers=[24, 25, 26, 27, 28, 29, 30, 31] sample=9/30
[scan] layers=[24, 25, 26, 27, 28, 29, 30, 31] sample=10/30
[scan] layers=[24, 25, 26, 27, 28, 29, 30, 31] sample=11/30
[scan] layers=[24, 25, 26, 27, 28, 29, 30, 31] sample=12/30
[scan] layers=[24, 25, 26, 27, 28, 29, 30, 31] sample=13/30
[scan] layers=[24, 25, 26, 27, 28, 29, 30, 31] sample=14/30
[scan] layers=[24, 25, 26, 27, 28, 29, 30, 31] sample=15/30
[scan] layers=[24, 25, 26, 27, 28, 29, 30, 31] sample=16/30
[scan] layers=[24, 25, 26, 27, 28, 29, 30, 31] sample=17/30
[scan] layers=[24, 25, 26, 27, 28, 29, 30, 31] sample=18/30
[scan] layers=[24, 25, 26, 27, 28, 29, 30, 31] sample=19/30
[scan] layers=[24, 25, 26, 27, 28, 29, 30, 31] sample=20/30
[scan] layers=[24, 25, 26, 27, 28, 29, 30, 31] sample=21/30
[scan] layers=[24, 25, 26, 27, 28, 29, 30, 31] sample=22/30
[scan] layers=[24, 25, 26, 27, 28, 29, 30, 31] sample=23/30
[scan] layers=[24, 25, 26, 27, 28, 29, 30, 31] sample=24/30
[scan] layers=[24, 25, 26, 27, 28, 29, 30, 31] sample=25/30
[scan] layers=[24, 25, 26, 27, 28, 29, 30, 31] sample=26/30
[scan] layers=[24, 25, 26, 27, 28, 29, 30, 31] sample=27/30
[scan] layers=[24, 25, 26, 27, 28, 29, 30, 31] sample=28/30
[scan] layers=[24, 25, 26, 27, 28, 29, 30, 31] sample=29/30
[scan] layers=[24, 25, 26, 27, 28, 29, 30, 31] sample=30/30
{"by": "S_lga_dot", "top1": 26}
[run] 2026-05-06 21:10:27 start blip2
Loading blip2-opt-2.7b from "models/blip2-opt-2.7b".
Loading checkpoint shards:   0%|          | 0/2 [00:00<?, ?it/s]Loading checkpoint shards:  50%|█████     | 1/2 [00:10<00:10, 10.06s/it]Loading checkpoint shards: 100%|██████████| 2/2 [00:13<00:00,  6.46s/it]Loading checkpoint shards: 100%|██████████| 2/2 [00:13<00:00,  7.00s/it]
Some kwargs in processor config are unused and will not have any effect: num_query_tokens. 
Both `max_new_tokens` (=32) and `max_length`(=51) seem to have been set. `max_new_tokens` will take precedence. Please refer to the documentation for more information. (https://huggingface.co/docs/transformers/main/en/main_classes/text_generation)
Both `max_new_tokens` (=32) and `max_length`(=51) seem to have been set. `max_new_tokens` will take precedence. Please refer to the documentation for more information. (https://huggingface.co/docs/transformers/main/en/main_classes/text_generation)
Both `max_new_tokens` (=32) and `max_length`(=51) seem to have been set. `max_new_tokens` will take precedence. Please refer to the documentation for more information. (https://huggingface.co/docs/transformers/main/en/main_classes/text_generation)
Both `max_new_tokens` (=32) and `max_length`(=51) seem to have been set. `max_new_tokens` will take precedence. Please refer to the documentation for more information. (https://huggingface.co/docs/transformers/main/en/main_classes/text_generation)
Both `max_new_tokens` (=32) and `max_length`(=51) seem to have been set. `max_new_tokens` will take precedence. Please refer to the documentation for more information. (https://huggingface.co/docs/transformers/main/en/main_classes/text_generation)
Both `max_new_tokens` (=32) and `max_length`(=51) seem to have been set. `max_new_tokens` will take precedence. Please refer to the documentation for more information. (https://huggingface.co/docs/transformers/main/en/main_classes/text_generation)
Both `max_new_tokens` (=32) and `max_length`(=51) seem to have been set. `max_new_tokens` will take precedence. Please refer to the documentation for more information. (https://huggingface.co/docs/transformers/main/en/main_classes/text_generation)
Both `max_new_tokens` (=32) and `max_length`(=51) seem to have been set. `max_new_tokens` will take precedence. Please refer to the documentation for more information. (https://huggingface.co/docs/transformers/main/en/main_classes/text_generation)
Both `max_new_tokens` (=32) and `max_length`(=51) seem to have been set. `max_new_tokens` will take precedence. Please refer to the documentation for more information. (https://huggingface.co/docs/transformers/main/en/main_classes/text_generation)
Both `max_new_tokens` (=32) and `max_length`(=51) seem to have been set. `max_new_tokens` will take precedence. Please refer to the documentation for more information. (https://huggingface.co/docs/transformers/main/en/main_classes/text_generation)
Both `max_new_tokens` (=32) and `max_length`(=51) seem to have been set. `max_new_tokens` will take precedence. Please refer to the documentation for more information. (https://huggingface.co/docs/transformers/main/en/main_classes/text_generation)
Both `max_new_tokens` (=32) and `max_length`(=51) seem to have been set. `max_new_tokens` will take precedence. Please refer to the documentation for more information. (https://huggingface.co/docs/transformers/main/en/main_classes/text_generation)
Both `max_new_tokens` (=32) and `max_length`(=51) seem to have been set. `max_new_tokens` will take precedence. Please refer to the documentation for more information. (https://huggingface.co/docs/transformers/main/en/main_classes/text_generation)
Both `max_new_tokens` (=32) and `max_length`(=51) seem to have been set. `max_new_tokens` will take precedence. Please refer to the documentation for more information. (https://huggingface.co/docs/transformers/main/en/main_classes/text_generation)
Both `max_new_tokens` (=32) and `max_length`(=51) seem to have been set. `max_new_tokens` will take precedence. Please refer to the documentation for more information. (https://huggingface.co/docs/transformers/main/en/main_classes/text_generation)
Both `max_new_tokens` (=32) and `max_length`(=51) seem to have been set. `max_new_tokens` will take precedence. Please refer to the documentation for more information. (https://huggingface.co/docs/transformers/main/en/main_classes/text_generation)
Both `max_new_tokens` (=32) and `max_length`(=51) seem to have been set. `max_new_tokens` will take precedence. Please refer to the documentation for more information. (https://huggingface.co/docs/transformers/main/en/main_classes/text_generation)
Both `max_new_tokens` (=32) and `max_length`(=51) seem to have been set. `max_new_tokens` will take precedence. Please refer to the documentation for more information. (https://huggingface.co/docs/transformers/main/en/main_classes/text_generation)
Both `max_new_tokens` (=32) and `max_length`(=51) seem to have been set. `max_new_tokens` will take precedence. Please refer to the documentation for more information. (https://huggingface.co/docs/transformers/main/en/main_classes/text_generation)
Both `max_new_tokens` (=32) and `max_length`(=51) seem to have been set. `max_new_tokens` will take precedence. Please refer to the documentation for more information. (https://huggingface.co/docs/transformers/main/en/main_classes/text_generation)
Both `max_new_tokens` (=32) and `max_length`(=51) seem to have been set. `max_new_tokens` will take precedence. Please refer to the documentation for more information. (https://huggingface.co/docs/transformers/main/en/main_classes/text_generation)
Both `max_new_tokens` (=32) and `max_length`(=51) seem to have been set. `max_new_tokens` will take precedence. Please refer to the documentation for more information. (https://huggingface.co/docs/transformers/main/en/main_classes/text_generation)
Both `max_new_tokens` (=32) and `max_length`(=51) seem to have been set. `max_new_tokens` will take precedence. Please refer to the documentation for more information. (https://huggingface.co/docs/transformers/main/en/main_classes/text_generation)
Both `max_new_tokens` (=32) and `max_length`(=51) seem to have been set. `max_new_tokens` will take precedence. Please refer to the documentation for more information. (https://huggingface.co/docs/transformers/main/en/main_classes/text_generation)
Both `max_new_tokens` (=32) and `max_length`(=51) seem to have been set. `max_new_tokens` will take precedence. Please refer to the documentation for more information. (https://huggingface.co/docs/transformers/main/en/main_classes/text_generation)
Both `max_new_tokens` (=32) and `max_length`(=51) seem to have been set. `max_new_tokens` will take precedence. Please refer to the documentation for more information. (https://huggingface.co/docs/transformers/main/en/main_classes/text_generation)
Both `max_new_tokens` (=32) and `max_length`(=51) seem to have been set. `max_new_tokens` will take precedence. Please refer to the documentation for more information. (https://huggingface.co/docs/transformers/main/en/main_classes/text_generation)
Both `max_new_tokens` (=32) and `max_length`(=51) seem to have been set. `max_new_tokens` will take precedence. Please refer to the documentation for more information. (https://huggingface.co/docs/transformers/main/en/main_classes/text_generation)
Both `max_new_tokens` (=32) and `max_length`(=51) seem to have been set. `max_new_tokens` will take precedence. Please refer to the documentation for more information. (https://huggingface.co/docs/transformers/main/en/main_classes/text_generation)
Padding side is set as "right".
[old-answer] 1/29 GLDv2_07795cbc60c4fd70: The bridge is called the bridge of the iron bridge
[old-answer] 2/29 GLDv2_622e99a2e617be06: The bridge is the blue bridge
[old-answer] 3/29 GLDv2_5d48955a7d76e138: The bridge is the bridge
[old-answer] 4/29 GLDv2_864764250a49684c: The bridge is the bridge
[old-answer] 5/29 GLDv2_049b211fbaa508ca: sistemul de autostradă din zona de centru a oraşului sălaj
[old-answer] 6/29 GLDv2_18693093bc336ce1: The bridge is the bridge over the river
[old-answer] 7/29 GLDv2_01c0e0ff84631905: The viaduct
[old-answer] 8/29 GLDv2_14a273d52d0e84a3: The bridge is called the "Bridge of Flowers"
[old-answer] 9/29 GLDv2_062e13aaba6a59cd: Stockholmskärnan
[old-answer] 10/29 GLDv2_7aabfb0bef1e3576: bridge over the river tay
[old-answer] 11/29 GLDv2_044c86875e6df085: The bridge is the longest suspension bridge in the world
[old-answer] 12/29 GLDv2_50cb1001b442965b: The bridge is called the "Garden Bridge"
[old-answer] 13/29 GLDv2_14ec8d03a5f48aae: <empty>
[old-answer] 14/29 GLDv2_024d8836cb0ce51d: The bridge is the old bridge
[old-answer] 15/29 GLDv2_0b23c59c396c874c: <empty>
[old-answer] 16/29 GLDv2_42ea4791eb66f087: the bridge is called the bridge of the sun
[old-answer] 17/29 GLDv2_12544c9ee1feb5cf: The Golden Gate Bridge
[old-answer] 18/29 GLDv2_0173d637a2257753: The bridge is called the bridge of the sun
[old-answer] 19/29 GLDv2_01aa0c96477199c5: The bridge is called the "Hauptbahnhof"
[old-answer] 20/29 GLDv2_061362b4e3f7e40d: Øresund bridge
[old-answer] 21/29 GLDv2_9d5bc15e28653eb5: The lion bridge
[old-answer] 22/29 GLDv2_129c745d1e3f2661: The bridge is the one in the picture
[old-answer] 23/29 GLDv2_0e7e677082a0772f: <empty>
[old-answer] 24/29 GLDv2_11da4330257f4282: The bridge is the old bridge over the river
[old-answer] 25/29 GLDv2_107c79883427cca5: <empty>
[old-answer] 26/29 GLDv2_4da42d007860031d: The Golden Gate Bridge
[old-answer] 27/29 GLDv2_0fa53738931c4435: The bridge is the one in the picture
[old-answer] 28/29 GLDv2_027a2bd7a3d08783: The bridge is called the "Stone Bridge"
[old-answer] 29/29 GLDv2_05833f09ff456fc5: Danube Bridge
Saved old answers: ../../Ten_Classes/bridge/bridge_train/beforeedit/open_end/bridge_train_entity_recognition_blip2.jsonl
[scan] layers=[0, 1, 2, 3, 4, 5, 6, 7] sample=1/30
[scan] layers=[0, 1, 2, 3, 4, 5, 6, 7] sample=2/30
[scan] layers=[0, 1, 2, 3, 4, 5, 6, 7] sample=3/30
[scan] layers=[0, 1, 2, 3, 4, 5, 6, 7] sample=4/30
[scan] layers=[0, 1, 2, 3, 4, 5, 6, 7] sample=5/30
[scan] layers=[0, 1, 2, 3, 4, 5, 6, 7] sample=6/30
[scan] layers=[0, 1, 2, 3, 4, 5, 6, 7] sample=7/30
[scan] layers=[0, 1, 2, 3, 4, 5, 6, 7] sample=8/30
[scan] layers=[0, 1, 2, 3, 4, 5, 6, 7] sample=9/30
[scan] layers=[0, 1, 2, 3, 4, 5, 6, 7] sample=10/30
[scan] layers=[0, 1, 2, 3, 4, 5, 6, 7] sample=11/30
[scan] layers=[0, 1, 2, 3, 4, 5, 6, 7] sample=12/30
[scan] layers=[0, 1, 2, 3, 4, 5, 6, 7] sample=13/30
[scan] layers=[0, 1, 2, 3, 4, 5, 6, 7] sample=14/30
[scan] layers=[0, 1, 2, 3, 4, 5, 6, 7] sample=15/30
[scan] layers=[0, 1, 2, 3, 4, 5, 6, 7] sample=16/30
[scan] layers=[0, 1, 2, 3, 4, 5, 6, 7] sample=17/30
[scan] layers=[0, 1, 2, 3, 4, 5, 6, 7] sample=18/30
[scan] layers=[0, 1, 2, 3, 4, 5, 6, 7] sample=19/30
[scan] layers=[0, 1, 2, 3, 4, 5, 6, 7] sample=20/30
[scan] layers=[0, 1, 2, 3, 4, 5, 6, 7] sample=21/30
[scan] layers=[0, 1, 2, 3, 4, 5, 6, 7] sample=22/30
[scan] layers=[0, 1, 2, 3, 4, 5, 6, 7] sample=23/30
[scan] layers=[0, 1, 2, 3, 4, 5, 6, 7] sample=24/30
[scan] layers=[0, 1, 2, 3, 4, 5, 6, 7] sample=25/30
[scan] layers=[0, 1, 2, 3, 4, 5, 6, 7] sample=26/30
[scan] layers=[0, 1, 2, 3, 4, 5, 6, 7] sample=27/30
[scan] layers=[0, 1, 2, 3, 4, 5, 6, 7] sample=28/30
[scan] layers=[0, 1, 2, 3, 4, 5, 6, 7] sample=29/30
[scan] layers=[0, 1, 2, 3, 4, 5, 6, 7] sample=30/30
[scan] layers=[8, 9, 10, 11, 12, 13, 14, 15] sample=1/30
[scan] layers=[8, 9, 10, 11, 12, 13, 14, 15] sample=2/30
[scan] layers=[8, 9, 10, 11, 12, 13, 14, 15] sample=3/30
[scan] layers=[8, 9, 10, 11, 12, 13, 14, 15] sample=4/30
[scan] layers=[8, 9, 10, 11, 12, 13, 14, 15] sample=5/30
[scan] layers=[8, 9, 10, 11, 12, 13, 14, 15] sample=6/30
[scan] layers=[8, 9, 10, 11, 12, 13, 14, 15] sample=7/30
[scan] layers=[8, 9, 10, 11, 12, 13, 14, 15] sample=8/30
[scan] layers=[8, 9, 10, 11, 12, 13, 14, 15] sample=9/30
[scan] layers=[8, 9, 10, 11, 12, 13, 14, 15] sample=10/30
[scan] layers=[8, 9, 10, 11, 12, 13, 14, 15] sample=11/30
[scan] layers=[8, 9, 10, 11, 12, 13, 14, 15] sample=12/30
[scan] layers=[8, 9, 10, 11, 12, 13, 14, 15] sample=13/30
[scan] layers=[8, 9, 10, 11, 12, 13, 14, 15] sample=14/30
[scan] layers=[8, 9, 10, 11, 12, 13, 14, 15] sample=15/30
[scan] layers=[8, 9, 10, 11, 12, 13, 14, 15] sample=16/30
[scan] layers=[8, 9, 10, 11, 12, 13, 14, 15] sample=17/30
[scan] layers=[8, 9, 10, 11, 12, 13, 14, 15] sample=18/30
[scan] layers=[8, 9, 10, 11, 12, 13, 14, 15] sample=19/30
[scan] layers=[8, 9, 10, 11, 12, 13, 14, 15] sample=20/30
[scan] layers=[8, 9, 10, 11, 12, 13, 14, 15] sample=21/30
[scan] layers=[8, 9, 10, 11, 12, 13, 14, 15] sample=22/30
[scan] layers=[8, 9, 10, 11, 12, 13, 14, 15] sample=23/30
[scan] layers=[8, 9, 10, 11, 12, 13, 14, 15] sample=24/30
[scan] layers=[8, 9, 10, 11, 12, 13, 14, 15] sample=25/30
[scan] layers=[8, 9, 10, 11, 12, 13, 14, 15] sample=26/30
[scan] layers=[8, 9, 10, 11, 12, 13, 14, 15] sample=27/30
[scan] layers=[8, 9, 10, 11, 12, 13, 14, 15] sample=28/30
[scan] layers=[8, 9, 10, 11, 12, 13, 14, 15] sample=29/30
[scan] layers=[8, 9, 10, 11, 12, 13, 14, 15] sample=30/30
[scan] layers=[16, 17, 18, 19, 20, 21, 22, 23] sample=1/30
[scan] layers=[16, 17, 18, 19, 20, 21, 22, 23] sample=2/30
[scan] layers=[16, 17, 18, 19, 20, 21, 22, 23] sample=3/30
[scan] layers=[16, 17, 18, 19, 20, 21, 22, 23] sample=4/30
[scan] layers=[16, 17, 18, 19, 20, 21, 22, 23] sample=5/30
[scan] layers=[16, 17, 18, 19, 20, 21, 22, 23] sample=6/30
[scan] layers=[16, 17, 18, 19, 20, 21, 22, 23] sample=7/30
[scan] layers=[16, 17, 18, 19, 20, 21, 22, 23] sample=8/30
[scan] layers=[16, 17, 18, 19, 20, 21, 22, 23] sample=9/30
[scan] layers=[16, 17, 18, 19, 20, 21, 22, 23] sample=10/30
[scan] layers=[16, 17, 18, 19, 20, 21, 22, 23] sample=11/30
[scan] layers=[16, 17, 18, 19, 20, 21, 22, 23] sample=12/30
[scan] layers=[16, 17, 18, 19, 20, 21, 22, 23] sample=13/30
[scan] layers=[16, 17, 18, 19, 20, 21, 22, 23] sample=14/30
[scan] layers=[16, 17, 18, 19, 20, 21, 22, 23] sample=15/30
[scan] layers=[16, 17, 18, 19, 20, 21, 22, 23] sample=16/30
[scan] layers=[16, 17, 18, 19, 20, 21, 22, 23] sample=17/30
[scan] layers=[16, 17, 18, 19, 20, 21, 22, 23] sample=18/30
[scan] layers=[16, 17, 18, 19, 20, 21, 22, 23] sample=19/30
[scan] layers=[16, 17, 18, 19, 20, 21, 22, 23] sample=20/30
[scan] layers=[16, 17, 18, 19, 20, 21, 22, 23] sample=21/30
[scan] layers=[16, 17, 18, 19, 20, 21, 22, 23] sample=22/30
[scan] layers=[16, 17, 18, 19, 20, 21, 22, 23] sample=23/30
[scan] layers=[16, 17, 18, 19, 20, 21, 22, 23] sample=24/30
[scan] layers=[16, 17, 18, 19, 20, 21, 22, 23] sample=25/30
[scan] layers=[16, 17, 18, 19, 20, 21, 22, 23] sample=26/30
[scan] layers=[16, 17, 18, 19, 20, 21, 22, 23] sample=27/30
[scan] layers=[16, 17, 18, 19, 20, 21, 22, 23] sample=28/30
[scan] layers=[16, 17, 18, 19, 20, 21, 22, 23] sample=29/30
[scan] layers=[16, 17, 18, 19, 20, 21, 22, 23] sample=30/30
[scan] layers=[24, 25, 26, 27, 28, 29, 30, 31] sample=1/30
[scan] layers=[24, 25, 26, 27, 28, 29, 30, 31] sample=2/30
[scan] layers=[24, 25, 26, 27, 28, 29, 30, 31] sample=3/30
[scan] layers=[24, 25, 26, 27, 28, 29, 30, 31] sample=4/30
[scan] layers=[24, 25, 26, 27, 28, 29, 30, 31] sample=5/30
[scan] layers=[24, 25, 26, 27, 28, 29, 30, 31] sample=6/30
[scan] layers=[24, 25, 26, 27, 28, 29, 30, 31] sample=7/30
[scan] layers=[24, 25, 26, 27, 28, 29, 30, 31] sample=8/30
[scan] layers=[24, 25, 26, 27, 28, 29, 30, 31] sample=9/30
[scan] layers=[24, 25, 26, 27, 28, 29, 30, 31] sample=10/30
[scan] layers=[24, 25, 26, 27, 28, 29, 30, 31] sample=11/30
[scan] layers=[24, 25, 26, 27, 28, 29, 30, 31] sample=12/30
[scan] layers=[24, 25, 26, 27, 28, 29, 30, 31] sample=13/30
[scan] layers=[24, 25, 26, 27, 28, 29, 30, 31] sample=14/30
[scan] layers=[24, 25, 26, 27, 28, 29, 30, 31] sample=15/30
[scan] layers=[24, 25, 26, 27, 28, 29, 30, 31] sample=16/30
[scan] layers=[24, 25, 26, 27, 28, 29, 30, 31] sample=17/30
[scan] layers=[24, 25, 26, 27, 28, 29, 30, 31] sample=18/30
[scan] layers=[24, 25, 26, 27, 28, 29, 30, 31] sample=19/30
[scan] layers=[24, 25, 26, 27, 28, 29, 30, 31] sample=20/30
[scan] layers=[24, 25, 26, 27, 28, 29, 30, 31] sample=21/30
[scan] layers=[24, 25, 26, 27, 28, 29, 30, 31] sample=22/30
[scan] layers=[24, 25, 26, 27, 28, 29, 30, 31] sample=23/30
[scan] layers=[24, 25, 26, 27, 28, 29, 30, 31] sample=24/30
[scan] layers=[24, 25, 26, 27, 28, 29, 30, 31] sample=25/30
[scan] layers=[24, 25, 26, 27, 28, 29, 30, 31] sample=26/30
[scan] layers=[24, 25, 26, 27, 28, 29, 30, 31] sample=27/30
[scan] layers=[24, 25, 26, 27, 28, 29, 30, 31] sample=28/30
[scan] layers=[24, 25, 26, 27, 28, 29, 30, 31] sample=29/30
[scan] layers=[24, 25, 26, 27, 28, 29, 30, 31] sample=30/30
{"by": "S_lga_dot", "top1": 30}
[run] 2026-05-06 21:12:47 done
