started_at=2026-05-07 11:12:51
host=g07
NVIDIA A800 80GB PCIe, 81920 MiB, 0 MiB
===== LLaVA visual-hidden LGA full scan =====
Loading llava-v1.5-7b from "models/llava-v1.5-7b-hf".
Loading checkpoint shards:   0%|          | 0/3 [00:00<?, ?it/s]Loading checkpoint shards:  33%|███▎      | 1/3 [00:04<00:08,  4.01s/it]Loading checkpoint shards:  67%|██████▋   | 2/3 [00:07<00:03,  3.76s/it]Loading checkpoint shards: 100%|██████████| 3/3 [00:10<00:00,  3.43s/it]Loading checkpoint shards: 100%|██████████| 3/3 [00:10<00:00,  3.54s/it]
Some kwargs in processor config are unused and will not have any effect: patch_size, image_token, vision_feature_select_strategy, num_additional_image_tokens. 
Padding side is set as "right".
gradient_target=visual_token_hidden_state_h_vis_L
base_requires_grad_params=0
adapter_used=False
[visual-hidden] layer=0 path=language_model.model.layers.0
[scan] layer=0 sample=1/30
[scan] layer=0 sample=2/30
[scan] layer=0 sample=3/30
[scan] layer=0 sample=4/30
[scan] layer=0 sample=5/30
[scan] layer=0 sample=6/30
[scan] layer=0 sample=7/30
[scan] layer=0 sample=8/30
[scan] layer=0 sample=9/30
[scan] layer=0 sample=10/30
[scan] layer=0 sample=11/30
[scan] layer=0 sample=12/30
[scan] layer=0 sample=13/30
[scan] layer=0 sample=14/30
[scan] layer=0 sample=15/30
[scan] layer=0 sample=16/30
[scan] layer=0 sample=17/30
[scan] layer=0 sample=18/30
[scan] layer=0 sample=19/30
[scan] layer=0 sample=20/30
[scan] layer=0 sample=21/30
[scan] layer=0 sample=22/30
[scan] layer=0 sample=23/30
[scan] layer=0 sample=24/30
[scan] layer=0 sample=25/30
[scan] layer=0 sample=26/30
[scan] layer=0 sample=27/30
[scan] layer=0 sample=28/30
[scan] layer=0 sample=29/30
[scan] layer=0 sample=30/30
[visual-hidden] layer=1 path=language_model.model.layers.1
[scan] layer=1 sample=1/30
[scan] layer=1 sample=2/30
[scan] layer=1 sample=3/30
[scan] layer=1 sample=4/30
[scan] layer=1 sample=5/30
[scan] layer=1 sample=6/30
[scan] layer=1 sample=7/30
[scan] layer=1 sample=8/30
[scan] layer=1 sample=9/30
[scan] layer=1 sample=10/30
[scan] layer=1 sample=11/30
[scan] layer=1 sample=12/30
[scan] layer=1 sample=13/30
[scan] layer=1 sample=14/30
[scan] layer=1 sample=15/30
[scan] layer=1 sample=16/30
[scan] layer=1 sample=17/30
[scan] layer=1 sample=18/30
[scan] layer=1 sample=19/30
[scan] layer=1 sample=20/30
[scan] layer=1 sample=21/30
[scan] layer=1 sample=22/30
[scan] layer=1 sample=23/30
[scan] layer=1 sample=24/30
[scan] layer=1 sample=25/30
[scan] layer=1 sample=26/30
[scan] layer=1 sample=27/30
[scan] layer=1 sample=28/30
[scan] layer=1 sample=29/30
[scan] layer=1 sample=30/30
[visual-hidden] layer=2 path=language_model.model.layers.2
[scan] layer=2 sample=1/30
[scan] layer=2 sample=2/30
[scan] layer=2 sample=3/30
[scan] layer=2 sample=4/30
[scan] layer=2 sample=5/30
[scan] layer=2 sample=6/30
[scan] layer=2 sample=7/30
[scan] layer=2 sample=8/30
[scan] layer=2 sample=9/30
[scan] layer=2 sample=10/30
[scan] layer=2 sample=11/30
[scan] layer=2 sample=12/30
[scan] layer=2 sample=13/30
[scan] layer=2 sample=14/30
[scan] layer=2 sample=15/30
[scan] layer=2 sample=16/30
[scan] layer=2 sample=17/30
[scan] layer=2 sample=18/30
[scan] layer=2 sample=19/30
[scan] layer=2 sample=20/30
[scan] layer=2 sample=21/30
[scan] layer=2 sample=22/30
[scan] layer=2 sample=23/30
[scan] layer=2 sample=24/30
[scan] layer=2 sample=25/30
[scan] layer=2 sample=26/30
[scan] layer=2 sample=27/30
[scan] layer=2 sample=28/30
[scan] layer=2 sample=29/30
[scan] layer=2 sample=30/30
[visual-hidden] layer=3 path=language_model.model.layers.3
[scan] layer=3 sample=1/30
[scan] layer=3 sample=2/30
[scan] layer=3 sample=3/30
[scan] layer=3 sample=4/30
[scan] layer=3 sample=5/30
[scan] layer=3 sample=6/30
[scan] layer=3 sample=7/30
[scan] layer=3 sample=8/30
[scan] layer=3 sample=9/30
[scan] layer=3 sample=10/30
[scan] layer=3 sample=11/30
[scan] layer=3 sample=12/30
[scan] layer=3 sample=13/30
[scan] layer=3 sample=14/30
[scan] layer=3 sample=15/30
[scan] layer=3 sample=16/30
[scan] layer=3 sample=17/30
[scan] layer=3 sample=18/30
[scan] layer=3 sample=19/30
[scan] layer=3 sample=20/30
[scan] layer=3 sample=21/30
[scan] layer=3 sample=22/30
[scan] layer=3 sample=23/30
[scan] layer=3 sample=24/30
[scan] layer=3 sample=25/30
[scan] layer=3 sample=26/30
[scan] layer=3 sample=27/30
[scan] layer=3 sample=28/30
[scan] layer=3 sample=29/30
[scan] layer=3 sample=30/30
[visual-hidden] layer=4 path=language_model.model.layers.4
[scan] layer=4 sample=1/30
[scan] layer=4 sample=2/30
[scan] layer=4 sample=3/30
[scan] layer=4 sample=4/30
[scan] layer=4 sample=5/30
[scan] layer=4 sample=6/30
[scan] layer=4 sample=7/30
[scan] layer=4 sample=8/30
[scan] layer=4 sample=9/30
[scan] layer=4 sample=10/30
[scan] layer=4 sample=11/30
[scan] layer=4 sample=12/30
[scan] layer=4 sample=13/30
[scan] layer=4 sample=14/30
[scan] layer=4 sample=15/30
[scan] layer=4 sample=16/30
[scan] layer=4 sample=17/30
[scan] layer=4 sample=18/30
[scan] layer=4 sample=19/30
[scan] layer=4 sample=20/30
[scan] layer=4 sample=21/30
[scan] layer=4 sample=22/30
[scan] layer=4 sample=23/30
[scan] layer=4 sample=24/30
[scan] layer=4 sample=25/30
[scan] layer=4 sample=26/30
[scan] layer=4 sample=27/30
[scan] layer=4 sample=28/30
[scan] layer=4 sample=29/30
[scan] layer=4 sample=30/30
[visual-hidden] layer=5 path=language_model.model.layers.5
[scan] layer=5 sample=1/30
[scan] layer=5 sample=2/30
[scan] layer=5 sample=3/30
[scan] layer=5 sample=4/30
[scan] layer=5 sample=5/30
[scan] layer=5 sample=6/30
[scan] layer=5 sample=7/30
[scan] layer=5 sample=8/30
[scan] layer=5 sample=9/30
[scan] layer=5 sample=10/30
[scan] layer=5 sample=11/30
[scan] layer=5 sample=12/30
[scan] layer=5 sample=13/30
[scan] layer=5 sample=14/30
[scan] layer=5 sample=15/30
[scan] layer=5 sample=16/30
[scan] layer=5 sample=17/30
[scan] layer=5 sample=18/30
[scan] layer=5 sample=19/30
[scan] layer=5 sample=20/30
[scan] layer=5 sample=21/30
[scan] layer=5 sample=22/30
[scan] layer=5 sample=23/30
[scan] layer=5 sample=24/30
[scan] layer=5 sample=25/30
[scan] layer=5 sample=26/30
[scan] layer=5 sample=27/30
[scan] layer=5 sample=28/30
[scan] layer=5 sample=29/30
[scan] layer=5 sample=30/30
[visual-hidden] layer=6 path=language_model.model.layers.6
[scan] layer=6 sample=1/30
[scan] layer=6 sample=2/30
[scan] layer=6 sample=3/30
[scan] layer=6 sample=4/30
[scan] layer=6 sample=5/30
[scan] layer=6 sample=6/30
[scan] layer=6 sample=7/30
[scan] layer=6 sample=8/30
[scan] layer=6 sample=9/30
[scan] layer=6 sample=10/30
[scan] layer=6 sample=11/30
[scan] layer=6 sample=12/30
[scan] layer=6 sample=13/30
[scan] layer=6 sample=14/30
[scan] layer=6 sample=15/30
[scan] layer=6 sample=16/30
[scan] layer=6 sample=17/30
[scan] layer=6 sample=18/30
[scan] layer=6 sample=19/30
[scan] layer=6 sample=20/30
[scan] layer=6 sample=21/30
[scan] layer=6 sample=22/30
[scan] layer=6 sample=23/30
[scan] layer=6 sample=24/30
[scan] layer=6 sample=25/30
[scan] layer=6 sample=26/30
[scan] layer=6 sample=27/30
[scan] layer=6 sample=28/30
[scan] layer=6 sample=29/30
[scan] layer=6 sample=30/30
[visual-hidden] layer=7 path=language_model.model.layers.7
[scan] layer=7 sample=1/30
[scan] layer=7 sample=2/30
[scan] layer=7 sample=3/30
[scan] layer=7 sample=4/30
[scan] layer=7 sample=5/30
[scan] layer=7 sample=6/30
[scan] layer=7 sample=7/30
[scan] layer=7 sample=8/30
[scan] layer=7 sample=9/30
[scan] layer=7 sample=10/30
[scan] layer=7 sample=11/30
[scan] layer=7 sample=12/30
[scan] layer=7 sample=13/30
[scan] layer=7 sample=14/30
[scan] layer=7 sample=15/30
[scan] layer=7 sample=16/30
[scan] layer=7 sample=17/30
[scan] layer=7 sample=18/30
[scan] layer=7 sample=19/30
[scan] layer=7 sample=20/30
[scan] layer=7 sample=21/30
[scan] layer=7 sample=22/30
[scan] layer=7 sample=23/30
[scan] layer=7 sample=24/30
[scan] layer=7 sample=25/30
[scan] layer=7 sample=26/30
[scan] layer=7 sample=27/30
[scan] layer=7 sample=28/30
[scan] layer=7 sample=29/30
[scan] layer=7 sample=30/30
[visual-hidden] layer=8 path=language_model.model.layers.8
[scan] layer=8 sample=1/30
[scan] layer=8 sample=2/30
[scan] layer=8 sample=3/30
[scan] layer=8 sample=4/30
[scan] layer=8 sample=5/30
[scan] layer=8 sample=6/30
[scan] layer=8 sample=7/30
[scan] layer=8 sample=8/30
[scan] layer=8 sample=9/30
[scan] layer=8 sample=10/30
[scan] layer=8 sample=11/30
[scan] layer=8 sample=12/30
[scan] layer=8 sample=13/30
[scan] layer=8 sample=14/30
[scan] layer=8 sample=15/30
[scan] layer=8 sample=16/30
[scan] layer=8 sample=17/30
[scan] layer=8 sample=18/30
[scan] layer=8 sample=19/30
[scan] layer=8 sample=20/30
[scan] layer=8 sample=21/30
[scan] layer=8 sample=22/30
[scan] layer=8 sample=23/30
[scan] layer=8 sample=24/30
[scan] layer=8 sample=25/30
[scan] layer=8 sample=26/30
[scan] layer=8 sample=27/30
[scan] layer=8 sample=28/30
[scan] layer=8 sample=29/30
[scan] layer=8 sample=30/30
[visual-hidden] layer=9 path=language_model.model.layers.9
[scan] layer=9 sample=1/30
[scan] layer=9 sample=2/30
[scan] layer=9 sample=3/30
[scan] layer=9 sample=4/30
[scan] layer=9 sample=5/30
[scan] layer=9 sample=6/30
[scan] layer=9 sample=7/30
[scan] layer=9 sample=8/30
[scan] layer=9 sample=9/30
[scan] layer=9 sample=10/30
[scan] layer=9 sample=11/30
[scan] layer=9 sample=12/30
[scan] layer=9 sample=13/30
[scan] layer=9 sample=14/30
[scan] layer=9 sample=15/30
[scan] layer=9 sample=16/30
[scan] layer=9 sample=17/30
[scan] layer=9 sample=18/30
[scan] layer=9 sample=19/30
[scan] layer=9 sample=20/30
[scan] layer=9 sample=21/30
[scan] layer=9 sample=22/30
[scan] layer=9 sample=23/30
[scan] layer=9 sample=24/30
[scan] layer=9 sample=25/30
[scan] layer=9 sample=26/30
[scan] layer=9 sample=27/30
[scan] layer=9 sample=28/30
[scan] layer=9 sample=29/30
[scan] layer=9 sample=30/30
[visual-hidden] layer=10 path=language_model.model.layers.10
[scan] layer=10 sample=1/30
[scan] layer=10 sample=2/30
[scan] layer=10 sample=3/30
[scan] layer=10 sample=4/30
[scan] layer=10 sample=5/30
[scan] layer=10 sample=6/30
[scan] layer=10 sample=7/30
[scan] layer=10 sample=8/30
[scan] layer=10 sample=9/30
[scan] layer=10 sample=10/30
[scan] layer=10 sample=11/30
[scan] layer=10 sample=12/30
[scan] layer=10 sample=13/30
[scan] layer=10 sample=14/30
[scan] layer=10 sample=15/30
[scan] layer=10 sample=16/30
[scan] layer=10 sample=17/30
[scan] layer=10 sample=18/30
[scan] layer=10 sample=19/30
[scan] layer=10 sample=20/30
[scan] layer=10 sample=21/30
[scan] layer=10 sample=22/30
[scan] layer=10 sample=23/30
[scan] layer=10 sample=24/30
[scan] layer=10 sample=25/30
[scan] layer=10 sample=26/30
[scan] layer=10 sample=27/30
[scan] layer=10 sample=28/30
[scan] layer=10 sample=29/30
[scan] layer=10 sample=30/30
[visual-hidden] layer=11 path=language_model.model.layers.11
[scan] layer=11 sample=1/30
[scan] layer=11 sample=2/30
[scan] layer=11 sample=3/30
[scan] layer=11 sample=4/30
[scan] layer=11 sample=5/30
[scan] layer=11 sample=6/30
[scan] layer=11 sample=7/30
[scan] layer=11 sample=8/30
[scan] layer=11 sample=9/30
[scan] layer=11 sample=10/30
[scan] layer=11 sample=11/30
[scan] layer=11 sample=12/30
[scan] layer=11 sample=13/30
[scan] layer=11 sample=14/30
[scan] layer=11 sample=15/30
[scan] layer=11 sample=16/30
[scan] layer=11 sample=17/30
[scan] layer=11 sample=18/30
[scan] layer=11 sample=19/30
[scan] layer=11 sample=20/30
[scan] layer=11 sample=21/30
[scan] layer=11 sample=22/30
[scan] layer=11 sample=23/30
[scan] layer=11 sample=24/30
[scan] layer=11 sample=25/30
[scan] layer=11 sample=26/30
[scan] layer=11 sample=27/30
[scan] layer=11 sample=28/30
[scan] layer=11 sample=29/30
[scan] layer=11 sample=30/30
[visual-hidden] layer=12 path=language_model.model.layers.12
[scan] layer=12 sample=1/30
[scan] layer=12 sample=2/30
[scan] layer=12 sample=3/30
[scan] layer=12 sample=4/30
[scan] layer=12 sample=5/30
[scan] layer=12 sample=6/30
[scan] layer=12 sample=7/30
[scan] layer=12 sample=8/30
[scan] layer=12 sample=9/30
[scan] layer=12 sample=10/30
[scan] layer=12 sample=11/30
[scan] layer=12 sample=12/30
[scan] layer=12 sample=13/30
[scan] layer=12 sample=14/30
[scan] layer=12 sample=15/30
[scan] layer=12 sample=16/30
[scan] layer=12 sample=17/30
[scan] layer=12 sample=18/30
[scan] layer=12 sample=19/30
[scan] layer=12 sample=20/30
[scan] layer=12 sample=21/30
[scan] layer=12 sample=22/30
[scan] layer=12 sample=23/30
[scan] layer=12 sample=24/30
[scan] layer=12 sample=25/30
[scan] layer=12 sample=26/30
[scan] layer=12 sample=27/30
[scan] layer=12 sample=28/30
[scan] layer=12 sample=29/30
[scan] layer=12 sample=30/30
[visual-hidden] layer=13 path=language_model.model.layers.13
[scan] layer=13 sample=1/30
[scan] layer=13 sample=2/30
[scan] layer=13 sample=3/30
[scan] layer=13 sample=4/30
[scan] layer=13 sample=5/30
[scan] layer=13 sample=6/30
[scan] layer=13 sample=7/30
[scan] layer=13 sample=8/30
[scan] layer=13 sample=9/30
[scan] layer=13 sample=10/30
[scan] layer=13 sample=11/30
[scan] layer=13 sample=12/30
[scan] layer=13 sample=13/30
[scan] layer=13 sample=14/30
[scan] layer=13 sample=15/30
[scan] layer=13 sample=16/30
[scan] layer=13 sample=17/30
[scan] layer=13 sample=18/30
[scan] layer=13 sample=19/30
[scan] layer=13 sample=20/30
[scan] layer=13 sample=21/30
[scan] layer=13 sample=22/30
[scan] layer=13 sample=23/30
[scan] layer=13 sample=24/30
[scan] layer=13 sample=25/30
[scan] layer=13 sample=26/30
[scan] layer=13 sample=27/30
[scan] layer=13 sample=28/30
[scan] layer=13 sample=29/30
[scan] layer=13 sample=30/30
[visual-hidden] layer=14 path=language_model.model.layers.14
[scan] layer=14 sample=1/30
[scan] layer=14 sample=2/30
[scan] layer=14 sample=3/30
[scan] layer=14 sample=4/30
[scan] layer=14 sample=5/30
[scan] layer=14 sample=6/30
[scan] layer=14 sample=7/30
[scan] layer=14 sample=8/30
[scan] layer=14 sample=9/30
[scan] layer=14 sample=10/30
[scan] layer=14 sample=11/30
[scan] layer=14 sample=12/30
[scan] layer=14 sample=13/30
[scan] layer=14 sample=14/30
[scan] layer=14 sample=15/30
[scan] layer=14 sample=16/30
[scan] layer=14 sample=17/30
[scan] layer=14 sample=18/30
[scan] layer=14 sample=19/30
[scan] layer=14 sample=20/30
[scan] layer=14 sample=21/30
[scan] layer=14 sample=22/30
[scan] layer=14 sample=23/30
[scan] layer=14 sample=24/30
[scan] layer=14 sample=25/30
[scan] layer=14 sample=26/30
[scan] layer=14 sample=27/30
[scan] layer=14 sample=28/30
[scan] layer=14 sample=29/30
[scan] layer=14 sample=30/30
[visual-hidden] layer=15 path=language_model.model.layers.15
[scan] layer=15 sample=1/30
[scan] layer=15 sample=2/30
[scan] layer=15 sample=3/30
[scan] layer=15 sample=4/30
[scan] layer=15 sample=5/30
[scan] layer=15 sample=6/30
[scan] layer=15 sample=7/30
[scan] layer=15 sample=8/30
[scan] layer=15 sample=9/30
[scan] layer=15 sample=10/30
[scan] layer=15 sample=11/30
[scan] layer=15 sample=12/30
[scan] layer=15 sample=13/30
[scan] layer=15 sample=14/30
[scan] layer=15 sample=15/30
[scan] layer=15 sample=16/30
[scan] layer=15 sample=17/30
[scan] layer=15 sample=18/30
[scan] layer=15 sample=19/30
[scan] layer=15 sample=20/30
[scan] layer=15 sample=21/30
[scan] layer=15 sample=22/30
[scan] layer=15 sample=23/30
[scan] layer=15 sample=24/30
[scan] layer=15 sample=25/30
[scan] layer=15 sample=26/30
[scan] layer=15 sample=27/30
[scan] layer=15 sample=28/30
[scan] layer=15 sample=29/30
[scan] layer=15 sample=30/30
[visual-hidden] layer=16 path=language_model.model.layers.16
[scan] layer=16 sample=1/30
[scan] layer=16 sample=2/30
[scan] layer=16 sample=3/30
[scan] layer=16 sample=4/30
[scan] layer=16 sample=5/30
[scan] layer=16 sample=6/30
[scan] layer=16 sample=7/30
[scan] layer=16 sample=8/30
[scan] layer=16 sample=9/30
[scan] layer=16 sample=10/30
[scan] layer=16 sample=11/30
[scan] layer=16 sample=12/30
[scan] layer=16 sample=13/30
[scan] layer=16 sample=14/30
[scan] layer=16 sample=15/30
[scan] layer=16 sample=16/30
[scan] layer=16 sample=17/30
[scan] layer=16 sample=18/30
[scan] layer=16 sample=19/30
[scan] layer=16 sample=20/30
[scan] layer=16 sample=21/30
[scan] layer=16 sample=22/30
[scan] layer=16 sample=23/30
[scan] layer=16 sample=24/30
[scan] layer=16 sample=25/30
[scan] layer=16 sample=26/30
[scan] layer=16 sample=27/30
[scan] layer=16 sample=28/30
[scan] layer=16 sample=29/30
[scan] layer=16 sample=30/30
[visual-hidden] layer=17 path=language_model.model.layers.17
[scan] layer=17 sample=1/30
[scan] layer=17 sample=2/30
[scan] layer=17 sample=3/30
[scan] layer=17 sample=4/30
[scan] layer=17 sample=5/30
[scan] layer=17 sample=6/30
[scan] layer=17 sample=7/30
[scan] layer=17 sample=8/30
[scan] layer=17 sample=9/30
[scan] layer=17 sample=10/30
[scan] layer=17 sample=11/30
[scan] layer=17 sample=12/30
[scan] layer=17 sample=13/30
[scan] layer=17 sample=14/30
[scan] layer=17 sample=15/30
[scan] layer=17 sample=16/30
[scan] layer=17 sample=17/30
[scan] layer=17 sample=18/30
[scan] layer=17 sample=19/30
[scan] layer=17 sample=20/30
[scan] layer=17 sample=21/30
[scan] layer=17 sample=22/30
[scan] layer=17 sample=23/30
[scan] layer=17 sample=24/30
[scan] layer=17 sample=25/30
[scan] layer=17 sample=26/30
[scan] layer=17 sample=27/30
[scan] layer=17 sample=28/30
[scan] layer=17 sample=29/30
[scan] layer=17 sample=30/30
[visual-hidden] layer=18 path=language_model.model.layers.18
[scan] layer=18 sample=1/30
[scan] layer=18 sample=2/30
[scan] layer=18 sample=3/30
[scan] layer=18 sample=4/30
[scan] layer=18 sample=5/30
[scan] layer=18 sample=6/30
[scan] layer=18 sample=7/30
[scan] layer=18 sample=8/30
[scan] layer=18 sample=9/30
[scan] layer=18 sample=10/30
[scan] layer=18 sample=11/30
[scan] layer=18 sample=12/30
[scan] layer=18 sample=13/30
[scan] layer=18 sample=14/30
[scan] layer=18 sample=15/30
[scan] layer=18 sample=16/30
[scan] layer=18 sample=17/30
[scan] layer=18 sample=18/30
[scan] layer=18 sample=19/30
[scan] layer=18 sample=20/30
[scan] layer=18 sample=21/30
[scan] layer=18 sample=22/30
[scan] layer=18 sample=23/30
[scan] layer=18 sample=24/30
[scan] layer=18 sample=25/30
[scan] layer=18 sample=26/30
[scan] layer=18 sample=27/30
[scan] layer=18 sample=28/30
[scan] layer=18 sample=29/30
[scan] layer=18 sample=30/30
[visual-hidden] layer=19 path=language_model.model.layers.19
[scan] layer=19 sample=1/30
[scan] layer=19 sample=2/30
[scan] layer=19 sample=3/30
[scan] layer=19 sample=4/30
[scan] layer=19 sample=5/30
[scan] layer=19 sample=6/30
[scan] layer=19 sample=7/30
[scan] layer=19 sample=8/30
[scan] layer=19 sample=9/30
[scan] layer=19 sample=10/30
[scan] layer=19 sample=11/30
[scan] layer=19 sample=12/30
[scan] layer=19 sample=13/30
[scan] layer=19 sample=14/30
[scan] layer=19 sample=15/30
[scan] layer=19 sample=16/30
[scan] layer=19 sample=17/30
[scan] layer=19 sample=18/30
[scan] layer=19 sample=19/30
[scan] layer=19 sample=20/30
[scan] layer=19 sample=21/30
[scan] layer=19 sample=22/30
[scan] layer=19 sample=23/30
[scan] layer=19 sample=24/30
[scan] layer=19 sample=25/30
[scan] layer=19 sample=26/30
[scan] layer=19 sample=27/30
[scan] layer=19 sample=28/30
[scan] layer=19 sample=29/30
[scan] layer=19 sample=30/30
[visual-hidden] layer=20 path=language_model.model.layers.20
[scan] layer=20 sample=1/30
[scan] layer=20 sample=2/30
[scan] layer=20 sample=3/30
[scan] layer=20 sample=4/30
[scan] layer=20 sample=5/30
[scan] layer=20 sample=6/30
[scan] layer=20 sample=7/30
[scan] layer=20 sample=8/30
[scan] layer=20 sample=9/30
[scan] layer=20 sample=10/30
[scan] layer=20 sample=11/30
[scan] layer=20 sample=12/30
[scan] layer=20 sample=13/30
[scan] layer=20 sample=14/30
[scan] layer=20 sample=15/30
[scan] layer=20 sample=16/30
[scan] layer=20 sample=17/30
[scan] layer=20 sample=18/30
[scan] layer=20 sample=19/30
[scan] layer=20 sample=20/30
[scan] layer=20 sample=21/30
[scan] layer=20 sample=22/30
[scan] layer=20 sample=23/30
[scan] layer=20 sample=24/30
[scan] layer=20 sample=25/30
[scan] layer=20 sample=26/30
[scan] layer=20 sample=27/30
[scan] layer=20 sample=28/30
[scan] layer=20 sample=29/30
[scan] layer=20 sample=30/30
[visual-hidden] layer=21 path=language_model.model.layers.21
[scan] layer=21 sample=1/30
[scan] layer=21 sample=2/30
[scan] layer=21 sample=3/30
[scan] layer=21 sample=4/30
[scan] layer=21 sample=5/30
[scan] layer=21 sample=6/30
[scan] layer=21 sample=7/30
[scan] layer=21 sample=8/30
[scan] layer=21 sample=9/30
[scan] layer=21 sample=10/30
[scan] layer=21 sample=11/30
[scan] layer=21 sample=12/30
[scan] layer=21 sample=13/30
[scan] layer=21 sample=14/30
[scan] layer=21 sample=15/30
[scan] layer=21 sample=16/30
[scan] layer=21 sample=17/30
[scan] layer=21 sample=18/30
[scan] layer=21 sample=19/30
[scan] layer=21 sample=20/30
[scan] layer=21 sample=21/30
[scan] layer=21 sample=22/30
[scan] layer=21 sample=23/30
[scan] layer=21 sample=24/30
[scan] layer=21 sample=25/30
[scan] layer=21 sample=26/30
[scan] layer=21 sample=27/30
[scan] layer=21 sample=28/30
[scan] layer=21 sample=29/30
[scan] layer=21 sample=30/30
[visual-hidden] layer=22 path=language_model.model.layers.22
[scan] layer=22 sample=1/30
[scan] layer=22 sample=2/30
[scan] layer=22 sample=3/30
[scan] layer=22 sample=4/30
[scan] layer=22 sample=5/30
[scan] layer=22 sample=6/30
[scan] layer=22 sample=7/30
[scan] layer=22 sample=8/30
[scan] layer=22 sample=9/30
[scan] layer=22 sample=10/30
[scan] layer=22 sample=11/30
[scan] layer=22 sample=12/30
[scan] layer=22 sample=13/30
[scan] layer=22 sample=14/30
[scan] layer=22 sample=15/30
[scan] layer=22 sample=16/30
[scan] layer=22 sample=17/30
[scan] layer=22 sample=18/30
[scan] layer=22 sample=19/30
[scan] layer=22 sample=20/30
[scan] layer=22 sample=21/30
[scan] layer=22 sample=22/30
[scan] layer=22 sample=23/30
[scan] layer=22 sample=24/30
[scan] layer=22 sample=25/30
[scan] layer=22 sample=26/30
[scan] layer=22 sample=27/30
[scan] layer=22 sample=28/30
[scan] layer=22 sample=29/30
[scan] layer=22 sample=30/30
[visual-hidden] layer=23 path=language_model.model.layers.23
[scan] layer=23 sample=1/30
[scan] layer=23 sample=2/30
[scan] layer=23 sample=3/30
[scan] layer=23 sample=4/30
[scan] layer=23 sample=5/30
[scan] layer=23 sample=6/30
[scan] layer=23 sample=7/30
[scan] layer=23 sample=8/30
[scan] layer=23 sample=9/30
[scan] layer=23 sample=10/30
[scan] layer=23 sample=11/30
[scan] layer=23 sample=12/30
[scan] layer=23 sample=13/30
[scan] layer=23 sample=14/30
[scan] layer=23 sample=15/30
[scan] layer=23 sample=16/30
[scan] layer=23 sample=17/30
[scan] layer=23 sample=18/30
[scan] layer=23 sample=19/30
[scan] layer=23 sample=20/30
[scan] layer=23 sample=21/30
[scan] layer=23 sample=22/30
[scan] layer=23 sample=23/30
[scan] layer=23 sample=24/30
[scan] layer=23 sample=25/30
[scan] layer=23 sample=26/30
[scan] layer=23 sample=27/30
[scan] layer=23 sample=28/30
[scan] layer=23 sample=29/30
[scan] layer=23 sample=30/30
[visual-hidden] layer=24 path=language_model.model.layers.24
[scan] layer=24 sample=1/30
[scan] layer=24 sample=2/30
[scan] layer=24 sample=3/30
[scan] layer=24 sample=4/30
[scan] layer=24 sample=5/30
[scan] layer=24 sample=6/30
[scan] layer=24 sample=7/30
[scan] layer=24 sample=8/30
[scan] layer=24 sample=9/30
[scan] layer=24 sample=10/30
[scan] layer=24 sample=11/30
[scan] layer=24 sample=12/30
[scan] layer=24 sample=13/30
[scan] layer=24 sample=14/30
[scan] layer=24 sample=15/30
[scan] layer=24 sample=16/30
[scan] layer=24 sample=17/30
[scan] layer=24 sample=18/30
[scan] layer=24 sample=19/30
[scan] layer=24 sample=20/30
[scan] layer=24 sample=21/30
[scan] layer=24 sample=22/30
[scan] layer=24 sample=23/30
[scan] layer=24 sample=24/30
[scan] layer=24 sample=25/30
[scan] layer=24 sample=26/30
[scan] layer=24 sample=27/30
[scan] layer=24 sample=28/30
[scan] layer=24 sample=29/30
[scan] layer=24 sample=30/30
[visual-hidden] layer=25 path=language_model.model.layers.25
[scan] layer=25 sample=1/30
[scan] layer=25 sample=2/30
[scan] layer=25 sample=3/30
[scan] layer=25 sample=4/30
[scan] layer=25 sample=5/30
[scan] layer=25 sample=6/30
[scan] layer=25 sample=7/30
[scan] layer=25 sample=8/30
[scan] layer=25 sample=9/30
[scan] layer=25 sample=10/30
[scan] layer=25 sample=11/30
[scan] layer=25 sample=12/30
[scan] layer=25 sample=13/30
[scan] layer=25 sample=14/30
[scan] layer=25 sample=15/30
[scan] layer=25 sample=16/30
[scan] layer=25 sample=17/30
[scan] layer=25 sample=18/30
[scan] layer=25 sample=19/30
[scan] layer=25 sample=20/30
[scan] layer=25 sample=21/30
[scan] layer=25 sample=22/30
[scan] layer=25 sample=23/30
[scan] layer=25 sample=24/30
[scan] layer=25 sample=25/30
[scan] layer=25 sample=26/30
[scan] layer=25 sample=27/30
[scan] layer=25 sample=28/30
[scan] layer=25 sample=29/30
[scan] layer=25 sample=30/30
[visual-hidden] layer=26 path=language_model.model.layers.26
[scan] layer=26 sample=1/30
[scan] layer=26 sample=2/30
[scan] layer=26 sample=3/30
[scan] layer=26 sample=4/30
[scan] layer=26 sample=5/30
[scan] layer=26 sample=6/30
[scan] layer=26 sample=7/30
[scan] layer=26 sample=8/30
[scan] layer=26 sample=9/30
[scan] layer=26 sample=10/30
[scan] layer=26 sample=11/30
[scan] layer=26 sample=12/30
[scan] layer=26 sample=13/30
[scan] layer=26 sample=14/30
[scan] layer=26 sample=15/30
[scan] layer=26 sample=16/30
[scan] layer=26 sample=17/30
[scan] layer=26 sample=18/30
[scan] layer=26 sample=19/30
[scan] layer=26 sample=20/30
[scan] layer=26 sample=21/30
[scan] layer=26 sample=22/30
[scan] layer=26 sample=23/30
[scan] layer=26 sample=24/30
[scan] layer=26 sample=25/30
[scan] layer=26 sample=26/30
[scan] layer=26 sample=27/30
[scan] layer=26 sample=28/30
[scan] layer=26 sample=29/30
[scan] layer=26 sample=30/30
[visual-hidden] layer=27 path=language_model.model.layers.27
[scan] layer=27 sample=1/30
[scan] layer=27 sample=2/30
[scan] layer=27 sample=3/30
[scan] layer=27 sample=4/30
[scan] layer=27 sample=5/30
[scan] layer=27 sample=6/30
[scan] layer=27 sample=7/30
[scan] layer=27 sample=8/30
[scan] layer=27 sample=9/30
[scan] layer=27 sample=10/30
[scan] layer=27 sample=11/30
[scan] layer=27 sample=12/30
[scan] layer=27 sample=13/30
[scan] layer=27 sample=14/30
[scan] layer=27 sample=15/30
[scan] layer=27 sample=16/30
[scan] layer=27 sample=17/30
[scan] layer=27 sample=18/30
[scan] layer=27 sample=19/30
[scan] layer=27 sample=20/30
[scan] layer=27 sample=21/30
[scan] layer=27 sample=22/30
[scan] layer=27 sample=23/30
[scan] layer=27 sample=24/30
[scan] layer=27 sample=25/30
[scan] layer=27 sample=26/30
[scan] layer=27 sample=27/30
[scan] layer=27 sample=28/30
[scan] layer=27 sample=29/30
[scan] layer=27 sample=30/30
[visual-hidden] layer=28 path=language_model.model.layers.28
[scan] layer=28 sample=1/30
[scan] layer=28 sample=2/30
[scan] layer=28 sample=3/30
[scan] layer=28 sample=4/30
[scan] layer=28 sample=5/30
[scan] layer=28 sample=6/30
[scan] layer=28 sample=7/30
[scan] layer=28 sample=8/30
[scan] layer=28 sample=9/30
[scan] layer=28 sample=10/30
[scan] layer=28 sample=11/30
[scan] layer=28 sample=12/30
[scan] layer=28 sample=13/30
[scan] layer=28 sample=14/30
[scan] layer=28 sample=15/30
[scan] layer=28 sample=16/30
[scan] layer=28 sample=17/30
[scan] layer=28 sample=18/30
[scan] layer=28 sample=19/30
[scan] layer=28 sample=20/30
[scan] layer=28 sample=21/30
[scan] layer=28 sample=22/30
[scan] layer=28 sample=23/30
[scan] layer=28 sample=24/30
[scan] layer=28 sample=25/30
[scan] layer=28 sample=26/30
[scan] layer=28 sample=27/30
[scan] layer=28 sample=28/30
[scan] layer=28 sample=29/30
[scan] layer=28 sample=30/30
[visual-hidden] layer=29 path=language_model.model.layers.29
[scan] layer=29 sample=1/30
[scan] layer=29 sample=2/30
[scan] layer=29 sample=3/30
[scan] layer=29 sample=4/30
[scan] layer=29 sample=5/30
[scan] layer=29 sample=6/30
[scan] layer=29 sample=7/30
[scan] layer=29 sample=8/30
[scan] layer=29 sample=9/30
[scan] layer=29 sample=10/30
[scan] layer=29 sample=11/30
[scan] layer=29 sample=12/30
[scan] layer=29 sample=13/30
[scan] layer=29 sample=14/30
[scan] layer=29 sample=15/30
[scan] layer=29 sample=16/30
[scan] layer=29 sample=17/30
[scan] layer=29 sample=18/30
[scan] layer=29 sample=19/30
[scan] layer=29 sample=20/30
[scan] layer=29 sample=21/30
[scan] layer=29 sample=22/30
[scan] layer=29 sample=23/30
[scan] layer=29 sample=24/30
[scan] layer=29 sample=25/30
[scan] layer=29 sample=26/30
[scan] layer=29 sample=27/30
[scan] layer=29 sample=28/30
[scan] layer=29 sample=29/30
[scan] layer=29 sample=30/30
[visual-hidden] layer=30 path=language_model.model.layers.30
[scan] layer=30 sample=1/30
[scan] layer=30 sample=2/30
[scan] layer=30 sample=3/30
[scan] layer=30 sample=4/30
[scan] layer=30 sample=5/30
[scan] layer=30 sample=6/30
[scan] layer=30 sample=7/30
[scan] layer=30 sample=8/30
[scan] layer=30 sample=9/30
[scan] layer=30 sample=10/30
[scan] layer=30 sample=11/30
[scan] layer=30 sample=12/30
[scan] layer=30 sample=13/30
[scan] layer=30 sample=14/30
[scan] layer=30 sample=15/30
[scan] layer=30 sample=16/30
[scan] layer=30 sample=17/30
[scan] layer=30 sample=18/30
[scan] layer=30 sample=19/30
[scan] layer=30 sample=20/30
[scan] layer=30 sample=21/30
[scan] layer=30 sample=22/30
[scan] layer=30 sample=23/30
[scan] layer=30 sample=24/30
[scan] layer=30 sample=25/30
[scan] layer=30 sample=26/30
[scan] layer=30 sample=27/30
[scan] layer=30 sample=28/30
[scan] layer=30 sample=29/30
[scan] layer=30 sample=30/30
[visual-hidden] layer=31 path=language_model.model.layers.31
[scan] layer=31 sample=1/30
[scan] layer=31 sample=2/30
[scan] layer=31 sample=3/30
[scan] layer=31 sample=4/30
[scan] layer=31 sample=5/30
[scan] layer=31 sample=6/30
[scan] layer=31 sample=7/30
[scan] layer=31 sample=8/30
[scan] layer=31 sample=9/30
[scan] layer=31 sample=10/30
[scan] layer=31 sample=11/30
[scan] layer=31 sample=12/30
[scan] layer=31 sample=13/30
[scan] layer=31 sample=14/30
[scan] layer=31 sample=15/30
[scan] layer=31 sample=16/30
[scan] layer=31 sample=17/30
[scan] layer=31 sample=18/30
[scan] layer=31 sample=19/30
[scan] layer=31 sample=20/30
[scan] layer=31 sample=21/30
[scan] layer=31 sample=22/30
[scan] layer=31 sample=23/30
[scan] layer=31 sample=24/30
[scan] layer=31 sample=25/30
[scan] layer=31 sample=26/30
[scan] layer=31 sample=27/30
[scan] layer=31 sample=28/30
[scan] layer=31 sample=29/30
[scan] layer=31 sample=30/30
{"by": "S_vis_dot", "top1": 30}
llava_finished_at=2026-05-07 11:20:16
===== BLIP2 visual-hidden LGA full scan =====
Loading blip2-opt-2.7b from "models/blip2-opt-2.7b".
Loading checkpoint shards:   0%|          | 0/2 [00:00<?, ?it/s]Loading checkpoint shards:  50%|█████     | 1/2 [00:16<00:16, 16.88s/it]Loading checkpoint shards: 100%|██████████| 2/2 [00:25<00:00, 12.24s/it]Loading checkpoint shards: 100%|██████████| 2/2 [00:25<00:00, 12.94s/it]
Some kwargs in processor config are unused and will not have any effect: num_query_tokens. 
Padding side is set as "right".
gradient_target=visual_token_hidden_state_h_vis_L
base_requires_grad_params=0
adapter_used=False
[visual-hidden] layer=0 path=language_model.model.decoder.layers.0
[scan] layer=0 sample=1/30
[scan] layer=0 sample=2/30
[scan] layer=0 sample=3/30
[scan] layer=0 sample=4/30
[scan] layer=0 sample=5/30
[scan] layer=0 sample=6/30
[scan] layer=0 sample=7/30
[scan] layer=0 sample=8/30
[scan] layer=0 sample=9/30
[scan] layer=0 sample=10/30
[scan] layer=0 sample=11/30
[scan] layer=0 sample=12/30
[scan] layer=0 sample=13/30
[scan] layer=0 sample=14/30
[scan] layer=0 sample=15/30
[scan] layer=0 sample=16/30
[scan] layer=0 sample=17/30
[scan] layer=0 sample=18/30
[scan] layer=0 sample=19/30
[scan] layer=0 sample=20/30
[scan] layer=0 sample=21/30
[scan] layer=0 sample=22/30
[scan] layer=0 sample=23/30
[scan] layer=0 sample=24/30
[scan] layer=0 sample=25/30
[scan] layer=0 sample=26/30
[scan] layer=0 sample=27/30
[scan] layer=0 sample=28/30
[scan] layer=0 sample=29/30
[scan] layer=0 sample=30/30
[visual-hidden] layer=1 path=language_model.model.decoder.layers.1
[scan] layer=1 sample=1/30
[scan] layer=1 sample=2/30
[scan] layer=1 sample=3/30
[scan] layer=1 sample=4/30
[scan] layer=1 sample=5/30
[scan] layer=1 sample=6/30
[scan] layer=1 sample=7/30
[scan] layer=1 sample=8/30
[scan] layer=1 sample=9/30
[scan] layer=1 sample=10/30
[scan] layer=1 sample=11/30
[scan] layer=1 sample=12/30
[scan] layer=1 sample=13/30
[scan] layer=1 sample=14/30
[scan] layer=1 sample=15/30
[scan] layer=1 sample=16/30
[scan] layer=1 sample=17/30
[scan] layer=1 sample=18/30
[scan] layer=1 sample=19/30
[scan] layer=1 sample=20/30
[scan] layer=1 sample=21/30
[scan] layer=1 sample=22/30
[scan] layer=1 sample=23/30
[scan] layer=1 sample=24/30
[scan] layer=1 sample=25/30
[scan] layer=1 sample=26/30
[scan] layer=1 sample=27/30
[scan] layer=1 sample=28/30
[scan] layer=1 sample=29/30
[scan] layer=1 sample=30/30
[visual-hidden] layer=2 path=language_model.model.decoder.layers.2
[scan] layer=2 sample=1/30
[scan] layer=2 sample=2/30
[scan] layer=2 sample=3/30
[scan] layer=2 sample=4/30
[scan] layer=2 sample=5/30
[scan] layer=2 sample=6/30
[scan] layer=2 sample=7/30
[scan] layer=2 sample=8/30
[scan] layer=2 sample=9/30
[scan] layer=2 sample=10/30
[scan] layer=2 sample=11/30
[scan] layer=2 sample=12/30
[scan] layer=2 sample=13/30
[scan] layer=2 sample=14/30
[scan] layer=2 sample=15/30
[scan] layer=2 sample=16/30
[scan] layer=2 sample=17/30
[scan] layer=2 sample=18/30
[scan] layer=2 sample=19/30
[scan] layer=2 sample=20/30
[scan] layer=2 sample=21/30
[scan] layer=2 sample=22/30
[scan] layer=2 sample=23/30
[scan] layer=2 sample=24/30
[scan] layer=2 sample=25/30
[scan] layer=2 sample=26/30
[scan] layer=2 sample=27/30
[scan] layer=2 sample=28/30
[scan] layer=2 sample=29/30
[scan] layer=2 sample=30/30
[visual-hidden] layer=3 path=language_model.model.decoder.layers.3
[scan] layer=3 sample=1/30
[scan] layer=3 sample=2/30
[scan] layer=3 sample=3/30
[scan] layer=3 sample=4/30
[scan] layer=3 sample=5/30
[scan] layer=3 sample=6/30
[scan] layer=3 sample=7/30
[scan] layer=3 sample=8/30
[scan] layer=3 sample=9/30
[scan] layer=3 sample=10/30
[scan] layer=3 sample=11/30
[scan] layer=3 sample=12/30
[scan] layer=3 sample=13/30
[scan] layer=3 sample=14/30
[scan] layer=3 sample=15/30
[scan] layer=3 sample=16/30
[scan] layer=3 sample=17/30
[scan] layer=3 sample=18/30
[scan] layer=3 sample=19/30
[scan] layer=3 sample=20/30
[scan] layer=3 sample=21/30
[scan] layer=3 sample=22/30
[scan] layer=3 sample=23/30
[scan] layer=3 sample=24/30
[scan] layer=3 sample=25/30
[scan] layer=3 sample=26/30
[scan] layer=3 sample=27/30
[scan] layer=3 sample=28/30
[scan] layer=3 sample=29/30
[scan] layer=3 sample=30/30
[visual-hidden] layer=4 path=language_model.model.decoder.layers.4
[scan] layer=4 sample=1/30
[scan] layer=4 sample=2/30
[scan] layer=4 sample=3/30
[scan] layer=4 sample=4/30
[scan] layer=4 sample=5/30
[scan] layer=4 sample=6/30
[scan] layer=4 sample=7/30
[scan] layer=4 sample=8/30
[scan] layer=4 sample=9/30
[scan] layer=4 sample=10/30
[scan] layer=4 sample=11/30
[scan] layer=4 sample=12/30
[scan] layer=4 sample=13/30
[scan] layer=4 sample=14/30
[scan] layer=4 sample=15/30
[scan] layer=4 sample=16/30
[scan] layer=4 sample=17/30
[scan] layer=4 sample=18/30
[scan] layer=4 sample=19/30
[scan] layer=4 sample=20/30
[scan] layer=4 sample=21/30
[scan] layer=4 sample=22/30
[scan] layer=4 sample=23/30
[scan] layer=4 sample=24/30
[scan] layer=4 sample=25/30
[scan] layer=4 sample=26/30
[scan] layer=4 sample=27/30
[scan] layer=4 sample=28/30
[scan] layer=4 sample=29/30
[scan] layer=4 sample=30/30
[visual-hidden] layer=5 path=language_model.model.decoder.layers.5
[scan] layer=5 sample=1/30
[scan] layer=5 sample=2/30
[scan] layer=5 sample=3/30
[scan] layer=5 sample=4/30
[scan] layer=5 sample=5/30
[scan] layer=5 sample=6/30
[scan] layer=5 sample=7/30
[scan] layer=5 sample=8/30
[scan] layer=5 sample=9/30
[scan] layer=5 sample=10/30
[scan] layer=5 sample=11/30
[scan] layer=5 sample=12/30
[scan] layer=5 sample=13/30
[scan] layer=5 sample=14/30
[scan] layer=5 sample=15/30
[scan] layer=5 sample=16/30
[scan] layer=5 sample=17/30
[scan] layer=5 sample=18/30
[scan] layer=5 sample=19/30
[scan] layer=5 sample=20/30
[scan] layer=5 sample=21/30
[scan] layer=5 sample=22/30
[scan] layer=5 sample=23/30
[scan] layer=5 sample=24/30
[scan] layer=5 sample=25/30
[scan] layer=5 sample=26/30
[scan] layer=5 sample=27/30
[scan] layer=5 sample=28/30
[scan] layer=5 sample=29/30
[scan] layer=5 sample=30/30
[visual-hidden] layer=6 path=language_model.model.decoder.layers.6
[scan] layer=6 sample=1/30
[scan] layer=6 sample=2/30
[scan] layer=6 sample=3/30
[scan] layer=6 sample=4/30
[scan] layer=6 sample=5/30
[scan] layer=6 sample=6/30
[scan] layer=6 sample=7/30
[scan] layer=6 sample=8/30
[scan] layer=6 sample=9/30
[scan] layer=6 sample=10/30
[scan] layer=6 sample=11/30
[scan] layer=6 sample=12/30
[scan] layer=6 sample=13/30
[scan] layer=6 sample=14/30
[scan] layer=6 sample=15/30
[scan] layer=6 sample=16/30
[scan] layer=6 sample=17/30
[scan] layer=6 sample=18/30
[scan] layer=6 sample=19/30
[scan] layer=6 sample=20/30
[scan] layer=6 sample=21/30
[scan] layer=6 sample=22/30
[scan] layer=6 sample=23/30
[scan] layer=6 sample=24/30
[scan] layer=6 sample=25/30
[scan] layer=6 sample=26/30
[scan] layer=6 sample=27/30
[scan] layer=6 sample=28/30
[scan] layer=6 sample=29/30
[scan] layer=6 sample=30/30
[visual-hidden] layer=7 path=language_model.model.decoder.layers.7
[scan] layer=7 sample=1/30
[scan] layer=7 sample=2/30
[scan] layer=7 sample=3/30
[scan] layer=7 sample=4/30
[scan] layer=7 sample=5/30
[scan] layer=7 sample=6/30
[scan] layer=7 sample=7/30
[scan] layer=7 sample=8/30
[scan] layer=7 sample=9/30
[scan] layer=7 sample=10/30
[scan] layer=7 sample=11/30
[scan] layer=7 sample=12/30
[scan] layer=7 sample=13/30
[scan] layer=7 sample=14/30
[scan] layer=7 sample=15/30
[scan] layer=7 sample=16/30
[scan] layer=7 sample=17/30
[scan] layer=7 sample=18/30
[scan] layer=7 sample=19/30
[scan] layer=7 sample=20/30
[scan] layer=7 sample=21/30
[scan] layer=7 sample=22/30
[scan] layer=7 sample=23/30
[scan] layer=7 sample=24/30
[scan] layer=7 sample=25/30
[scan] layer=7 sample=26/30
[scan] layer=7 sample=27/30
[scan] layer=7 sample=28/30
[scan] layer=7 sample=29/30
[scan] layer=7 sample=30/30
[visual-hidden] layer=8 path=language_model.model.decoder.layers.8
[scan] layer=8 sample=1/30
[scan] layer=8 sample=2/30
[scan] layer=8 sample=3/30
[scan] layer=8 sample=4/30
[scan] layer=8 sample=5/30
[scan] layer=8 sample=6/30
[scan] layer=8 sample=7/30
[scan] layer=8 sample=8/30
[scan] layer=8 sample=9/30
[scan] layer=8 sample=10/30
[scan] layer=8 sample=11/30
[scan] layer=8 sample=12/30
[scan] layer=8 sample=13/30
[scan] layer=8 sample=14/30
[scan] layer=8 sample=15/30
[scan] layer=8 sample=16/30
[scan] layer=8 sample=17/30
[scan] layer=8 sample=18/30
[scan] layer=8 sample=19/30
[scan] layer=8 sample=20/30
[scan] layer=8 sample=21/30
[scan] layer=8 sample=22/30
[scan] layer=8 sample=23/30
[scan] layer=8 sample=24/30
[scan] layer=8 sample=25/30
[scan] layer=8 sample=26/30
[scan] layer=8 sample=27/30
[scan] layer=8 sample=28/30
[scan] layer=8 sample=29/30
[scan] layer=8 sample=30/30
[visual-hidden] layer=9 path=language_model.model.decoder.layers.9
[scan] layer=9 sample=1/30
[scan] layer=9 sample=2/30
[scan] layer=9 sample=3/30
[scan] layer=9 sample=4/30
[scan] layer=9 sample=5/30
[scan] layer=9 sample=6/30
[scan] layer=9 sample=7/30
[scan] layer=9 sample=8/30
[scan] layer=9 sample=9/30
[scan] layer=9 sample=10/30
[scan] layer=9 sample=11/30
[scan] layer=9 sample=12/30
[scan] layer=9 sample=13/30
[scan] layer=9 sample=14/30
[scan] layer=9 sample=15/30
[scan] layer=9 sample=16/30
[scan] layer=9 sample=17/30
[scan] layer=9 sample=18/30
[scan] layer=9 sample=19/30
[scan] layer=9 sample=20/30
[scan] layer=9 sample=21/30
[scan] layer=9 sample=22/30
[scan] layer=9 sample=23/30
[scan] layer=9 sample=24/30
[scan] layer=9 sample=25/30
[scan] layer=9 sample=26/30
[scan] layer=9 sample=27/30
[scan] layer=9 sample=28/30
[scan] layer=9 sample=29/30
[scan] layer=9 sample=30/30
[visual-hidden] layer=10 path=language_model.model.decoder.layers.10
[scan] layer=10 sample=1/30
[scan] layer=10 sample=2/30
[scan] layer=10 sample=3/30
[scan] layer=10 sample=4/30
[scan] layer=10 sample=5/30
[scan] layer=10 sample=6/30
[scan] layer=10 sample=7/30
[scan] layer=10 sample=8/30
[scan] layer=10 sample=9/30
[scan] layer=10 sample=10/30
[scan] layer=10 sample=11/30
[scan] layer=10 sample=12/30
[scan] layer=10 sample=13/30
[scan] layer=10 sample=14/30
[scan] layer=10 sample=15/30
[scan] layer=10 sample=16/30
[scan] layer=10 sample=17/30
[scan] layer=10 sample=18/30
[scan] layer=10 sample=19/30
[scan] layer=10 sample=20/30
[scan] layer=10 sample=21/30
[scan] layer=10 sample=22/30
[scan] layer=10 sample=23/30
[scan] layer=10 sample=24/30
[scan] layer=10 sample=25/30
[scan] layer=10 sample=26/30
[scan] layer=10 sample=27/30
[scan] layer=10 sample=28/30
[scan] layer=10 sample=29/30
[scan] layer=10 sample=30/30
[visual-hidden] layer=11 path=language_model.model.decoder.layers.11
[scan] layer=11 sample=1/30
[scan] layer=11 sample=2/30
[scan] layer=11 sample=3/30
[scan] layer=11 sample=4/30
[scan] layer=11 sample=5/30
[scan] layer=11 sample=6/30
[scan] layer=11 sample=7/30
[scan] layer=11 sample=8/30
[scan] layer=11 sample=9/30
[scan] layer=11 sample=10/30
[scan] layer=11 sample=11/30
[scan] layer=11 sample=12/30
[scan] layer=11 sample=13/30
[scan] layer=11 sample=14/30
[scan] layer=11 sample=15/30
[scan] layer=11 sample=16/30
[scan] layer=11 sample=17/30
[scan] layer=11 sample=18/30
[scan] layer=11 sample=19/30
[scan] layer=11 sample=20/30
[scan] layer=11 sample=21/30
[scan] layer=11 sample=22/30
[scan] layer=11 sample=23/30
[scan] layer=11 sample=24/30
[scan] layer=11 sample=25/30
[scan] layer=11 sample=26/30
[scan] layer=11 sample=27/30
[scan] layer=11 sample=28/30
[scan] layer=11 sample=29/30
[scan] layer=11 sample=30/30
[visual-hidden] layer=12 path=language_model.model.decoder.layers.12
[scan] layer=12 sample=1/30
[scan] layer=12 sample=2/30
[scan] layer=12 sample=3/30
[scan] layer=12 sample=4/30
[scan] layer=12 sample=5/30
[scan] layer=12 sample=6/30
[scan] layer=12 sample=7/30
[scan] layer=12 sample=8/30
[scan] layer=12 sample=9/30
[scan] layer=12 sample=10/30
[scan] layer=12 sample=11/30
[scan] layer=12 sample=12/30
[scan] layer=12 sample=13/30
[scan] layer=12 sample=14/30
[scan] layer=12 sample=15/30
[scan] layer=12 sample=16/30
[scan] layer=12 sample=17/30
[scan] layer=12 sample=18/30
[scan] layer=12 sample=19/30
[scan] layer=12 sample=20/30
[scan] layer=12 sample=21/30
[scan] layer=12 sample=22/30
[scan] layer=12 sample=23/30
[scan] layer=12 sample=24/30
[scan] layer=12 sample=25/30
[scan] layer=12 sample=26/30
[scan] layer=12 sample=27/30
[scan] layer=12 sample=28/30
[scan] layer=12 sample=29/30
[scan] layer=12 sample=30/30
[visual-hidden] layer=13 path=language_model.model.decoder.layers.13
[scan] layer=13 sample=1/30
[scan] layer=13 sample=2/30
[scan] layer=13 sample=3/30
[scan] layer=13 sample=4/30
[scan] layer=13 sample=5/30
[scan] layer=13 sample=6/30
[scan] layer=13 sample=7/30
[scan] layer=13 sample=8/30
[scan] layer=13 sample=9/30
[scan] layer=13 sample=10/30
[scan] layer=13 sample=11/30
[scan] layer=13 sample=12/30
[scan] layer=13 sample=13/30
[scan] layer=13 sample=14/30
[scan] layer=13 sample=15/30
[scan] layer=13 sample=16/30
[scan] layer=13 sample=17/30
[scan] layer=13 sample=18/30
[scan] layer=13 sample=19/30
[scan] layer=13 sample=20/30
[scan] layer=13 sample=21/30
[scan] layer=13 sample=22/30
[scan] layer=13 sample=23/30
[scan] layer=13 sample=24/30
[scan] layer=13 sample=25/30
[scan] layer=13 sample=26/30
[scan] layer=13 sample=27/30
[scan] layer=13 sample=28/30
[scan] layer=13 sample=29/30
[scan] layer=13 sample=30/30
[visual-hidden] layer=14 path=language_model.model.decoder.layers.14
[scan] layer=14 sample=1/30
[scan] layer=14 sample=2/30
[scan] layer=14 sample=3/30
[scan] layer=14 sample=4/30
[scan] layer=14 sample=5/30
[scan] layer=14 sample=6/30
[scan] layer=14 sample=7/30
[scan] layer=14 sample=8/30
[scan] layer=14 sample=9/30
[scan] layer=14 sample=10/30
[scan] layer=14 sample=11/30
[scan] layer=14 sample=12/30
[scan] layer=14 sample=13/30
[scan] layer=14 sample=14/30
[scan] layer=14 sample=15/30
[scan] layer=14 sample=16/30
[scan] layer=14 sample=17/30
[scan] layer=14 sample=18/30
[scan] layer=14 sample=19/30
[scan] layer=14 sample=20/30
[scan] layer=14 sample=21/30
[scan] layer=14 sample=22/30
[scan] layer=14 sample=23/30
[scan] layer=14 sample=24/30
[scan] layer=14 sample=25/30
[scan] layer=14 sample=26/30
[scan] layer=14 sample=27/30
[scan] layer=14 sample=28/30
[scan] layer=14 sample=29/30
[scan] layer=14 sample=30/30
[visual-hidden] layer=15 path=language_model.model.decoder.layers.15
[scan] layer=15 sample=1/30
[scan] layer=15 sample=2/30
[scan] layer=15 sample=3/30
[scan] layer=15 sample=4/30
[scan] layer=15 sample=5/30
[scan] layer=15 sample=6/30
[scan] layer=15 sample=7/30
[scan] layer=15 sample=8/30
[scan] layer=15 sample=9/30
[scan] layer=15 sample=10/30
[scan] layer=15 sample=11/30
[scan] layer=15 sample=12/30
[scan] layer=15 sample=13/30
[scan] layer=15 sample=14/30
[scan] layer=15 sample=15/30
[scan] layer=15 sample=16/30
[scan] layer=15 sample=17/30
[scan] layer=15 sample=18/30
[scan] layer=15 sample=19/30
[scan] layer=15 sample=20/30
[scan] layer=15 sample=21/30
[scan] layer=15 sample=22/30
[scan] layer=15 sample=23/30
[scan] layer=15 sample=24/30
[scan] layer=15 sample=25/30
[scan] layer=15 sample=26/30
[scan] layer=15 sample=27/30
[scan] layer=15 sample=28/30
[scan] layer=15 sample=29/30
[scan] layer=15 sample=30/30
[visual-hidden] layer=16 path=language_model.model.decoder.layers.16
[scan] layer=16 sample=1/30
[scan] layer=16 sample=2/30
[scan] layer=16 sample=3/30
[scan] layer=16 sample=4/30
[scan] layer=16 sample=5/30
[scan] layer=16 sample=6/30
[scan] layer=16 sample=7/30
[scan] layer=16 sample=8/30
[scan] layer=16 sample=9/30
[scan] layer=16 sample=10/30
[scan] layer=16 sample=11/30
[scan] layer=16 sample=12/30
[scan] layer=16 sample=13/30
[scan] layer=16 sample=14/30
[scan] layer=16 sample=15/30
[scan] layer=16 sample=16/30
[scan] layer=16 sample=17/30
[scan] layer=16 sample=18/30
[scan] layer=16 sample=19/30
[scan] layer=16 sample=20/30
[scan] layer=16 sample=21/30
[scan] layer=16 sample=22/30
[scan] layer=16 sample=23/30
[scan] layer=16 sample=24/30
[scan] layer=16 sample=25/30
[scan] layer=16 sample=26/30
[scan] layer=16 sample=27/30
[scan] layer=16 sample=28/30
[scan] layer=16 sample=29/30
[scan] layer=16 sample=30/30
[visual-hidden] layer=17 path=language_model.model.decoder.layers.17
[scan] layer=17 sample=1/30
[scan] layer=17 sample=2/30
[scan] layer=17 sample=3/30
[scan] layer=17 sample=4/30
[scan] layer=17 sample=5/30
[scan] layer=17 sample=6/30
[scan] layer=17 sample=7/30
[scan] layer=17 sample=8/30
[scan] layer=17 sample=9/30
[scan] layer=17 sample=10/30
[scan] layer=17 sample=11/30
[scan] layer=17 sample=12/30
[scan] layer=17 sample=13/30
[scan] layer=17 sample=14/30
[scan] layer=17 sample=15/30
[scan] layer=17 sample=16/30
[scan] layer=17 sample=17/30
[scan] layer=17 sample=18/30
[scan] layer=17 sample=19/30
[scan] layer=17 sample=20/30
[scan] layer=17 sample=21/30
[scan] layer=17 sample=22/30
[scan] layer=17 sample=23/30
[scan] layer=17 sample=24/30
[scan] layer=17 sample=25/30
[scan] layer=17 sample=26/30
[scan] layer=17 sample=27/30
[scan] layer=17 sample=28/30
[scan] layer=17 sample=29/30
[scan] layer=17 sample=30/30
[visual-hidden] layer=18 path=language_model.model.decoder.layers.18
[scan] layer=18 sample=1/30
[scan] layer=18 sample=2/30
[scan] layer=18 sample=3/30
[scan] layer=18 sample=4/30
[scan] layer=18 sample=5/30
[scan] layer=18 sample=6/30
[scan] layer=18 sample=7/30
[scan] layer=18 sample=8/30
[scan] layer=18 sample=9/30
[scan] layer=18 sample=10/30
[scan] layer=18 sample=11/30
[scan] layer=18 sample=12/30
[scan] layer=18 sample=13/30
[scan] layer=18 sample=14/30
[scan] layer=18 sample=15/30
[scan] layer=18 sample=16/30
[scan] layer=18 sample=17/30
[scan] layer=18 sample=18/30
[scan] layer=18 sample=19/30
[scan] layer=18 sample=20/30
[scan] layer=18 sample=21/30
[scan] layer=18 sample=22/30
[scan] layer=18 sample=23/30
[scan] layer=18 sample=24/30
[scan] layer=18 sample=25/30
[scan] layer=18 sample=26/30
[scan] layer=18 sample=27/30
[scan] layer=18 sample=28/30
[scan] layer=18 sample=29/30
[scan] layer=18 sample=30/30
[visual-hidden] layer=19 path=language_model.model.decoder.layers.19
[scan] layer=19 sample=1/30
[scan] layer=19 sample=2/30
[scan] layer=19 sample=3/30
[scan] layer=19 sample=4/30
[scan] layer=19 sample=5/30
[scan] layer=19 sample=6/30
[scan] layer=19 sample=7/30
[scan] layer=19 sample=8/30
[scan] layer=19 sample=9/30
[scan] layer=19 sample=10/30
[scan] layer=19 sample=11/30
[scan] layer=19 sample=12/30
[scan] layer=19 sample=13/30
[scan] layer=19 sample=14/30
[scan] layer=19 sample=15/30
[scan] layer=19 sample=16/30
[scan] layer=19 sample=17/30
[scan] layer=19 sample=18/30
[scan] layer=19 sample=19/30
[scan] layer=19 sample=20/30
[scan] layer=19 sample=21/30
[scan] layer=19 sample=22/30
[scan] layer=19 sample=23/30
[scan] layer=19 sample=24/30
[scan] layer=19 sample=25/30
[scan] layer=19 sample=26/30
[scan] layer=19 sample=27/30
[scan] layer=19 sample=28/30
[scan] layer=19 sample=29/30
[scan] layer=19 sample=30/30
[visual-hidden] layer=20 path=language_model.model.decoder.layers.20
[scan] layer=20 sample=1/30
[scan] layer=20 sample=2/30
[scan] layer=20 sample=3/30
[scan] layer=20 sample=4/30
[scan] layer=20 sample=5/30
[scan] layer=20 sample=6/30
[scan] layer=20 sample=7/30
[scan] layer=20 sample=8/30
[scan] layer=20 sample=9/30
[scan] layer=20 sample=10/30
[scan] layer=20 sample=11/30
[scan] layer=20 sample=12/30
[scan] layer=20 sample=13/30
[scan] layer=20 sample=14/30
[scan] layer=20 sample=15/30
[scan] layer=20 sample=16/30
[scan] layer=20 sample=17/30
[scan] layer=20 sample=18/30
[scan] layer=20 sample=19/30
[scan] layer=20 sample=20/30
[scan] layer=20 sample=21/30
[scan] layer=20 sample=22/30
[scan] layer=20 sample=23/30
[scan] layer=20 sample=24/30
[scan] layer=20 sample=25/30
[scan] layer=20 sample=26/30
[scan] layer=20 sample=27/30
[scan] layer=20 sample=28/30
[scan] layer=20 sample=29/30
[scan] layer=20 sample=30/30
[visual-hidden] layer=21 path=language_model.model.decoder.layers.21
[scan] layer=21 sample=1/30
[scan] layer=21 sample=2/30
[scan] layer=21 sample=3/30
[scan] layer=21 sample=4/30
[scan] layer=21 sample=5/30
[scan] layer=21 sample=6/30
[scan] layer=21 sample=7/30
[scan] layer=21 sample=8/30
[scan] layer=21 sample=9/30
[scan] layer=21 sample=10/30
[scan] layer=21 sample=11/30
[scan] layer=21 sample=12/30
[scan] layer=21 sample=13/30
[scan] layer=21 sample=14/30
[scan] layer=21 sample=15/30
[scan] layer=21 sample=16/30
[scan] layer=21 sample=17/30
[scan] layer=21 sample=18/30
[scan] layer=21 sample=19/30
[scan] layer=21 sample=20/30
[scan] layer=21 sample=21/30
[scan] layer=21 sample=22/30
[scan] layer=21 sample=23/30
[scan] layer=21 sample=24/30
[scan] layer=21 sample=25/30
[scan] layer=21 sample=26/30
[scan] layer=21 sample=27/30
[scan] layer=21 sample=28/30
[scan] layer=21 sample=29/30
[scan] layer=21 sample=30/30
[visual-hidden] layer=22 path=language_model.model.decoder.layers.22
[scan] layer=22 sample=1/30
[scan] layer=22 sample=2/30
[scan] layer=22 sample=3/30
[scan] layer=22 sample=4/30
[scan] layer=22 sample=5/30
[scan] layer=22 sample=6/30
[scan] layer=22 sample=7/30
[scan] layer=22 sample=8/30
[scan] layer=22 sample=9/30
[scan] layer=22 sample=10/30
[scan] layer=22 sample=11/30
[scan] layer=22 sample=12/30
[scan] layer=22 sample=13/30
[scan] layer=22 sample=14/30
[scan] layer=22 sample=15/30
[scan] layer=22 sample=16/30
[scan] layer=22 sample=17/30
[scan] layer=22 sample=18/30
[scan] layer=22 sample=19/30
[scan] layer=22 sample=20/30
[scan] layer=22 sample=21/30
[scan] layer=22 sample=22/30
[scan] layer=22 sample=23/30
[scan] layer=22 sample=24/30
[scan] layer=22 sample=25/30
[scan] layer=22 sample=26/30
[scan] layer=22 sample=27/30
[scan] layer=22 sample=28/30
[scan] layer=22 sample=29/30
[scan] layer=22 sample=30/30
[visual-hidden] layer=23 path=language_model.model.decoder.layers.23
[scan] layer=23 sample=1/30
[scan] layer=23 sample=2/30
[scan] layer=23 sample=3/30
[scan] layer=23 sample=4/30
[scan] layer=23 sample=5/30
[scan] layer=23 sample=6/30
[scan] layer=23 sample=7/30
[scan] layer=23 sample=8/30
[scan] layer=23 sample=9/30
[scan] layer=23 sample=10/30
[scan] layer=23 sample=11/30
[scan] layer=23 sample=12/30
[scan] layer=23 sample=13/30
[scan] layer=23 sample=14/30
[scan] layer=23 sample=15/30
[scan] layer=23 sample=16/30
[scan] layer=23 sample=17/30
[scan] layer=23 sample=18/30
[scan] layer=23 sample=19/30
[scan] layer=23 sample=20/30
[scan] layer=23 sample=21/30
[scan] layer=23 sample=22/30
[scan] layer=23 sample=23/30
[scan] layer=23 sample=24/30
[scan] layer=23 sample=25/30
[scan] layer=23 sample=26/30
[scan] layer=23 sample=27/30
[scan] layer=23 sample=28/30
[scan] layer=23 sample=29/30
[scan] layer=23 sample=30/30
[visual-hidden] layer=24 path=language_model.model.decoder.layers.24
[scan] layer=24 sample=1/30
[scan] layer=24 sample=2/30
[scan] layer=24 sample=3/30
[scan] layer=24 sample=4/30
[scan] layer=24 sample=5/30
[scan] layer=24 sample=6/30
[scan] layer=24 sample=7/30
[scan] layer=24 sample=8/30
[scan] layer=24 sample=9/30
[scan] layer=24 sample=10/30
[scan] layer=24 sample=11/30
[scan] layer=24 sample=12/30
[scan] layer=24 sample=13/30
[scan] layer=24 sample=14/30
[scan] layer=24 sample=15/30
[scan] layer=24 sample=16/30
[scan] layer=24 sample=17/30
[scan] layer=24 sample=18/30
[scan] layer=24 sample=19/30
[scan] layer=24 sample=20/30
[scan] layer=24 sample=21/30
[scan] layer=24 sample=22/30
[scan] layer=24 sample=23/30
[scan] layer=24 sample=24/30
[scan] layer=24 sample=25/30
[scan] layer=24 sample=26/30
[scan] layer=24 sample=27/30
[scan] layer=24 sample=28/30
[scan] layer=24 sample=29/30
[scan] layer=24 sample=30/30
[visual-hidden] layer=25 path=language_model.model.decoder.layers.25
[scan] layer=25 sample=1/30
[scan] layer=25 sample=2/30
[scan] layer=25 sample=3/30
[scan] layer=25 sample=4/30
[scan] layer=25 sample=5/30
[scan] layer=25 sample=6/30
[scan] layer=25 sample=7/30
[scan] layer=25 sample=8/30
[scan] layer=25 sample=9/30
[scan] layer=25 sample=10/30
[scan] layer=25 sample=11/30
[scan] layer=25 sample=12/30
[scan] layer=25 sample=13/30
[scan] layer=25 sample=14/30
[scan] layer=25 sample=15/30
[scan] layer=25 sample=16/30
[scan] layer=25 sample=17/30
[scan] layer=25 sample=18/30
[scan] layer=25 sample=19/30
[scan] layer=25 sample=20/30
[scan] layer=25 sample=21/30
[scan] layer=25 sample=22/30
[scan] layer=25 sample=23/30
[scan] layer=25 sample=24/30
[scan] layer=25 sample=25/30
[scan] layer=25 sample=26/30
[scan] layer=25 sample=27/30
[scan] layer=25 sample=28/30
[scan] layer=25 sample=29/30
[scan] layer=25 sample=30/30
[visual-hidden] layer=26 path=language_model.model.decoder.layers.26
[scan] layer=26 sample=1/30
[scan] layer=26 sample=2/30
[scan] layer=26 sample=3/30
[scan] layer=26 sample=4/30
[scan] layer=26 sample=5/30
[scan] layer=26 sample=6/30
[scan] layer=26 sample=7/30
[scan] layer=26 sample=8/30
[scan] layer=26 sample=9/30
[scan] layer=26 sample=10/30
[scan] layer=26 sample=11/30
[scan] layer=26 sample=12/30
[scan] layer=26 sample=13/30
[scan] layer=26 sample=14/30
[scan] layer=26 sample=15/30
[scan] layer=26 sample=16/30
[scan] layer=26 sample=17/30
[scan] layer=26 sample=18/30
[scan] layer=26 sample=19/30
[scan] layer=26 sample=20/30
[scan] layer=26 sample=21/30
[scan] layer=26 sample=22/30
[scan] layer=26 sample=23/30
[scan] layer=26 sample=24/30
[scan] layer=26 sample=25/30
[scan] layer=26 sample=26/30
[scan] layer=26 sample=27/30
[scan] layer=26 sample=28/30
[scan] layer=26 sample=29/30
[scan] layer=26 sample=30/30
[visual-hidden] layer=27 path=language_model.model.decoder.layers.27
[scan] layer=27 sample=1/30
[scan] layer=27 sample=2/30
[scan] layer=27 sample=3/30
[scan] layer=27 sample=4/30
[scan] layer=27 sample=5/30
[scan] layer=27 sample=6/30
[scan] layer=27 sample=7/30
[scan] layer=27 sample=8/30
[scan] layer=27 sample=9/30
[scan] layer=27 sample=10/30
[scan] layer=27 sample=11/30
[scan] layer=27 sample=12/30
[scan] layer=27 sample=13/30
[scan] layer=27 sample=14/30
[scan] layer=27 sample=15/30
[scan] layer=27 sample=16/30
[scan] layer=27 sample=17/30
[scan] layer=27 sample=18/30
[scan] layer=27 sample=19/30
[scan] layer=27 sample=20/30
[scan] layer=27 sample=21/30
[scan] layer=27 sample=22/30
[scan] layer=27 sample=23/30
[scan] layer=27 sample=24/30
[scan] layer=27 sample=25/30
[scan] layer=27 sample=26/30
[scan] layer=27 sample=27/30
[scan] layer=27 sample=28/30
[scan] layer=27 sample=29/30
[scan] layer=27 sample=30/30
[visual-hidden] layer=28 path=language_model.model.decoder.layers.28
[scan] layer=28 sample=1/30
[scan] layer=28 sample=2/30
[scan] layer=28 sample=3/30
[scan] layer=28 sample=4/30
[scan] layer=28 sample=5/30
[scan] layer=28 sample=6/30
[scan] layer=28 sample=7/30
[scan] layer=28 sample=8/30
[scan] layer=28 sample=9/30
[scan] layer=28 sample=10/30
[scan] layer=28 sample=11/30
[scan] layer=28 sample=12/30
[scan] layer=28 sample=13/30
[scan] layer=28 sample=14/30
[scan] layer=28 sample=15/30
[scan] layer=28 sample=16/30
[scan] layer=28 sample=17/30
[scan] layer=28 sample=18/30
[scan] layer=28 sample=19/30
[scan] layer=28 sample=20/30
[scan] layer=28 sample=21/30
[scan] layer=28 sample=22/30
[scan] layer=28 sample=23/30
[scan] layer=28 sample=24/30
[scan] layer=28 sample=25/30
[scan] layer=28 sample=26/30
[scan] layer=28 sample=27/30
[scan] layer=28 sample=28/30
[scan] layer=28 sample=29/30
[scan] layer=28 sample=30/30
[visual-hidden] layer=29 path=language_model.model.decoder.layers.29
[scan] layer=29 sample=1/30
[scan] layer=29 sample=2/30
[scan] layer=29 sample=3/30
[scan] layer=29 sample=4/30
[scan] layer=29 sample=5/30
[scan] layer=29 sample=6/30
[scan] layer=29 sample=7/30
[scan] layer=29 sample=8/30
[scan] layer=29 sample=9/30
[scan] layer=29 sample=10/30
[scan] layer=29 sample=11/30
[scan] layer=29 sample=12/30
[scan] layer=29 sample=13/30
[scan] layer=29 sample=14/30
[scan] layer=29 sample=15/30
[scan] layer=29 sample=16/30
[scan] layer=29 sample=17/30
[scan] layer=29 sample=18/30
[scan] layer=29 sample=19/30
[scan] layer=29 sample=20/30
[scan] layer=29 sample=21/30
[scan] layer=29 sample=22/30
[scan] layer=29 sample=23/30
[scan] layer=29 sample=24/30
[scan] layer=29 sample=25/30
[scan] layer=29 sample=26/30
[scan] layer=29 sample=27/30
[scan] layer=29 sample=28/30
[scan] layer=29 sample=29/30
[scan] layer=29 sample=30/30
[visual-hidden] layer=30 path=language_model.model.decoder.layers.30
[scan] layer=30 sample=1/30
[scan] layer=30 sample=2/30
[scan] layer=30 sample=3/30
[scan] layer=30 sample=4/30
[scan] layer=30 sample=5/30
[scan] layer=30 sample=6/30
[scan] layer=30 sample=7/30
[scan] layer=30 sample=8/30
[scan] layer=30 sample=9/30
[scan] layer=30 sample=10/30
[scan] layer=30 sample=11/30
[scan] layer=30 sample=12/30
[scan] layer=30 sample=13/30
[scan] layer=30 sample=14/30
[scan] layer=30 sample=15/30
[scan] layer=30 sample=16/30
[scan] layer=30 sample=17/30
[scan] layer=30 sample=18/30
[scan] layer=30 sample=19/30
[scan] layer=30 sample=20/30
[scan] layer=30 sample=21/30
[scan] layer=30 sample=22/30
[scan] layer=30 sample=23/30
[scan] layer=30 sample=24/30
[scan] layer=30 sample=25/30
[scan] layer=30 sample=26/30
[scan] layer=30 sample=27/30
[scan] layer=30 sample=28/30
[scan] layer=30 sample=29/30
[scan] layer=30 sample=30/30
[visual-hidden] layer=31 path=language_model.model.decoder.layers.31
[scan] layer=31 sample=1/30
[scan] layer=31 sample=2/30
[scan] layer=31 sample=3/30
[scan] layer=31 sample=4/30
[scan] layer=31 sample=5/30
[scan] layer=31 sample=6/30
[scan] layer=31 sample=7/30
[scan] layer=31 sample=8/30
[scan] layer=31 sample=9/30
[scan] layer=31 sample=10/30
[scan] layer=31 sample=11/30
[scan] layer=31 sample=12/30
[scan] layer=31 sample=13/30
[scan] layer=31 sample=14/30
[scan] layer=31 sample=15/30
[scan] layer=31 sample=16/30
[scan] layer=31 sample=17/30
[scan] layer=31 sample=18/30
[scan] layer=31 sample=19/30
[scan] layer=31 sample=20/30
[scan] layer=31 sample=21/30
[scan] layer=31 sample=22/30
[scan] layer=31 sample=23/30
[scan] layer=31 sample=24/30
[scan] layer=31 sample=25/30
[scan] layer=31 sample=26/30
[scan] layer=31 sample=27/30
[scan] layer=31 sample=28/30
[scan] layer=31 sample=29/30
[scan] layer=31 sample=30/30
{"by": "S_vis_dot", "top1": 30}
finished_at=2026-05-07 11:26:13
