[2026-05-08 15:38:59] Local watcher started. BridgeHost=bridge-server GpuHost=g07 OutRoot=/datapool/home/ph_teacher3/Lwy/zhounan/Visedit2/server_results/bridge_request_only_layer_sweep/llava
[2026-05-08 15:39:01] Still running.
[2026-05-08 15:39:04] Still running.
[2026-05-08 15:39:07] Still running.
[2026-05-08 15:39:10] Still running.
[2026-05-08 15:39:13] Still running.
[2026-05-08 15:39:17] Still running.
[2026-05-08 15:39:20] Still running.
[2026-05-08 15:39:23] Still running.
[2026-05-08 15:39:26] Still running.
[2026-05-08 15:39:29] Still running.
[2026-05-08 15:39:31] Local watcher started. BridgeHost=bridge-server GpuHost=g07 OutRoot=/datapool/home/ph_teacher3/Lwy/zhounan/Visedit2/server_results/bridge_request_only_layer_sweep/llava
[2026-05-08 15:39:32] Still running.
[2026-05-08 15:39:33] Still running.
[2026-05-08 15:39:35] Still running.
[2026-05-08 15:39:39] Still running.
[2026-05-08 15:39:42] Still running.
[2026-05-08 15:39:45] Still running.
[2026-05-08 16:09:35] Still running.
[2026-05-08 16:39:38] Still running.
[2026-05-08 17:09:40] Still running.
[2026-05-08 17:39:42] Still running.
[2026-05-08 18:09:47] Still running.
[2026-05-08 18:39:49] Still running.
[2026-05-08 19:09:51] Still running.
[2026-05-08 19:39:53] Still running.
[2026-05-08 20:09:55] Still running.
[2026-05-08 20:39:57] Still running.
[2026-05-08 21:10:03] Still running.
[2026-05-08 21:40:05] Still running.
[2026-05-08 22:10:08] Still running.
[2026-05-08 22:40:10] Still running.
[2026-05-08 23:10:12] Still running.
[2026-05-08 23:40:14] Still running.
[2026-05-09 00:10:16] Still running.
[2026-05-09 00:40:18] Still running.
[2026-05-09 01:10:20] Still running.
[2026-05-09 01:40:22] Still running.
[2026-05-09 02:10:24] Still running.
[2026-05-09 02:40:26] Still running.
[2026-05-09 03:10:28] Still running.
[2026-05-09 03:40:30] Still running.
[2026-05-09 04:10:32] Still running.
[2026-05-09 04:40:34] Still running.
[2026-05-09 05:10:36] Still running.
[2026-05-09 05:40:38] Still running.
[2026-05-09 06:10:40] Still running.
[2026-05-09 06:40:42] Still running.
[2026-05-09 07:10:44] Still running.
[2026-05-09 07:40:46] Still running.
[2026-05-09 08:10:48] Still running.
[2026-05-09 08:40:50] Still running.
[2026-05-09 09:10:52] Still running.
[2026-05-09 09:40:54] Still running.
[2026-05-09 10:10:56] Still running.
[2026-05-09 10:25:06] Local watcher started. BridgeHost=bridge-server GpuHost=g07 OutRoot=/datapool/home/ph_teacher3/Lwy/zhounan/Visedit2/server_results/bridge_request_only_layer_sweep/llava
[2026-05-09 10:25:08] Still running.
[2026-05-09 10:55:10] Still running.
[2026-05-09 11:25:12] Still running.
[2026-05-09 11:55:14] Still running.
[2026-05-09 12:25:16] Still running.
[2026-05-09 12:55:18] Still running.
[2026-05-09 13:25:20] Still running.
[2026-05-09 13:55:22] Still running.
[2026-05-09 14:25:24] Still running.
[2026-05-09 14:55:26] Still running.
[2026-05-09 15:25:29] Still running.
[2026-05-09 15:55:34] Still running.
[2026-05-09 16:25:37] Still running.
[2026-05-09 16:55:40] Still running.
[2026-05-09 17:25:42] Still running.
[2026-05-09 17:55:45] Still running.
[2026-05-09 18:25:47] Still running.
[2026-05-09 18:55:49] Still running.
[2026-05-09 19:25:51] Still running.
[2026-05-09 19:55:53] Still running.
[2026-05-09 20:25:56] Still running.
[2026-05-09 20:55:58] Still running.
[2026-05-09 21:26:02] Still running.
[2026-05-09 21:56:05] Still running.
[2026-05-09 22:26:07] Still running.
[2026-05-09 22:56:09] Still running.
[2026-05-09 23:26:11] Still running.
[2026-05-09 23:56:13] Still running.
[2026-05-10 00:26:16] Still running.
[2026-05-10 00:56:18] Still running.
[2026-05-10 01:26:21] Still running.
[2026-05-10 01:56:24] Still running.
[2026-05-10 02:26:26] Still running.
[2026-05-10 02:56:28] Still running.
[2026-05-10 03:26:30] Still running.
[2026-05-10 03:56:32] Still running.
[2026-05-10 04:26:34] Still running.
[2026-05-10 04:56:37] Still running.
[2026-05-10 05:26:39] Still running.
[2026-05-10 05:56:42] Still running.
[2026-05-10 06:26:44] Still running.
[2026-05-10 06:56:47] Still running.
[2026-05-10 08:33:52] Still running.
[2026-05-10 09:03:55] Still running.
[2026-05-10 09:33:58] Still running.
[2026-05-10 10:04:00] Still running.
[2026-05-10 10:34:02] Still running.
[2026-05-10 11:04:05] Still running.
[2026-05-10 11:34:07] Still running.
[2026-05-10 12:04:09] Still running.
[2026-05-10 12:34:11] Still running.
[2026-05-10 13:04:13] Still running.
[2026-05-10 13:34:16] Still running.
[2026-05-10 14:04:19] Still running.
[2026-05-10 14:34:22] Still running.
[2026-05-10 15:04:24] Still running.
[2026-05-10 15:34:27] Still running.
[2026-05-10 16:04:30] Still running.
[2026-05-10 16:34:32] Still running.
[2026-05-10 17:04:34] Still running.
[2026-05-10 17:34:36] Still running.
[2026-05-10 18:04:39] Still running.
[2026-05-10 18:35:47] Still running.
[2026-05-10 19:05:49] Still running.
[2026-05-10 19:35:52] Still running.
[2026-05-10 20:05:54] Still running.
[2026-05-10 20:35:57] Still running.
[2026-05-10 21:05:59] Still running.
[2026-05-10 21:36:01] Still running.
[2026-05-10 22:06:03] Still running.
[2026-05-10 22:36:05] Still running.
[2026-05-10 23:06:07] Still running.
[2026-05-10 23:36:10] Still running.
[2026-05-11 00:06:12] Still running.
[2026-05-11 00:36:15] Still running.
[2026-05-11 01:06:18] Still running.
[2026-05-11 01:36:20] Still running.
[2026-05-11 02:06:23] Still running.
[2026-05-11 02:36:26] Still running.
[2026-05-11 03:06:28] Still running.
[2026-05-11 03:36:31] Still running.
[2026-05-11 04:06:34] Still running.
[2026-05-11 04:36:36] Still running.
[2026-05-11 05:06:39] Still running.
[2026-05-11 05:36:41] Still running.
[2026-05-11 06:06:44] Still running.
[2026-05-11 06:36:46] Still running.
[2026-05-11 07:06:49] Still running.
[2026-05-11 07:37:59] Still running.
[2026-05-11 08:08:01] Still running.
[2026-05-11 08:38:04] Still running.
[2026-05-11 09:08:07] Still running.
[2026-05-11 09:38:09] Still running.
[2026-05-11 10:08:12] Still running.
[2026-05-11 10:38:15] Still running.
[2026-05-11 11:08:19] Still running.
[2026-05-11 11:38:22] Still running.
[2026-05-11 12:08:25] Still running.
[2026-05-11 12:38:27] Still running.
[2026-05-11 13:08:30] Still running.
[2026-05-11 13:38:32] Still running.
[2026-05-11 14:08:35] Still running.
[2026-05-11 14:38:38] Still running.
[2026-05-11 15:08:41] Still running.
[2026-05-11 15:38:45] Still running.
[2026-05-11 16:08:48] Still running.
[2026-05-11 16:38:51] Still running.
[2026-05-11 17:08:53] Still running.
[2026-05-11 17:38:56] Still running.
[2026-05-11 18:08:58] Still running.
[2026-05-11 18:39:00] Still running.
[2026-05-11 19:09:03] Still running.
[2026-05-11 19:39:06] Still running.
[2026-05-11 20:09:09] DONE
done_at=2026-05-11 19:57:37
note=all 96 eval manifests and mean_results exist; previous FAILED was caused by CRLF after successful summary generation
eval_log=/datapool/home/ph_teacher3/Lwy/zhounan/Visedit2/server_results/bridge_request_only_layer_sweep/llava/full_layer_target0003_eval.log
eval_summary=/datapool/home/ph_teacher3/Lwy/zhounan/Visedit2/server_results/bridge_request_only_layer_sweep/llava/eval/selected_eval_summary.tsv
