RETRY_WAITER_START job=3126082 host=g09 time=2026-08-02 10:03:32 CST
WAIT_CURRENT_QUEUE condition=launcher_lock_released_then_L10_L11_complete
CURRENT_QUEUE_LOCK_RELEASED time=2026-08-02 16:38:33 CST
BLOCKED prerequisite=L10 reason=no_complete_train_selected_eval time=2026-08-02 16:38:33 CST
RETRY_WAITER_START job=3126082 host=g09 time=2026-08-02 21:07:55 CST
WAIT_CURRENT_QUEUE condition=launcher_lock_released_then_L10_L11_complete
CURRENT_QUEUE_LOCK_RELEASED time=2026-08-02 21:07:55 CST
PREREQUISITES_OK L10=complete L11=complete
WAIT_GPU_EXCLUSIVE used_mib=1 compute_pids= empty_streak=1/5 time=2026-08-02 21:07:56
WAIT_GPU_EXCLUSIVE used_mib=1 compute_pids= empty_streak=2/5 time=2026-08-02 21:08:56
WAIT_GPU_EXCLUSIVE used_mib=1 compute_pids= empty_streak=3/5 time=2026-08-02 21:09:56
WAIT_GPU_EXCLUSIVE used_mib=1 compute_pids= empty_streak=4/5 time=2026-08-02 21:10:56
WAIT_GPU_EXCLUSIVE used_mib=1 compute_pids= empty_streak=5/5 time=2026-08-02 21:11:56
WATCH_START label=L9_train_two_model_gpu idle_limit=7200 log=/tmp/ph_teacher3/mabscos_top3_completion_job3126082_20260801/logs/mmke-visual_minigpt-4-vicuna-7b_L9_retry_two_model_20260802_211156.log time=2026-08-02 21:11:56 CST
PROCESS_START label=L9_train_two_model_gpu pid=1700949 pgid=1700949
WATCH_PROGRESS label=L9_train_two_model_gpu sig=Loading checkpoint shards:   0%|          | 0/2 [00:00<?, ?it/s] time=2026-08-02 21:12:56
WATCH_PROGRESS label=L9_train_two_model_gpu sig=Pre-processing train data:  22%|██▏       | 48/214 [00:16<00:57,  2.91it/s] time=2026-08-02 21:13:56
WATCH_PROGRESS label=L9_train_two_model_gpu sig=Epoch 1:   0%|          | 0/214 [00:00<?, ?it/s] time=2026-08-02 21:14:57
WATCH_PROGRESS label=L9_train_two_model_gpu sig=Epoch 1:  23%|██▎       | 50/214 [01:01<03:23,  1.24s/it] time=2026-08-02 21:15:57
WATCH_PROGRESS label=L9_train_two_model_gpu sig=Epoch 1:  32%|███▏      | 68/214 [01:22<02:57,  1.22s/it] time=2026-08-02 21:16:57
PROCESS_END label=L9_train_two_model_gpu pid=1700949 rc=143 time=2026-08-02 21:16:57 CST
RETRY_STOP reason=non_oom_training_failure rc=143 log=/tmp/ph_teacher3/mabscos_top3_completion_job3126082_20260801/logs/mmke-visual_minigpt-4-vicuna-7b_L9_retry_two_model_20260802_211156.log
RETRY_WAITER_START job=3126082 host=g09 time=2026-08-02 21:17:49 CST
WAIT_CURRENT_QUEUE condition=launcher_lock_released_then_L10_L11_complete
CURRENT_QUEUE_LOCK_RELEASED time=2026-08-02 21:17:49 CST
PREREQUISITES_OK L10=complete L11=complete
WAIT_GPU_EXCLUSIVE used_mib=1 compute_pids= empty_streak=1/5 time=2026-08-02 21:17:49
WAIT_GPU_EXCLUSIVE used_mib=1 compute_pids= empty_streak=2/5 time=2026-08-02 21:18:49
WAIT_GPU_EXCLUSIVE used_mib=1 compute_pids= empty_streak=3/5 time=2026-08-02 21:19:49
WAIT_GPU_EXCLUSIVE used_mib=1 compute_pids= empty_streak=4/5 time=2026-08-02 21:20:49
WAIT_GPU_EXCLUSIVE used_mib=1 compute_pids= empty_streak=5/5 time=2026-08-02 21:21:50
ARCHIVE_INCOMPLETE path=/tmp/ph_teacher3/mabscos_top3_completion_job3126082_20260801/mmke-visual/minigpt-4-vicuna-7b/layer_09 dest=/tmp/ph_teacher3/mabscos_top3_completion_job3126082_20260801/failed_attempts/layer_09_20260802_212150
REMOVE_REPRODUCIBLE_FAILED_CACHE path=/tmp/ph_teacher3/mabscos_top3_completion_job3126082_20260801/mmke-visual/minigpt-4-vicuna-7b/cache/layer_09 bytes=1757302437
WATCH_START label=L9_train_two_model_gpu idle_limit=7200 log=/tmp/ph_teacher3/mabscos_top3_completion_job3126082_20260801/logs/mmke-visual_minigpt-4-vicuna-7b_L9_retry_two_model_20260802_212150.log time=2026-08-02 21:21:50 CST
PROCESS_START label=L9_train_two_model_gpu pid=1704002 pgid=1704002
WATCH_PROGRESS label=L9_train_two_model_gpu sig=Loading checkpoint shards:   0%|          | 0/2 [00:00<?, ?it/s] time=2026-08-02 21:22:50
WATCH_PROGRESS label=L9_train_two_model_gpu sig=Pre-processing train data:  31%|███▏      | 67/214 [00:23<00:49,  2.95it/s] time=2026-08-02 21:23:50
WATCH_PROGRESS label=L9_train_two_model_gpu sig=Epoch 1:   3%|▎         | 6/214 [00:06<03:56,  1.14s/it] time=2026-08-02 21:24:50
WATCH_PROGRESS label=L9_train_two_model_gpu sig=Epoch 1:  26%|██▌       | 56/214 [01:07<03:00,  1.14s/it] time=2026-08-02 21:25:51
WATCH_PROGRESS label=L9_train_two_model_gpu sig=Epoch 1:  50%|████▉     | 106/214 [02:07<02:10,  1.21s/it] time=2026-08-02 21:26:51
WATCH_PROGRESS label=L9_train_two_model_gpu sig=Epoch 1:  74%|███████▍  | 158/214 [03:08<01:05,  1.17s/it] time=2026-08-02 21:27:51
WATCH_PROGRESS label=L9_train_two_model_gpu sig=Epoch 1:  97%|█████████▋| 208/214 [04:08<00:07,  1.30s/it] time=2026-08-02 21:28:51
WATCH_PROGRESS label=L9_train_two_model_gpu sig=Epoch 2:  21%|██        | 44/214 [00:52<03:21,  1.19s/it] time=2026-08-02 21:29:52
WATCH_PROGRESS label=L9_train_two_model_gpu sig=Epoch 2:  45%|████▍     | 96/214 [01:53<02:18,  1.17s/it] time=2026-08-02 21:30:52
WATCH_PROGRESS label=L9_train_two_model_gpu sig=Epoch 2:  68%|██████▊   | 146/214 [02:53<01:20,  1.18s/it] time=2026-08-02 21:31:52
WATCH_HEARTBEAT label=L9_train_two_model_gpu idle_seconds=0 gpu=63609, 17547, 100 time=2026-08-02 21:31:52
WATCH_PROGRESS label=L9_train_two_model_gpu sig=Epoch 2:  92%|█████████▏| 196/214 [03:53<00:20,  1.12s/it] time=2026-08-02 21:32:52
WATCH_PROGRESS label=L9_train_two_model_gpu sig=Epoch 3:  16%|█▌        | 34/214 [00:39<03:18,  1.10s/it] time=2026-08-02 21:33:52
WATCH_PROGRESS label=L9_train_two_model_gpu sig=Epoch 3:  40%|████      | 86/214 [01:40<02:14,  1.05s/it] time=2026-08-02 21:34:53
WATCH_PROGRESS label=L9_train_two_model_gpu sig=Epoch 3:  64%|██████▎   | 136/214 [02:39<01:34,  1.21s/it] time=2026-08-02 21:35:53
WATCH_PROGRESS label=L9_train_two_model_gpu sig=Epoch 3:  87%|████████▋ | 186/214 [03:39<00:38,  1.38s/it] time=2026-08-02 21:36:53
WATCH_PROGRESS label=L9_train_two_model_gpu sig=Epoch 4:   7%|▋         | 14/214 [00:22<05:22,  1.61s/it] time=2026-08-02 21:37:53
WATCH_PROGRESS label=L9_train_two_model_gpu sig=Epoch 4:  23%|██▎       | 50/214 [01:22<04:03,  1.48s/it] time=2026-08-02 21:38:54
WATCH_PROGRESS label=L9_train_two_model_gpu sig=Epoch 4:  41%|████      | 88/214 [02:23<03:43,  1.77s/it] time=2026-08-02 21:39:54
WATCH_PROGRESS label=L9_train_two_model_gpu sig=Epoch 4:  58%|█████▊    | 124/214 [03:20<02:31,  1.69s/it] time=2026-08-02 21:40:54
WATCH_PROGRESS label=L9_train_two_model_gpu sig=Epoch 4:  76%|███████▌  | 162/214 [04:23<01:25,  1.65s/it] time=2026-08-02 21:41:54
WATCH_HEARTBEAT label=L9_train_two_model_gpu idle_seconds=0 gpu=79583, 1574, 100 time=2026-08-02 21:41:54
WATCH_PROGRESS label=L9_train_two_model_gpu sig=Epoch 4:  93%|█████████▎| 198/214 [05:23<00:29,  1.82s/it] time=2026-08-02 21:42:55
WATCH_PROGRESS label=L9_train_two_model_gpu sig=Epoch 5:   9%|▉         | 20/214 [00:33<05:13,  1.62s/it] time=2026-08-02 21:43:55
WATCH_PROGRESS label=L9_train_two_model_gpu sig=Epoch 5:  27%|██▋       | 58/214 [01:35<04:16,  1.64s/it] time=2026-08-02 21:44:55
WATCH_PROGRESS label=L9_train_two_model_gpu sig=Epoch 5:  43%|████▎     | 92/214 [02:31<03:40,  1.81s/it] time=2026-08-02 21:45:55
WATCH_PROGRESS label=L9_train_two_model_gpu sig=Epoch 5:  60%|█████▉    | 128/214 [03:32<02:28,  1.73s/it] time=2026-08-02 21:46:56
WATCH_PROGRESS label=L9_train_two_model_gpu sig=Epoch 5:  77%|███████▋  | 164/214 [04:34<01:24,  1.70s/it] time=2026-08-02 21:47:56
WATCH_PROGRESS label=L9_train_two_model_gpu sig=Epoch 5:  93%|█████████▎| 200/214 [05:33<00:22,  1.64s/it] time=2026-08-02 21:48:56
WATCH_PROGRESS label=L9_train_two_model_gpu sig=Epoch 6:  10%|█         | 22/214 [00:37<05:42,  1.78s/it] time=2026-08-02 21:49:56
WATCH_PROGRESS label=L9_train_two_model_gpu sig=Epoch 6:  28%|██▊       | 60/214 [01:38<04:16,  1.66s/it] time=2026-08-02 21:50:57
WATCH_PROGRESS label=L9_train_two_model_gpu sig=Epoch 6:  46%|████▌     | 98/214 [02:39<02:48,  1.45s/it] time=2026-08-02 21:51:57
WATCH_HEARTBEAT label=L9_train_two_model_gpu idle_seconds=0 gpu=79583, 1574, 100 time=2026-08-02 21:51:57
WATCH_PROGRESS label=L9_train_two_model_gpu sig=Epoch 6:  64%|██████▍   | 138/214 [03:37<01:43,  1.36s/it] time=2026-08-02 21:52:57
WATCH_PROGRESS label=L9_train_two_model_gpu sig=Epoch 6:  84%|████████▍ | 180/214 [04:39<00:48,  1.44s/it] time=2026-08-02 21:53:57
WATCH_PROGRESS label=L9_train_two_model_gpu sig=Epoch 7:   4%|▎         | 8/214 [00:10<04:39,  1.35s/it] time=2026-08-02 21:54:58
WATCH_PROGRESS label=L9_train_two_model_gpu sig=Epoch 7:  21%|██▏       | 46/214 [01:08<04:08,  1.48s/it] time=2026-08-02 21:55:58
WATCH_PROGRESS label=L9_train_two_model_gpu sig=Epoch 7:  39%|███▉      | 84/214 [02:10<03:22,  1.55s/it] time=2026-08-02 21:56:58
WATCH_PROGRESS label=L9_train_two_model_gpu sig=Epoch 7:  56%|█████▌    | 120/214 [03:11<02:44,  1.75s/it] time=2026-08-02 21:57:58
WATCH_PROGRESS label=L9_train_two_model_gpu sig=Epoch 7:  73%|███████▎  | 156/214 [04:09<01:35,  1.65s/it] time=2026-08-02 21:58:59
WATCH_PROGRESS label=L9_train_two_model_gpu sig=Epoch 7:  90%|████████▉ | 192/214 [05:12<00:41,  1.91s/it] time=2026-08-02 21:59:59
WATCH_PROGRESS label=L9_train_two_model_gpu sig=Epoch 8:   7%|▋         | 14/214 [00:22<05:26,  1.63s/it] time=2026-08-02 22:00:59
WATCH_PROGRESS label=L9_train_two_model_gpu sig=Epoch 8:  23%|██▎       | 50/214 [01:21<04:24,  1.62s/it] time=2026-08-02 22:01:59
WATCH_HEARTBEAT label=L9_train_two_model_gpu idle_seconds=0 gpu=79623, 1534, 100 time=2026-08-02 22:01:59
WATCH_PROGRESS label=L9_train_two_model_gpu sig=Epoch 8:  40%|████      | 86/214 [02:22<03:58,  1.86s/it] time=2026-08-02 22:03:00
WATCH_PROGRESS label=L9_train_two_model_gpu sig=Epoch 8:  57%|█████▋    | 122/214 [03:22<02:33,  1.67s/it] time=2026-08-02 22:04:00
WATCH_PROGRESS label=L9_train_two_model_gpu sig=Epoch 8:  74%|███████▍  | 158/214 [04:20<01:32,  1.65s/it] time=2026-08-02 22:05:00
WATCH_PROGRESS label=L9_train_two_model_gpu sig=Epoch 8:  92%|█████████▏| 196/214 [05:23<00:29,  1.63s/it] time=2026-08-02 22:06:00
WATCH_PROGRESS label=L9_train_two_model_gpu sig=Epoch 9:   8%|▊         | 18/214 [00:30<06:03,  1.85s/it] time=2026-08-02 22:07:01
WATCH_PROGRESS label=L9_train_two_model_gpu sig=Epoch 9:  26%|██▌       | 56/214 [01:30<04:03,  1.54s/it] time=2026-08-02 22:08:01
WATCH_PROGRESS label=L9_train_two_model_gpu sig=Epoch 9:  43%|████▎     | 92/214 [02:30<03:34,  1.76s/it] time=2026-08-02 22:09:01
WATCH_PROGRESS label=L9_train_two_model_gpu sig=Epoch 9:  60%|█████▉    | 128/214 [03:31<02:17,  1.60s/it] time=2026-08-02 22:10:01
WATCH_PROGRESS label=L9_train_two_model_gpu sig=Epoch 9:  79%|███████▉  | 170/214 [04:31<01:04,  1.47s/it] time=2026-08-02 22:11:02
WATCH_PROGRESS label=L9_train_two_model_gpu sig=Epoch 9:  99%|█████████▉| 212/214 [05:32<00:02,  1.47s/it] time=2026-08-02 22:12:02
WATCH_HEARTBEAT label=L9_train_two_model_gpu idle_seconds=0 gpu=79623, 1534, 100 time=2026-08-02 22:12:02
WATCH_PROGRESS label=L9_train_two_model_gpu sig=Epoch 10:  17%|█▋        | 36/214 [00:56<04:58,  1.68s/it] time=2026-08-02 22:13:02
WATCH_PROGRESS label=L9_train_two_model_gpu sig=Epoch 10:  36%|███▌      | 76/214 [01:54<03:29,  1.52s/it] time=2026-08-02 22:14:02
WATCH_PROGRESS label=L9_train_two_model_gpu sig=Epoch 10:  53%|█████▎    | 114/214 [02:55<02:37,  1.58s/it] time=2026-08-02 22:15:03
WATCH_PROGRESS label=L9_train_two_model_gpu sig=Epoch 10:  70%|███████   | 150/214 [03:55<01:58,  1.85s/it] time=2026-08-02 22:16:03
WATCH_PROGRESS label=L9_train_two_model_gpu sig=Epoch 10:  87%|████████▋ | 186/214 [04:55<00:48,  1.74s/it] time=2026-08-02 22:17:03
WATCH_PROGRESS label=L9_train_two_model_gpu sig=Epoch 11:   5%|▍         | 10/214 [00:15<05:35,  1.64s/it] time=2026-08-02 22:18:03
WATCH_PROGRESS label=L9_train_two_model_gpu sig=Epoch 11:  22%|██▏       | 48/214 [01:17<04:46,  1.73s/it] time=2026-08-02 22:19:04
WATCH_PROGRESS label=L9_train_two_model_gpu sig=Epoch 11:  39%|███▉      | 84/214 [02:17<03:51,  1.78s/it] time=2026-08-02 22:20:04
WATCH_PROGRESS label=L9_train_two_model_gpu sig=Epoch 11:  57%|█████▋    | 122/214 [03:18<02:38,  1.72s/it] time=2026-08-02 22:21:04
WATCH_PROGRESS label=L9_train_two_model_gpu sig=Epoch 11:  74%|███████▍  | 158/214 [04:17<01:27,  1.56s/it] time=2026-08-02 22:22:04
WATCH_HEARTBEAT label=L9_train_two_model_gpu idle_seconds=0 gpu=79623, 1534, 100 time=2026-08-02 22:22:04
WATCH_PROGRESS label=L9_train_two_model_gpu sig=Epoch 11:  91%|█████████ | 194/214 [05:18<00:32,  1.63s/it] time=2026-08-02 22:23:05
WATCH_PROGRESS label=L9_train_two_model_gpu sig=Epoch 12:   7%|▋         | 14/214 [00:22<05:22,  1.61s/it] time=2026-08-02 22:24:05
WATCH_PROGRESS label=L9_train_two_model_gpu sig=Epoch 12:  23%|██▎       | 50/214 [01:23<04:38,  1.70s/it] time=2026-08-02 22:25:05
WATCH_PROGRESS label=L9_train_two_model_gpu sig=Epoch 12:  40%|████      | 86/214 [02:22<03:33,  1.67s/it] time=2026-08-02 22:26:05
WATCH_PROGRESS label=L9_train_two_model_gpu sig=Epoch 12:  56%|█████▌    | 120/214 [03:21<02:39,  1.69s/it] time=2026-08-02 22:27:06
WATCH_PROGRESS label=L9_train_two_model_gpu sig=Epoch 12:  74%|███████▍  | 158/214 [04:23<01:28,  1.58s/it] time=2026-08-02 22:28:06
WATCH_PROGRESS label=L9_train_two_model_gpu sig=Epoch 12:  93%|█████████▎| 200/214 [05:23<00:20,  1.44s/it] time=2026-08-02 22:29:06
WATCH_PROGRESS label=L9_train_two_model_gpu sig=Epoch 13:  12%|█▏        | 26/214 [00:39<04:37,  1.48s/it] time=2026-08-02 22:30:06
WATCH_PROGRESS label=L9_train_two_model_gpu sig=Epoch 13:  32%|███▏      | 68/214 [01:40<03:18,  1.36s/it] time=2026-08-02 22:31:06
WATCH_PROGRESS label=L9_train_two_model_gpu sig=Epoch 13:  52%|█████▏    | 112/214 [02:41<02:36,  1.53s/it] time=2026-08-02 22:32:07
WATCH_HEARTBEAT label=L9_train_two_model_gpu idle_seconds=0 gpu=79625, 1532, 100 time=2026-08-02 22:32:07
WATCH_PROGRESS label=L9_train_two_model_gpu sig=Epoch 13:  69%|██████▉   | 148/214 [03:40<01:46,  1.62s/it] time=2026-08-02 22:33:07
WATCH_PROGRESS label=L9_train_two_model_gpu sig=Epoch 13:  86%|████████▌ | 184/214 [04:40<00:47,  1.58s/it] time=2026-08-02 22:34:07
WATCH_PROGRESS label=L9_train_two_model_gpu sig=Epoch 14:   3%|▎         | 6/214 [00:09<05:44,  1.66s/it] time=2026-08-02 22:35:08
WATCH_PROGRESS label=L9_train_two_model_gpu sig=Epoch 14:  20%|█▉        | 42/214 [01:08<04:51,  1.69s/it] time=2026-08-02 22:36:08
WATCH_PROGRESS label=L9_train_two_model_gpu sig=Epoch 14:  37%|███▋      | 80/214 [02:11<03:57,  1.77s/it] time=2026-08-02 22:37:08
WATCH_PROGRESS label=L9_train_two_model_gpu sig=Epoch 14:  54%|█████▍    | 116/214 [03:10<02:29,  1.52s/it] time=2026-08-02 22:38:08
WATCH_PROGRESS label=L9_train_two_model_gpu sig=Epoch 14:  72%|███████▏  | 154/214 [04:12<01:34,  1.58s/it] time=2026-08-02 22:39:09
WATCH_PROGRESS label=L9_train_two_model_gpu sig=Epoch 14:  88%|████████▊ | 188/214 [05:09<00:47,  1.81s/it] time=2026-08-02 22:40:09
WATCH_PROGRESS label=L9_train_two_model_gpu sig=Epoch 15:   5%|▍         | 10/214 [00:16<05:37,  1.65s/it] time=2026-08-02 22:41:09
WATCH_PROGRESS label=L9_train_two_model_gpu sig=Epoch 15:  21%|██▏       | 46/214 [01:17<04:52,  1.74s/it] time=2026-08-02 22:42:09
WATCH_HEARTBEAT label=L9_train_two_model_gpu idle_seconds=0 gpu=79625, 1532, 99 time=2026-08-02 22:42:09
WATCH_PROGRESS label=L9_train_two_model_gpu sig=Epoch 15:  38%|███▊      | 82/214 [02:18<03:41,  1.68s/it] time=2026-08-02 22:43:10
WATCH_PROGRESS label=L9_train_two_model_gpu sig=Epoch 15:  54%|█████▍    | 116/214 [03:17<02:38,  1.62s/it] time=2026-08-02 22:44:10
WATCH_PROGRESS label=L9_train_two_model_gpu sig=Epoch 15:  72%|███████▏  | 154/214 [04:18<01:33,  1.56s/it] time=2026-08-02 22:45:10
WATCH_PROGRESS label=L9_train_two_model_gpu sig=Epoch 15:  89%|████████▉ | 190/214 [05:17<00:40,  1.67s/it] time=2026-08-02 22:46:10
WATCH_PROGRESS label=L9_train_two_model_gpu sig=Epoch 16:   7%|▋         | 16/214 [00:25<05:25,  1.65s/it] time=2026-08-02 22:47:10
WATCH_PROGRESS label=L9_train_two_model_gpu sig=Epoch 16:  27%|██▋       | 58/214 [01:25<03:38,  1.40s/it] time=2026-08-02 22:48:11
WATCH_PROGRESS label=L9_train_two_model_gpu sig=Epoch 16:  49%|████▊     | 104/214 [02:27<02:27,  1.34s/it] time=2026-08-02 22:49:11
WATCH_PROGRESS label=L9_train_two_model_gpu sig=Epoch 16:  67%|██████▋   | 144/214 [03:27<01:54,  1.64s/it] time=2026-08-02 22:50:11
WATCH_PROGRESS label=L9_train_two_model_gpu sig=Epoch 16:  83%|████████▎ | 178/214 [04:24<00:59,  1.66s/it] time=2026-08-02 22:51:11
WATCH_PROGRESS label=L9_train_two_model_gpu sig=Epoch 17:   0%|          | 0/214 [00:00<?, ?it/s] time=2026-08-02 22:52:12
WATCH_HEARTBEAT label=L9_train_two_model_gpu idle_seconds=0 gpu=79625, 1532, 99 time=2026-08-02 22:52:12
WATCH_PROGRESS label=L9_train_two_model_gpu sig=Epoch 17:  17%|█▋        | 36/214 [01:00<05:31,  1.86s/it] time=2026-08-02 22:53:12
WATCH_PROGRESS label=L9_train_two_model_gpu sig=Epoch 17:  33%|███▎      | 70/214 [01:58<04:08,  1.72s/it] time=2026-08-02 22:54:12
WATCH_PROGRESS label=L9_train_two_model_gpu sig=Epoch 17:  50%|████▉     | 106/214 [03:00<03:01,  1.68s/it] time=2026-08-02 22:55:12
WATCH_PROGRESS label=L9_train_two_model_gpu sig=Epoch 17:  66%|██████▋   | 142/214 [04:01<02:01,  1.69s/it] time=2026-08-02 22:56:13
WATCH_PROGRESS label=L9_train_two_model_gpu sig=Epoch 17:  83%|████████▎ | 178/214 [05:02<01:01,  1.71s/it] time=2026-08-02 22:57:13
WATCH_PROGRESS label=L9_train_two_model_gpu sig=Epoch 18:   0%|          | 0/214 [00:00<?, ?it/s] time=2026-08-02 22:58:13
WATCH_PROGRESS label=L9_train_two_model_gpu sig=Epoch 18:  18%|█▊        | 38/214 [01:01<04:58,  1.70s/it] time=2026-08-02 22:59:13
WATCH_PROGRESS label=L9_train_two_model_gpu sig=Epoch 18:  34%|███▎      | 72/214 [01:59<04:02,  1.71s/it] time=2026-08-02 23:00:14
WATCH_PROGRESS label=L9_train_two_model_gpu sig=Epoch 18:  51%|█████▏    | 110/214 [03:01<02:43,  1.57s/it] time=2026-08-02 23:01:14
WATCH_PROGRESS label=L9_train_two_model_gpu sig=Epoch 18:  68%|██████▊   | 146/214 [04:00<01:50,  1.63s/it] time=2026-08-02 23:02:14
WATCH_HEARTBEAT label=L9_train_two_model_gpu idle_seconds=0 gpu=79625, 1532, 100 time=2026-08-02 23:02:14
WATCH_PROGRESS label=L9_train_two_model_gpu sig=Epoch 18:  85%|████████▌ | 182/214 [05:00<00:52,  1.64s/it] time=2026-08-02 23:03:14
WATCH_PROGRESS label=L9_train_two_model_gpu sig=Epoch 19:   2%|▏         | 4/214 [00:05<04:38,  1.32s/it] time=2026-08-02 23:04:15
WATCH_PROGRESS label=L9_train_two_model_gpu sig=Epoch 19:  21%|██▏       | 46/214 [01:05<04:05,  1.46s/it] time=2026-08-02 23:05:15
WATCH_PROGRESS label=L9_train_two_model_gpu sig=Epoch 19:  41%|████      | 88/214 [02:08<03:08,  1.49s/it] time=2026-08-02 23:06:15
WATCH_PROGRESS label=L9_train_two_model_gpu sig=Epoch 19:  60%|█████▉    | 128/214 [03:05<02:06,  1.47s/it] time=2026-08-02 23:07:15
WATCH_PROGRESS label=L9_train_two_model_gpu sig=Epoch 19:  78%|███████▊  | 166/214 [04:06<01:24,  1.76s/it] time=2026-08-02 23:08:15
WATCH_PROGRESS label=L9_train_two_model_gpu sig=Epoch 19:  95%|█████████▌| 204/214 [05:08<00:16,  1.64s/it] time=2026-08-02 23:09:16
WATCH_PROGRESS label=L9_train_two_model_gpu sig=Epoch 20:  11%|█         | 24/214 [00:41<06:00,  1.90s/it] time=2026-08-02 23:10:16
WATCH_PROGRESS label=L9_train_two_model_gpu sig=Epoch 20:  29%|██▉       | 62/214 [01:44<04:12,  1.66s/it] time=2026-08-02 23:11:16
WATCH_PROGRESS label=L9_train_two_model_gpu sig=Epoch 20:  46%|████▌     | 98/214 [02:44<03:14,  1.68s/it] time=2026-08-02 23:12:16
WATCH_HEARTBEAT label=L9_train_two_model_gpu idle_seconds=0 gpu=79625, 1532, 100 time=2026-08-02 23:12:16
WATCH_PROGRESS label=L9_train_two_model_gpu sig=Epoch 20:  63%|██████▎   | 134/214 [03:42<02:09,  1.61s/it] time=2026-08-02 23:13:17
WATCH_PROGRESS label=L9_train_two_model_gpu sig=Epoch 20:  79%|███████▉  | 170/214 [04:43<01:12,  1.65s/it] time=2026-08-02 23:14:17
WATCH_PROGRESS label=L9_train_two_model_gpu sig=Epoch 20:  96%|█████████▋| 206/214 [05:44<00:13,  1.71s/it] time=2026-08-02 23:15:17
WATCH_PROGRESS label=L9_train_two_model_gpu sig=Epoch 21:  13%|█▎        | 28/214 [00:46<04:49,  1.55s/it] time=2026-08-02 23:16:17
WATCH_PROGRESS label=L9_train_two_model_gpu sig=Epoch 21:  31%|███       | 66/214 [01:47<03:59,  1.62s/it] time=2026-08-02 23:17:18
WATCH_PROGRESS label=L9_train_two_model_gpu sig=Epoch 21:  48%|████▊     | 102/214 [02:46<03:04,  1.65s/it] time=2026-08-02 23:18:18
WATCH_PROGRESS label=L9_train_two_model_gpu sig=Epoch 21:  64%|██████▍   | 138/214 [03:44<02:00,  1.58s/it] time=2026-08-02 23:19:18
WATCH_PROGRESS label=L9_train_two_model_gpu sig=Epoch 21:  81%|████████▏ | 174/214 [04:47<01:09,  1.75s/it] time=2026-08-02 23:20:18
WATCH_PROGRESS label=L9_train_two_model_gpu sig=Epoch 21:  98%|█████████▊| 210/214 [05:47<00:06,  1.64s/it] time=2026-08-02 23:21:19
WATCH_PROGRESS label=L9_train_two_model_gpu sig=Epoch 22:  17%|█▋        | 36/214 [00:55<04:11,  1.41s/it] time=2026-08-02 23:22:19
WATCH_HEARTBEAT label=L9_train_two_model_gpu idle_seconds=0 gpu=79625, 1532, 99 time=2026-08-02 23:22:19
WATCH_PROGRESS label=L9_train_two_model_gpu sig=Epoch 22:  36%|███▋      | 78/214 [01:55<03:36,  1.59s/it] time=2026-08-02 23:23:19
WATCH_PROGRESS label=L9_train_two_model_gpu sig=Epoch 22:  56%|█████▌    | 120/214 [02:56<02:07,  1.36s/it] time=2026-08-02 23:24:19
WATCH_PROGRESS label=L9_train_two_model_gpu sig=Epoch 22:  75%|███████▍  | 160/214 [03:56<01:17,  1.44s/it] time=2026-08-02 23:25:20
WATCH_PROGRESS label=L9_train_two_model_gpu sig=Epoch 22:  93%|█████████▎| 200/214 [04:54<00:19,  1.41s/it] time=2026-08-02 23:26:20
WATCH_PROGRESS label=L9_train_two_model_gpu sig=Epoch 23:  13%|█▎        | 28/214 [00:40<04:21,  1.41s/it] time=2026-08-02 23:27:20
WATCH_PROGRESS label=L9_train_two_model_gpu sig=Epoch 23:  33%|███▎      | 70/214 [01:40<03:51,  1.61s/it] time=2026-08-02 23:28:20
WATCH_PROGRESS label=L9_train_two_model_gpu sig=Epoch 23:  52%|█████▏    | 112/214 [02:40<02:22,  1.40s/it] time=2026-08-02 23:29:21
WATCH_PROGRESS label=L9_train_two_model_gpu sig=Epoch 23:  76%|███████▌  | 162/214 [03:42<01:05,  1.27s/it] time=2026-08-02 23:30:21
WATCH_PROGRESS label=L9_train_two_model_gpu sig=Epoch 23:  97%|█████████▋| 208/214 [04:42<00:09,  1.56s/it] time=2026-08-02 23:31:21
WATCH_PROGRESS label=L9_train_two_model_gpu sig=Epoch 24:  17%|█▋        | 36/214 [00:50<04:00,  1.35s/it] time=2026-08-02 23:32:21
WATCH_HEARTBEAT label=L9_train_two_model_gpu idle_seconds=0 gpu=67075, 14082, 98 time=2026-08-02 23:32:21
WATCH_PROGRESS label=L9_train_two_model_gpu sig=Epoch 24:  37%|███▋      | 80/214 [01:51<03:31,  1.58s/it] time=2026-08-02 23:33:22
WATCH_PROGRESS label=L9_train_two_model_gpu sig=Epoch 24:  57%|█████▋    | 122/214 [02:49<02:15,  1.47s/it] time=2026-08-02 23:34:22
WATCH_PROGRESS label=L9_train_two_model_gpu sig=Epoch 24:  78%|███████▊  | 166/214 [03:52<01:12,  1.51s/it] time=2026-08-02 23:35:22
WATCH_PROGRESS label=L9_train_two_model_gpu sig=Epoch 24:  97%|█████████▋| 208/214 [04:51<00:08,  1.40s/it] time=2026-08-02 23:36:22
WATCH_PROGRESS label=L9_train_two_model_gpu sig=Epoch 25:  17%|█▋        | 36/214 [00:52<04:24,  1.49s/it] time=2026-08-02 23:37:23
WATCH_PROGRESS label=L9_train_two_model_gpu sig=Epoch 25:  36%|███▋      | 78/214 [01:51<03:09,  1.39s/it] time=2026-08-02 23:38:23
WATCH_PROGRESS label=L9_train_two_model_gpu sig=Epoch 25:  58%|█████▊    | 124/214 [02:52<01:45,  1.18s/it] time=2026-08-02 23:39:23
WATCH_PROGRESS label=L9_train_two_model_gpu sig=Epoch 25:  79%|███████▊  | 168/214 [03:51<01:10,  1.53s/it] time=2026-08-02 23:40:23
WATCH_PROGRESS label=L9_train_two_model_gpu sig=Epoch 25:  98%|█████████▊| 210/214 [04:51<00:05,  1.43s/it] time=2026-08-02 23:41:24
WATCH_PROGRESS label=L9_train_two_model_gpu sig=Epoch 26:  18%|█▊        | 38/214 [00:53<04:04,  1.39s/it] time=2026-08-02 23:42:24
WATCH_HEARTBEAT label=L9_train_two_model_gpu idle_seconds=0 gpu=67077, 14080, 100 time=2026-08-02 23:42:24
WATCH_PROGRESS label=L9_train_two_model_gpu sig=Epoch 26:  38%|███▊      | 82/214 [01:55<03:05,  1.41s/it] time=2026-08-02 23:43:24
WATCH_PROGRESS label=L9_train_two_model_gpu sig=Epoch 26:  58%|█████▊    | 124/214 [02:55<02:02,  1.36s/it] time=2026-08-02 23:44:24
WATCH_PROGRESS label=L9_train_two_model_gpu sig=Epoch 26:  78%|███████▊  | 166/214 [03:53<01:04,  1.35s/it] time=2026-08-02 23:45:25
WATCH_PROGRESS label=L9_train_two_model_gpu sig=Epoch 26:  96%|█████████▋| 206/214 [04:53<00:11,  1.48s/it] time=2026-08-02 23:46:25
WATCH_PROGRESS label=L9_train_two_model_gpu sig=Epoch 27:  17%|█▋        | 36/214 [00:50<03:55,  1.32s/it] time=2026-08-02 23:47:25
WATCH_PROGRESS label=L9_train_two_model_gpu sig=Epoch 27:  37%|███▋      | 80/214 [01:51<03:09,  1.42s/it] time=2026-08-02 23:48:25
WATCH_PROGRESS label=L9_train_two_model_gpu sig=Epoch 27:  57%|█████▋    | 122/214 [02:51<02:13,  1.45s/it] time=2026-08-02 23:49:25
WATCH_PROGRESS label=L9_train_two_model_gpu sig=Epoch 27:  76%|███████▌  | 162/214 [03:49<01:13,  1.41s/it] time=2026-08-02 23:50:26
WATCH_PROGRESS label=L9_train_two_model_gpu sig=Epoch 27:  96%|█████████▋| 206/214 [04:50<00:11,  1.45s/it] time=2026-08-02 23:51:26
WATCH_PROGRESS label=L9_train_two_model_gpu sig=Epoch 28:  17%|█▋        | 36/214 [00:50<04:13,  1.43s/it] time=2026-08-02 23:52:26
WATCH_HEARTBEAT label=L9_train_two_model_gpu idle_seconds=0 gpu=67077, 14080, 100 time=2026-08-02 23:52:26
WATCH_PROGRESS label=L9_train_two_model_gpu sig=Epoch 28:  36%|███▌      | 76/214 [01:49<03:22,  1.47s/it] time=2026-08-02 23:53:26
WATCH_PROGRESS label=L9_train_two_model_gpu sig=Epoch 28:  56%|█████▌    | 120/214 [02:51<02:17,  1.46s/it] time=2026-08-02 23:54:27
WATCH_PROGRESS label=L9_train_two_model_gpu sig=Epoch 28:  76%|███████▌  | 162/214 [03:50<01:09,  1.33s/it] time=2026-08-02 23:55:27
WATCH_PROGRESS label=L9_train_two_model_gpu sig=Epoch 28:  97%|█████████▋| 208/214 [04:51<00:08,  1.49s/it] time=2026-08-02 23:56:27
WATCH_PROGRESS label=L9_train_two_model_gpu sig=Epoch 29:  17%|█▋        | 36/214 [00:50<04:29,  1.51s/it] time=2026-08-02 23:57:27
WATCH_PROGRESS label=L9_train_two_model_gpu sig=Epoch 29:  36%|███▋      | 78/214 [01:48<03:13,  1.42s/it] time=2026-08-02 23:58:28
WATCH_PROGRESS label=L9_train_two_model_gpu sig=Epoch 29:  57%|█████▋    | 122/214 [02:51<02:02,  1.33s/it] time=2026-08-02 23:59:28
WATCH_PROGRESS label=L9_train_two_model_gpu sig=Epoch 29:  77%|███████▋  | 164/214 [03:50<01:10,  1.41s/it] time=2026-08-03 00:00:28
WATCH_PROGRESS label=L9_train_two_model_gpu sig=Epoch 29:  97%|█████████▋| 208/214 [04:51<00:08,  1.43s/it] time=2026-08-03 00:01:28
WATCH_PROGRESS label=L9_train_two_model_gpu sig=Epoch 30:  16%|█▌        | 34/214 [00:49<04:14,  1.41s/it] time=2026-08-03 00:02:29
WATCH_HEARTBEAT label=L9_train_two_model_gpu idle_seconds=0 gpu=67081, 14076, 100 time=2026-08-03 00:02:29
WATCH_PROGRESS label=L9_train_two_model_gpu sig=Epoch 30:  36%|███▋      | 78/214 [01:52<03:09,  1.40s/it] time=2026-08-03 00:03:29
WATCH_PROGRESS label=L9_train_two_model_gpu sig=Epoch 30:  56%|█████▌    | 120/214 [02:50<02:23,  1.53s/it] time=2026-08-03 00:04:29
WATCH_PROGRESS label=L9_train_two_model_gpu sig=Epoch 30:  77%|███████▋  | 164/214 [03:51<01:09,  1.38s/it] time=2026-08-03 00:05:29
WATCH_PROGRESS label=L9_train_two_model_gpu sig=Epoch 30:  97%|█████████▋| 208/214 [04:53<00:07,  1.32s/it] time=2026-08-03 00:06:30
WATCH_PROGRESS label=L9_train_two_model_gpu sig=Epoch 31:  16%|█▌        | 34/214 [00:49<04:11,  1.40s/it] time=2026-08-03 00:07:30
WATCH_PROGRESS label=L9_train_two_model_gpu sig=Epoch 31:  36%|███▌      | 76/214 [01:50<03:35,  1.56s/it] time=2026-08-03 00:08:30
WATCH_PROGRESS label=L9_train_two_model_gpu sig=Epoch 31:  56%|█████▌    | 120/214 [02:50<02:14,  1.44s/it] time=2026-08-03 00:09:30
WATCH_PROGRESS label=L9_train_two_model_gpu sig=Epoch 31:  77%|███████▋  | 164/214 [03:50<01:05,  1.31s/it] time=2026-08-03 00:10:31
WATCH_PROGRESS label=L9_train_two_model_gpu sig=Epoch 31:  96%|█████████▋| 206/214 [04:51<00:11,  1.47s/it] time=2026-08-03 00:11:31
WATCH_PROGRESS label=L9_train_two_model_gpu sig=Epoch 32:  16%|█▌        | 34/214 [00:46<03:39,  1.22s/it] time=2026-08-03 00:12:31
WATCH_HEARTBEAT label=L9_train_two_model_gpu idle_seconds=0 gpu=63669, 17487, 98 time=2026-08-03 00:12:31
WATCH_PROGRESS label=L9_train_two_model_gpu sig=Epoch 32:  39%|███▉      | 84/214 [01:47<02:29,  1.15s/it] time=2026-08-03 00:13:31
WATCH_PROGRESS label=L9_train_two_model_gpu sig=Epoch 32:  63%|██████▎   | 134/214 [02:47<01:37,  1.22s/it] time=2026-08-03 00:14:32
WATCH_PROGRESS label=L9_train_two_model_gpu sig=Epoch 32:  81%|████████▏ | 174/214 [03:46<01:08,  1.70s/it] time=2026-08-03 00:15:32
WATCH_PROGRESS label=L9_train_two_model_gpu sig=Epoch 32:  99%|█████████▉| 212/214 [04:48<00:03,  1.58s/it] time=2026-08-03 00:16:32
WATCH_PROGRESS label=L9_train_two_model_gpu sig=Epoch 33:  16%|█▌        | 34/214 [00:56<04:55,  1.64s/it] time=2026-08-03 00:17:32
WATCH_PROGRESS label=L9_train_two_model_gpu sig=Epoch 33:  33%|███▎      | 70/214 [01:56<04:06,  1.71s/it] time=2026-08-03 00:18:33
WATCH_PROGRESS label=L9_train_two_model_gpu sig=Epoch 33:  49%|████▊     | 104/214 [02:54<03:11,  1.74s/it] time=2026-08-03 00:19:33
WATCH_PROGRESS label=L9_train_two_model_gpu sig=Epoch 33:  66%|██████▋   | 142/214 [03:55<02:01,  1.69s/it] time=2026-08-03 00:20:33
WATCH_PROGRESS label=L9_train_two_model_gpu sig=Epoch 33:  83%|████████▎ | 178/214 [04:54<01:00,  1.67s/it] time=2026-08-03 00:21:33
WATCH_PROGRESS label=L9_train_two_model_gpu sig=Epoch 34:   0%|          | 0/214 [00:00<?, ?it/s] time=2026-08-03 00:22:34
WATCH_HEARTBEAT label=L9_train_two_model_gpu idle_seconds=0 gpu=79623, 1534, 98 time=2026-08-03 00:22:34
WATCH_PROGRESS label=L9_train_two_model_gpu sig=Epoch 34:  17%|█▋        | 36/214 [01:00<04:51,  1.64s/it] time=2026-08-03 00:23:34
WATCH_PROGRESS label=L9_train_two_model_gpu sig=Epoch 34:  34%|███▎      | 72/214 [01:59<04:16,  1.81s/it] time=2026-08-03 00:24:34
WATCH_PROGRESS label=L9_train_two_model_gpu sig=Epoch 34:  50%|█████     | 108/214 [02:59<02:57,  1.67s/it] time=2026-08-03 00:25:34
WATCH_PROGRESS label=L9_train_two_model_gpu sig=Epoch 34:  67%|██████▋   | 144/214 [04:01<01:58,  1.69s/it] time=2026-08-03 00:26:35
WATCH_PROGRESS label=L9_train_two_model_gpu sig=Epoch 34:  84%|████████▍ | 180/214 [04:59<00:51,  1.53s/it] time=2026-08-03 00:27:35
WATCH_PROGRESS label=L9_train_two_model_gpu sig=Epoch 35:   1%|          | 2/214 [00:03<06:24,  1.81s/it] time=2026-08-03 00:28:35
WATCH_PROGRESS label=L9_train_two_model_gpu sig=Epoch 35:  19%|█▊        | 40/214 [01:04<04:22,  1.51s/it] time=2026-08-03 00:29:35
WATCH_PROGRESS label=L9_train_two_model_gpu sig=Epoch 35:  38%|███▊      | 82/214 [02:04<03:05,  1.41s/it] time=2026-08-03 00:30:36
WATCH_PROGRESS label=L9_train_two_model_gpu sig=Epoch 35:  59%|█████▉    | 126/214 [03:04<02:02,  1.39s/it] time=2026-08-03 00:31:36
WATCH_PROGRESS label=L9_train_two_model_gpu sig=Epoch 35:  78%|███████▊  | 166/214 [04:05<01:11,  1.50s/it] time=2026-08-03 00:32:36
WATCH_HEARTBEAT label=L9_train_two_model_gpu idle_seconds=0 gpu=79623, 1534, 97 time=2026-08-03 00:32:36
WATCH_PROGRESS label=L9_train_two_model_gpu sig=Epoch 35:  95%|█████████▌| 204/214 [05:06<00:17,  1.72s/it] time=2026-08-03 00:33:36
WATCH_PROGRESS label=L9_train_two_model_gpu sig=Epoch 36:  11%|█         | 24/214 [00:40<05:45,  1.82s/it] time=2026-08-03 00:34:37
WATCH_PROGRESS label=L9_train_two_model_gpu sig=Epoch 36:  29%|██▉       | 62/214 [01:42<04:25,  1.75s/it] time=2026-08-03 00:35:37
WATCH_PROGRESS label=L9_train_two_model_gpu sig=Epoch 36:  46%|████▌     | 98/214 [02:41<03:15,  1.68s/it] time=2026-08-03 00:36:37
WATCH_PROGRESS label=L9_train_two_model_gpu sig=Epoch 36:  63%|██████▎   | 134/214 [03:41<02:16,  1.70s/it] time=2026-08-03 00:37:37
WATCH_PROGRESS label=L9_train_two_model_gpu sig=Epoch 36:  79%|███████▉  | 170/214 [04:42<01:15,  1.71s/it] time=2026-08-03 00:38:38
WATCH_PROGRESS label=L9_train_two_model_gpu sig=Epoch 36:  96%|█████████▋| 206/214 [05:42<00:13,  1.69s/it] time=2026-08-03 00:39:38
WATCH_PROGRESS label=L9_train_two_model_gpu sig=Epoch 37:  14%|█▍        | 30/214 [00:44<04:33,  1.49s/it] time=2026-08-03 00:40:38
WATCH_PROGRESS label=L9_train_two_model_gpu sig=Epoch 37:  31%|███       | 66/214 [01:45<04:40,  1.90s/it] time=2026-08-03 00:41:38
WATCH_PROGRESS label=L9_train_two_model_gpu sig=Epoch 37:  49%|████▊     | 104/214 [02:48<03:05,  1.69s/it] time=2026-08-03 00:42:39
WATCH_HEARTBEAT label=L9_train_two_model_gpu idle_seconds=0 gpu=79623, 1534, 100 time=2026-08-03 00:42:39
WATCH_PROGRESS label=L9_train_two_model_gpu sig=Epoch 37:  64%|██████▍   | 138/214 [03:46<02:05,  1.65s/it] time=2026-08-03 00:43:39
WATCH_PROGRESS label=L9_train_two_model_gpu sig=Epoch 37:  81%|████████▏ | 174/214 [04:46<01:02,  1.57s/it] time=2026-08-03 00:44:39
WATCH_PROGRESS label=L9_train_two_model_gpu sig=Epoch 37:  98%|█████████▊| 210/214 [05:47<00:06,  1.69s/it] time=2026-08-03 00:45:39
WATCH_PROGRESS label=L9_train_two_model_gpu sig=Epoch 38:  14%|█▍        | 30/214 [00:49<04:51,  1.58s/it] time=2026-08-03 00:46:40
WATCH_PROGRESS label=L9_train_two_model_gpu sig=Epoch 38:  33%|███▎      | 70/214 [01:53<03:53,  1.62s/it] time=2026-08-03 00:47:40
WATCH_PROGRESS label=L9_train_two_model_gpu sig=Epoch 38:  51%|█████▏    | 110/214 [02:52<02:42,  1.57s/it] time=2026-08-03 00:48:40
WATCH_PROGRESS label=L9_train_two_model_gpu sig=Epoch 38:  72%|███████▏  | 154/214 [03:53<01:21,  1.36s/it] time=2026-08-03 00:49:40
WATCH_PROGRESS label=L9_train_two_model_gpu sig=Epoch 38:  92%|█████████▏| 196/214 [04:54<00:26,  1.47s/it] time=2026-08-03 00:50:41
WATCH_PROGRESS label=L9_train_two_model_gpu sig=Epoch 39:   9%|▉         | 20/214 [00:30<05:01,  1.56s/it] time=2026-08-03 00:51:41
WATCH_PROGRESS label=L9_train_two_model_gpu sig=Epoch 39:  26%|██▌       | 56/214 [01:29<04:29,  1.71s/it] time=2026-08-03 00:52:41
WATCH_HEARTBEAT label=L9_train_two_model_gpu idle_seconds=0 gpu=79623, 1534, 100 time=2026-08-03 00:52:41
WATCH_PROGRESS label=L9_train_two_model_gpu sig=Epoch 39:  44%|████▍     | 94/214 [02:32<03:12,  1.60s/it] time=2026-08-03 00:53:41
WATCH_PROGRESS label=L9_train_two_model_gpu sig=Epoch 39:  60%|█████▉    | 128/214 [03:30<02:32,  1.77s/it] time=2026-08-03 00:54:42
WATCH_PROGRESS label=L9_train_two_model_gpu sig=Epoch 39:  78%|███████▊  | 166/214 [04:32<01:15,  1.57s/it] time=2026-08-03 00:55:42
WATCH_PROGRESS label=L9_train_two_model_gpu sig=Epoch 39:  94%|█████████▍| 202/214 [05:32<00:19,  1.59s/it] time=2026-08-03 00:56:42
WATCH_PROGRESS label=L9_train_two_model_gpu sig=Epoch 40:  11%|█         | 24/214 [00:40<04:56,  1.56s/it] time=2026-08-03 00:57:42
WATCH_PROGRESS label=L9_train_two_model_gpu sig=Epoch 40:  28%|██▊       | 60/214 [01:40<04:07,  1.61s/it] time=2026-08-03 00:58:43
WATCH_PROGRESS label=L9_train_two_model_gpu sig=Epoch 40:  45%|████▍     | 96/214 [02:40<03:10,  1.62s/it] time=2026-08-03 00:59:43
WATCH_PROGRESS label=L9_train_two_model_gpu sig=Epoch 40:  62%|██████▏   | 132/214 [03:41<02:14,  1.64s/it] time=2026-08-03 01:00:43
WATCH_PROGRESS label=L9_train_two_model_gpu sig=Epoch 40:  79%|███████▊  | 168/214 [04:40<01:13,  1.60s/it] time=2026-08-03 01:01:43
WATCH_PROGRESS label=L9_train_two_model_gpu sig=Epoch 40:  96%|█████████▋| 206/214 [05:40<00:13,  1.69s/it] time=2026-08-03 01:02:44
WATCH_HEARTBEAT label=L9_train_two_model_gpu idle_seconds=0 gpu=79623, 1534, 100 time=2026-08-03 01:02:44
WATCH_PROGRESS label=L9_train_two_model_gpu sig=Epoch 41:  13%|█▎        | 28/214 [00:47<05:32,  1.79s/it] time=2026-08-03 01:03:44
WATCH_PROGRESS label=L9_train_two_model_gpu sig=Epoch 41:  30%|██▉       | 64/214 [01:46<04:03,  1.63s/it] time=2026-08-03 01:04:44
WATCH_PROGRESS label=L9_train_two_model_gpu sig=Epoch 41:  48%|████▊     | 102/214 [02:46<02:48,  1.50s/it] time=2026-08-03 01:05:45
WATCH_PROGRESS label=L9_train_two_model_gpu sig=Epoch 41:  68%|██████▊   | 146/214 [03:47<01:31,  1.35s/it] time=2026-08-03 01:06:45
WATCH_PROGRESS label=L9_train_two_model_gpu sig=Epoch 41:  88%|████████▊ | 188/214 [04:49<00:39,  1.51s/it] time=2026-08-03 01:07:45
WATCH_PROGRESS label=L9_train_two_model_gpu sig=Epoch 42:   7%|▋         | 14/214 [00:20<05:09,  1.55s/it] time=2026-08-03 01:08:45
WATCH_PROGRESS label=L9_train_two_model_gpu sig=Epoch 42:  25%|██▌       | 54/214 [01:20<04:14,  1.59s/it] time=2026-08-03 01:09:46
WATCH_PROGRESS label=L9_train_two_model_gpu sig=Epoch 42:  43%|████▎     | 92/214 [02:22<03:24,  1.68s/it] time=2026-08-03 01:10:46
WATCH_PROGRESS label=L9_train_two_model_gpu sig=Epoch 42:  59%|█████▉    | 126/214 [03:21<02:19,  1.59s/it] time=2026-08-03 01:11:46
WATCH_PROGRESS label=L9_train_two_model_gpu sig=Epoch 42:  78%|███████▊  | 166/214 [04:23<01:13,  1.54s/it] time=2026-08-03 01:12:46
WATCH_HEARTBEAT label=L9_train_two_model_gpu idle_seconds=0 gpu=79625, 1532, 100 time=2026-08-03 01:12:46
WATCH_PROGRESS label=L9_train_two_model_gpu sig=Epoch 42:  94%|█████████▍| 202/214 [05:22<00:19,  1.64s/it] time=2026-08-03 01:13:47
WATCH_PROGRESS label=L9_train_two_model_gpu sig=Epoch 43:  11%|█         | 24/214 [00:37<04:52,  1.54s/it] time=2026-08-03 01:14:47
WATCH_PROGRESS label=L9_train_two_model_gpu sig=Epoch 43:  28%|██▊       | 60/214 [01:38<04:03,  1.58s/it] time=2026-08-03 01:15:47
WATCH_PROGRESS label=L9_train_two_model_gpu sig=Epoch 43:  45%|████▍     | 96/214 [02:39<03:23,  1.72s/it] time=2026-08-03 01:16:47
WATCH_PROGRESS label=L9_train_two_model_gpu sig=Epoch 43:  63%|██████▎   | 134/214 [03:39<02:11,  1.64s/it] time=2026-08-03 01:17:48
WATCH_PROGRESS label=L9_train_two_model_gpu sig=Epoch 43:  79%|███████▉  | 170/214 [04:38<01:12,  1.64s/it] time=2026-08-03 01:18:48
WATCH_PROGRESS label=L9_train_two_model_gpu sig=Epoch 43:  96%|█████████▋| 206/214 [05:41<00:13,  1.75s/it] time=2026-08-03 01:19:48
WATCH_PROGRESS label=L9_train_two_model_gpu sig=Epoch 44:  12%|█▏        | 26/214 [00:44<05:24,  1.73s/it] time=2026-08-03 01:20:48
WATCH_PROGRESS label=L9_train_two_model_gpu sig=Epoch 44:  29%|██▉       | 62/214 [01:44<04:14,  1.67s/it] time=2026-08-03 01:21:49
WATCH_PROGRESS label=L9_train_two_model_gpu sig=Epoch 44:  48%|████▊     | 102/214 [02:47<02:47,  1.49s/it] time=2026-08-03 01:22:49
WATCH_HEARTBEAT label=L9_train_two_model_gpu idle_seconds=0 gpu=79625, 1532, 92 time=2026-08-03 01:22:49
WATCH_PROGRESS label=L9_train_two_model_gpu sig=Epoch 44:  65%|██████▌   | 140/214 [03:47<01:54,  1.54s/it] time=2026-08-03 01:23:49
WATCH_PROGRESS label=L9_train_two_model_gpu sig=Epoch 44:  83%|████████▎ | 178/214 [04:45<00:49,  1.38s/it] time=2026-08-03 01:24:49
WATCH_PROGRESS label=L9_train_two_model_gpu sig=Epoch 45:   3%|▎         | 6/214 [00:08<05:07,  1.48s/it] time=2026-08-03 01:25:50
WATCH_PROGRESS label=L9_train_two_model_gpu sig=Epoch 45:  22%|██▏       | 48/214 [01:09<03:58,  1.44s/it] time=2026-08-03 01:26:50
WATCH_PROGRESS label=L9_train_two_model_gpu sig=Epoch 45:  43%|████▎     | 92/214 [02:10<02:42,  1.33s/it] time=2026-08-03 01:27:50
WATCH_PROGRESS label=L9_train_two_model_gpu sig=Epoch 45:  61%|██████    | 130/214 [03:08<02:20,  1.67s/it] time=2026-08-03 01:28:50
WATCH_PROGRESS label=L9_train_two_model_gpu sig=Epoch 45:  80%|████████  | 172/214 [04:10<01:04,  1.53s/it] time=2026-08-03 01:29:51
WATCH_PROGRESS label=L9_train_two_model_gpu sig=Epoch 46:   0%|          | 0/214 [00:00<?, ?it/s] time=2026-08-03 01:30:51
WATCH_PROGRESS label=L9_train_two_model_gpu sig=Epoch 46:  21%|██▏       | 46/214 [00:59<03:42,  1.32s/it] time=2026-08-03 01:31:51
WATCH_PROGRESS label=L9_train_two_model_gpu sig=Epoch 46:  42%|████▏     | 90/214 [02:01<02:45,  1.34s/it] time=2026-08-03 01:32:51
WATCH_HEARTBEAT label=L9_train_two_model_gpu idle_seconds=0 gpu=67075, 14082, 100 time=2026-08-03 01:32:51
WATCH_PROGRESS label=L9_train_two_model_gpu sig=Epoch 46:  62%|██████▏   | 132/214 [03:01<01:55,  1.40s/it] time=2026-08-03 01:33:52
WATCH_PROGRESS label=L9_train_two_model_gpu sig=Epoch 46:  81%|████████▏ | 174/214 [03:59<00:56,  1.41s/it] time=2026-08-03 01:34:52
WATCH_PROGRESS label=L9_train_two_model_gpu sig=Epoch 47:   1%|          | 2/214 [00:02<03:34,  1.01s/it] time=2026-08-03 01:35:52
WATCH_PROGRESS label=L9_train_two_model_gpu sig=Epoch 47:  21%|██▏       | 46/214 [01:03<04:18,  1.54s/it] time=2026-08-03 01:36:52
WATCH_PROGRESS label=L9_train_two_model_gpu sig=Epoch 47:  42%|████▏     | 90/214 [02:04<02:44,  1.33s/it] time=2026-08-03 01:37:53
WATCH_PROGRESS label=L9_train_two_model_gpu sig=Epoch 47:  62%|██████▏   | 132/214 [03:04<01:58,  1.44s/it] time=2026-08-03 01:38:53
WATCH_PROGRESS label=L9_train_two_model_gpu sig=Epoch 47:  81%|████████▏ | 174/214 [04:04<01:01,  1.55s/it] time=2026-08-03 01:39:54
WATCH_PROGRESS label=L9_train_two_model_gpu sig=Epoch 48:   2%|▏         | 4/214 [00:05<05:05,  1.46s/it] time=2026-08-03 01:40:54
WATCH_PROGRESS label=L9_train_two_model_gpu sig=Epoch 48:  21%|██▏       | 46/214 [01:07<04:20,  1.55s/it] time=2026-08-03 01:41:54
WATCH_PROGRESS label=L9_train_two_model_gpu sig=Epoch 48:  43%|████▎     | 92/214 [02:07<02:42,  1.33s/it] time=2026-08-03 01:42:54
WATCH_HEARTBEAT label=L9_train_two_model_gpu idle_seconds=0 gpu=67077, 14080, 97 time=2026-08-03 01:42:54
WATCH_PROGRESS label=L9_train_two_model_gpu sig=Epoch 48:  62%|██████▏   | 132/214 [03:05<01:59,  1.46s/it] time=2026-08-03 01:43:55
WATCH_PROGRESS label=L9_train_two_model_gpu sig=Epoch 48:  83%|████████▎ | 178/214 [04:09<00:50,  1.39s/it] time=2026-08-03 01:44:55
WATCH_PROGRESS label=L9_train_two_model_gpu sig=Epoch 49:   2%|▏         | 4/214 [00:06<05:15,  1.50s/it] time=2026-08-03 01:45:55
WATCH_PROGRESS label=L9_train_two_model_gpu sig=Epoch 49:  21%|██▏       | 46/214 [01:06<04:11,  1.49s/it] time=2026-08-03 01:46:55
WATCH_PROGRESS label=L9_train_two_model_gpu sig=Epoch 49:  42%|████▏     | 90/214 [02:07<02:38,  1.28s/it] time=2026-08-03 01:47:56
WATCH_PROGRESS label=L9_train_two_model_gpu sig=Epoch 49:  63%|██████▎   | 134/214 [03:08<01:56,  1.46s/it] time=2026-08-03 01:48:56
WATCH_PROGRESS label=L9_train_two_model_gpu sig=Epoch 49:  82%|████████▏ | 176/214 [04:08<00:58,  1.55s/it] time=2026-08-03 01:49:56
WATCH_PROGRESS label=L9_train_two_model_gpu sig=Epoch 50:   2%|▏         | 4/214 [00:05<04:55,  1.41s/it] time=2026-08-03 01:50:56
WATCH_PROGRESS label=L9_train_two_model_gpu sig=Epoch 50:  21%|██▏       | 46/214 [01:04<03:53,  1.39s/it] time=2026-08-03 01:51:57
WATCH_PROGRESS label=L9_train_two_model_gpu sig=Epoch 50:  42%|████▏     | 90/214 [02:06<03:06,  1.51s/it] time=2026-08-03 01:52:57
WATCH_HEARTBEAT label=L9_train_two_model_gpu idle_seconds=0 gpu=67077, 14080, 100 time=2026-08-03 01:52:57
WATCH_PROGRESS label=L9_train_two_model_gpu sig=Epoch 50:  62%|██████▏   | 132/214 [03:04<01:51,  1.36s/it] time=2026-08-03 01:53:57
WATCH_PROGRESS label=L9_train_two_model_gpu sig=Epoch 50:  81%|████████▏ | 174/214 [04:04<00:53,  1.34s/it] time=2026-08-03 01:54:57
WATCH_PROGRESS label=L9_train_two_model_gpu sig=Epoch 50: 100%|██████████| 214/214 [05:03<00:00,  1.42s/it][2026-08-03 01:55:54] [train done] layer=9 selected=/tmp/ph_teacher3/mabscos_top3_completion_job3126082_20260801/mmke-visual/minigpt-4-vicuna-7b/layer_09/records/vead/minigpt-4-vicuna-7b/pilot500_blip2_visedit_L09-lr-1-t-1-v-1/checkpoints/epoch-49-i-5243-ema_lo time=2026-08-03 01:55:58
PROCESS_END label=L9_train_two_model_gpu pid=1704002 rc=0 time=2026-08-03 01:55:58 CST
WATCH_START label=L9_eval idle_limit=7200 log=/tmp/ph_teacher3/mabscos_top3_completion_job3126082_20260801/logs/mmke-visual_minigpt-4-vicuna-7b_L9_retry_eval_20260802_212150.log time=2026-08-03 01:55:58 CST
PROCESS_START label=L9_eval pid=1786783 pgid=1786783
WATCH_PROGRESS label=L9_eval sig=Loading images: 100%|██████████| 293/293 [00:18<00:00, 15.61it/s][2026-08-03 01:56:54] eval samples=293 time=2026-08-03 01:56:58
WATCH_PROGRESS label=L9_eval sig=Loading checkpoint shards:   0%|          | 0/2 [00:00<?, ?it/s] time=2026-08-03 01:57:58
WATCH_PROGRESS label=L9_eval sig=Evaluating:   5%|▌         | 16/293 [00:16<04:44,  1.03s/it] time=2026-08-03 01:58:58
WATCH_PROGRESS label=L9_eval sig=Evaluating:  25%|██▌       | 74/293 [01:17<03:55,  1.08s/it] time=2026-08-03 01:59:59
WATCH_PROGRESS label=L9_eval sig=Evaluating:  45%|████▌     | 133/293 [02:16<02:43,  1.02s/it] time=2026-08-03 02:00:59
WATCH_PROGRESS label=L9_eval sig=Evaluating:  66%|██████▌   | 193/293 [03:17<01:39,  1.00it/s] time=2026-08-03 02:01:59
WATCH_PROGRESS label=L9_eval sig=Evaluating:  86%|████████▋ | 253/293 [04:18<00:38,  1.03it/s] time=2026-08-03 02:02:59
WATCH_PROGRESS label=L9_eval sig=Evaluating: 100%|██████████| 293/293 [04:58<00:00,  1.02s/it][2026-08-03 02:03:40] [eval done] layer=9 avg=76.58 time=2026-08-03 02:04:00
PROCESS_END label=L9_eval pid=1786783 rc=0 time=2026-08-03 02:04:00 CST
POST_EVAL_CLEANUP selected=/tmp/ph_teacher3/mabscos_top3_completion_job3126082_20260801/mmke-visual/minigpt-4-vicuna-7b/layer_09/records/vead/minigpt-4-vicuna-7b/pilot500_blip2_visedit_L09-lr-1-t-1-v-1/checkpoints/epoch-49-i-5243-ema_loss-0.2570 removed=52 bytes=2173198431
L9_RETRY_COMPLETE mode=two_model_gpu selected=/tmp/ph_teacher3/mabscos_top3_completion_job3126082_20260801/mmke-visual/minigpt-4-vicuna-7b/layer_09/records/vead/minigpt-4-vicuna-7b/pilot500_blip2_visedit_L09-lr-1-t-1-v-1/checkpoints/epoch-49-i-5243-ema_loss-0.2570 time=2026-08-03 02:04:00 CST
