Loading blip2-opt-2.7b from "models/blip2-opt-2.7b".
Loading checkpoint shards:   0%|          | 0/2 [00:00<?, ?it/s]Loading checkpoint shards:  50%|█████     | 1/2 [00:34<00:34, 34.55s/it]Loading checkpoint shards: 100%|██████████| 2/2 [00:52<00:00, 24.53s/it]Loading checkpoint shards: 100%|██████████| 2/2 [00:52<00:00, 26.04s/it]
Some kwargs in processor config are unused and will not have any effect: num_query_tokens. 
Both `max_new_tokens` (=32) and `max_length`(=51) seem to have been set. `max_new_tokens` will take precedence. Please refer to the documentation for more information. (https://huggingface.co/docs/transformers/main/en/main_classes/text_generation)
Both `max_new_tokens` (=32) and `max_length`(=51) seem to have been set. `max_new_tokens` will take precedence. Please refer to the documentation for more information. (https://huggingface.co/docs/transformers/main/en/main_classes/text_generation)
Both `max_new_tokens` (=32) and `max_length`(=51) seem to have been set. `max_new_tokens` will take precedence. Please refer to the documentation for more information. (https://huggingface.co/docs/transformers/main/en/main_classes/text_generation)
Both `max_new_tokens` (=32) and `max_length`(=51) seem to have been set. `max_new_tokens` will take precedence. Please refer to the documentation for more information. (https://huggingface.co/docs/transformers/main/en/main_classes/text_generation)
Both `max_new_tokens` (=32) and `max_length`(=51) seem to have been set. `max_new_tokens` will take precedence. Please refer to the documentation for more information. (https://huggingface.co/docs/transformers/main/en/main_classes/text_generation)
Both `max_new_tokens` (=32) and `max_length`(=51) seem to have been set. `max_new_tokens` will take precedence. Please refer to the documentation for more information. (https://huggingface.co/docs/transformers/main/en/main_classes/text_generation)
Both `max_new_tokens` (=32) and `max_length`(=51) seem to have been set. `max_new_tokens` will take precedence. Please refer to the documentation for more information. (https://huggingface.co/docs/transformers/main/en/main_classes/text_generation)
Both `max_new_tokens` (=32) and `max_length`(=51) seem to have been set. `max_new_tokens` will take precedence. Please refer to the documentation for more information. (https://huggingface.co/docs/transformers/main/en/main_classes/text_generation)
Both `max_new_tokens` (=32) and `max_length`(=51) seem to have been set. `max_new_tokens` will take precedence. Please refer to the documentation for more information. (https://huggingface.co/docs/transformers/main/en/main_classes/text_generation)
Both `max_new_tokens` (=32) and `max_length`(=51) seem to have been set. `max_new_tokens` will take precedence. Please refer to the documentation for more information. (https://huggingface.co/docs/transformers/main/en/main_classes/text_generation)
Both `max_new_tokens` (=32) and `max_length`(=51) seem to have been set. `max_new_tokens` will take precedence. Please refer to the documentation for more information. (https://huggingface.co/docs/transformers/main/en/main_classes/text_generation)
Both `max_new_tokens` (=32) and `max_length`(=51) seem to have been set. `max_new_tokens` will take precedence. Please refer to the documentation for more information. (https://huggingface.co/docs/transformers/main/en/main_classes/text_generation)
Both `max_new_tokens` (=32) and `max_length`(=51) seem to have been set. `max_new_tokens` will take precedence. Please refer to the documentation for more information. (https://huggingface.co/docs/transformers/main/en/main_classes/text_generation)
Both `max_new_tokens` (=32) and `max_length`(=51) seem to have been set. `max_new_tokens` will take precedence. Please refer to the documentation for more information. (https://huggingface.co/docs/transformers/main/en/main_classes/text_generation)
Both `max_new_tokens` (=32) and `max_length`(=51) seem to have been set. `max_new_tokens` will take precedence. Please refer to the documentation for more information. (https://huggingface.co/docs/transformers/main/en/main_classes/text_generation)
Both `max_new_tokens` (=32) and `max_length`(=51) seem to have been set. `max_new_tokens` will take precedence. Please refer to the documentation for more information. (https://huggingface.co/docs/transformers/main/en/main_classes/text_generation)
Both `max_new_tokens` (=32) and `max_length`(=51) seem to have been set. `max_new_tokens` will take precedence. Please refer to the documentation for more information. (https://huggingface.co/docs/transformers/main/en/main_classes/text_generation)
Both `max_new_tokens` (=32) and `max_length`(=51) seem to have been set. `max_new_tokens` will take precedence. Please refer to the documentation for more information. (https://huggingface.co/docs/transformers/main/en/main_classes/text_generation)
Both `max_new_tokens` (=32) and `max_length`(=51) seem to have been set. `max_new_tokens` will take precedence. Please refer to the documentation for more information. (https://huggingface.co/docs/transformers/main/en/main_classes/text_generation)
Both `max_new_tokens` (=32) and `max_length`(=51) seem to have been set. `max_new_tokens` will take precedence. Please refer to the documentation for more information. (https://huggingface.co/docs/transformers/main/en/main_classes/text_generation)
Both `max_new_tokens` (=32) and `max_length`(=51) seem to have been set. `max_new_tokens` will take precedence. Please refer to the documentation for more information. (https://huggingface.co/docs/transformers/main/en/main_classes/text_generation)
Both `max_new_tokens` (=32) and `max_length`(=51) seem to have been set. `max_new_tokens` will take precedence. Please refer to the documentation for more information. (https://huggingface.co/docs/transformers/main/en/main_classes/text_generation)
Both `max_new_tokens` (=32) and `max_length`(=51) seem to have been set. `max_new_tokens` will take precedence. Please refer to the documentation for more information. (https://huggingface.co/docs/transformers/main/en/main_classes/text_generation)
Both `max_new_tokens` (=32) and `max_length`(=51) seem to have been set. `max_new_tokens` will take precedence. Please refer to the documentation for more information. (https://huggingface.co/docs/transformers/main/en/main_classes/text_generation)
Both `max_new_tokens` (=32) and `max_length`(=51) seem to have been set. `max_new_tokens` will take precedence. Please refer to the documentation for more information. (https://huggingface.co/docs/transformers/main/en/main_classes/text_generation)
Both `max_new_tokens` (=32) and `max_length`(=51) seem to have been set. `max_new_tokens` will take precedence. Please refer to the documentation for more information. (https://huggingface.co/docs/transformers/main/en/main_classes/text_generation)
Both `max_new_tokens` (=32) and `max_length`(=51) seem to have been set. `max_new_tokens` will take precedence. Please refer to the documentation for more information. (https://huggingface.co/docs/transformers/main/en/main_classes/text_generation)
Both `max_new_tokens` (=32) and `max_length`(=51) seem to have been set. `max_new_tokens` will take precedence. Please refer to the documentation for more information. (https://huggingface.co/docs/transformers/main/en/main_classes/text_generation)
Both `max_new_tokens` (=32) and `max_length`(=51) seem to have been set. `max_new_tokens` will take precedence. Please refer to the documentation for more information. (https://huggingface.co/docs/transformers/main/en/main_classes/text_generation)
Both `max_new_tokens` (=32) and `max_length`(=51) seem to have been set. `max_new_tokens` will take precedence. Please refer to the documentation for more information. (https://huggingface.co/docs/transformers/main/en/main_classes/text_generation)
Both `max_new_tokens` (=32) and `max_length`(=51) seem to have been set. `max_new_tokens` will take precedence. Please refer to the documentation for more information. (https://huggingface.co/docs/transformers/main/en/main_classes/text_generation)
Both `max_new_tokens` (=32) and `max_length`(=51) seem to have been set. `max_new_tokens` will take precedence. Please refer to the documentation for more information. (https://huggingface.co/docs/transformers/main/en/main_classes/text_generation)
Both `max_new_tokens` (=32) and `max_length`(=51) seem to have been set. `max_new_tokens` will take precedence. Please refer to the documentation for more information. (https://huggingface.co/docs/transformers/main/en/main_classes/text_generation)
Both `max_new_tokens` (=32) and `max_length`(=51) seem to have been set. `max_new_tokens` will take precedence. Please refer to the documentation for more information. (https://huggingface.co/docs/transformers/main/en/main_classes/text_generation)
Both `max_new_tokens` (=32) and `max_length`(=51) seem to have been set. `max_new_tokens` will take precedence. Please refer to the documentation for more information. (https://huggingface.co/docs/transformers/main/en/main_classes/text_generation)
Both `max_new_tokens` (=32) and `max_length`(=51) seem to have been set. `max_new_tokens` will take precedence. Please refer to the documentation for more information. (https://huggingface.co/docs/transformers/main/en/main_classes/text_generation)
Both `max_new_tokens` (=32) and `max_length`(=51) seem to have been set. `max_new_tokens` will take precedence. Please refer to the documentation for more information. (https://huggingface.co/docs/transformers/main/en/main_classes/text_generation)
Both `max_new_tokens` (=32) and `max_length`(=51) seem to have been set. `max_new_tokens` will take precedence. Please refer to the documentation for more information. (https://huggingface.co/docs/transformers/main/en/main_classes/text_generation)
Both `max_new_tokens` (=32) and `max_length`(=51) seem to have been set. `max_new_tokens` will take precedence. Please refer to the documentation for more information. (https://huggingface.co/docs/transformers/main/en/main_classes/text_generation)
Both `max_new_tokens` (=32) and `max_length`(=51) seem to have been set. `max_new_tokens` will take precedence. Please refer to the documentation for more information. (https://huggingface.co/docs/transformers/main/en/main_classes/text_generation)
Both `max_new_tokens` (=32) and `max_length`(=51) seem to have been set. `max_new_tokens` will take precedence. Please refer to the documentation for more information. (https://huggingface.co/docs/transformers/main/en/main_classes/text_generation)
Both `max_new_tokens` (=32) and `max_length`(=51) seem to have been set. `max_new_tokens` will take precedence. Please refer to the documentation for more information. (https://huggingface.co/docs/transformers/main/en/main_classes/text_generation)
Both `max_new_tokens` (=32) and `max_length`(=51) seem to have been set. `max_new_tokens` will take precedence. Please refer to the documentation for more information. (https://huggingface.co/docs/transformers/main/en/main_classes/text_generation)
Both `max_new_tokens` (=32) and `max_length`(=51) seem to have been set. `max_new_tokens` will take precedence. Please refer to the documentation for more information. (https://huggingface.co/docs/transformers/main/en/main_classes/text_generation)
Both `max_new_tokens` (=32) and `max_length`(=51) seem to have been set. `max_new_tokens` will take precedence. Please refer to the documentation for more information. (https://huggingface.co/docs/transformers/main/en/main_classes/text_generation)
Both `max_new_tokens` (=32) and `max_length`(=51) seem to have been set. `max_new_tokens` will take precedence. Please refer to the documentation for more information. (https://huggingface.co/docs/transformers/main/en/main_classes/text_generation)
Both `max_new_tokens` (=32) and `max_length`(=51) seem to have been set. `max_new_tokens` will take precedence. Please refer to the documentation for more information. (https://huggingface.co/docs/transformers/main/en/main_classes/text_generation)
Both `max_new_tokens` (=32) and `max_length`(=51) seem to have been set. `max_new_tokens` will take precedence. Please refer to the documentation for more information. (https://huggingface.co/docs/transformers/main/en/main_classes/text_generation)
Both `max_new_tokens` (=32) and `max_length`(=51) seem to have been set. `max_new_tokens` will take precedence. Please refer to the documentation for more information. (https://huggingface.co/docs/transformers/main/en/main_classes/text_generation)
Both `max_new_tokens` (=32) and `max_length`(=51) seem to have been set. `max_new_tokens` will take precedence. Please refer to the documentation for more information. (https://huggingface.co/docs/transformers/main/en/main_classes/text_generation)
Both `max_new_tokens` (=32) and `max_length`(=51) seem to have been set. `max_new_tokens` will take precedence. Please refer to the documentation for more information. (https://huggingface.co/docs/transformers/main/en/main_classes/text_generation)
Both `max_new_tokens` (=32) and `max_length`(=51) seem to have been set. `max_new_tokens` will take precedence. Please refer to the documentation for more information. (https://huggingface.co/docs/transformers/main/en/main_classes/text_generation)
Both `max_new_tokens` (=32) and `max_length`(=51) seem to have been set. `max_new_tokens` will take precedence. Please refer to the documentation for more information. (https://huggingface.co/docs/transformers/main/en/main_classes/text_generation)
Both `max_new_tokens` (=32) and `max_length`(=51) seem to have been set. `max_new_tokens` will take precedence. Please refer to the documentation for more information. (https://huggingface.co/docs/transformers/main/en/main_classes/text_generation)
Both `max_new_tokens` (=32) and `max_length`(=51) seem to have been set. `max_new_tokens` will take precedence. Please refer to the documentation for more information. (https://huggingface.co/docs/transformers/main/en/main_classes/text_generation)
Both `max_new_tokens` (=32) and `max_length`(=51) seem to have been set. `max_new_tokens` will take precedence. Please refer to the documentation for more information. (https://huggingface.co/docs/transformers/main/en/main_classes/text_generation)
Both `max_new_tokens` (=32) and `max_length`(=51) seem to have been set. `max_new_tokens` will take precedence. Please refer to the documentation for more information. (https://huggingface.co/docs/transformers/main/en/main_classes/text_generation)
Both `max_new_tokens` (=32) and `max_length`(=51) seem to have been set. `max_new_tokens` will take precedence. Please refer to the documentation for more information. (https://huggingface.co/docs/transformers/main/en/main_classes/text_generation)
Both `max_new_tokens` (=32) and `max_length`(=51) seem to have been set. `max_new_tokens` will take precedence. Please refer to the documentation for more information. (https://huggingface.co/docs/transformers/main/en/main_classes/text_generation)
Both `max_new_tokens` (=32) and `max_length`(=51) seem to have been set. `max_new_tokens` will take precedence. Please refer to the documentation for more information. (https://huggingface.co/docs/transformers/main/en/main_classes/text_generation)
Both `max_new_tokens` (=32) and `max_length`(=51) seem to have been set. `max_new_tokens` will take precedence. Please refer to the documentation for more information. (https://huggingface.co/docs/transformers/main/en/main_classes/text_generation)
Both `max_new_tokens` (=32) and `max_length`(=51) seem to have been set. `max_new_tokens` will take precedence. Please refer to the documentation for more information. (https://huggingface.co/docs/transformers/main/en/main_classes/text_generation)
Padding side is set as "right".
[generality-old-answer] train_0:generality.text_rephrase:0: The bridge is the bridge
[generality-old-answer] train_0:generality.image_rephrase:0: The bridge is the Red Bridge
[generality-old-answer] train_1:generality.text_rephrase:0: The bridge is the bridge
[generality-old-answer] train_1:generality.image_rephrase:0: the iron bridge
[generality-old-answer] train_2:generality.text_rephrase:0: The bridge is the bridge
[generality-old-answer] train_2:generality.image_rephrase:0: The bridge is the Blue Bridge
[generality-old-answer] train_3:generality.text_rephrase:0: The bridge is the bridge
[generality-old-answer] train_3:generality.image_rephrase:0: the bridge is the shanghai bridge
[generality-old-answer] train_4:generality.text_rephrase:0: The bridge is the bridge
[generality-old-answer] train_4:generality.image_rephrase:0: the bridge is called the kurashiki bridge
[generality-old-answer] train_5:generality.text_rephrase:0: The bridge is the bridge of the city of sibiu
[generality-old-answer] train_5:generality.image_rephrase:0: the bridge is called the bridge of the kings
[generality-old-answer] train_6:generality.text_rephrase:0: The bridge is the bridge over the river
[generality-old-answer] train_6:generality.image_rephrase:0: The bridge is called the "Bridges of the World"
[generality-old-answer] train_7:generality.text_rephrase:0: The viaduct
[generality-old-answer] train_7:generality.image_rephrase:0: The viaduct bridge
[generality-old-answer] train_8:generality.text_rephrase:0: The bridge is the bridge
[generality-old-answer] train_8:generality.image_rephrase:0: The bridge is called the Pont des Arts
[generality-old-answer] train_9:generality.text_rephrase:0: the stockholm stock exchange building
[generality-old-answer] train_9:generality.image_rephrase:0: The bridge is called the bridge of the city of Gothenburg
[generality-old-answer] train_10:generality.text_rephrase:0: the bridge is the bridge of the bridge
[generality-old-answer] train_10:generality.image_rephrase:0: bridge over the river tay
[generality-old-answer] train_11:generality.text_rephrase:0: The bridge is the Yangtze River Bridge
[generality-old-answer] train_11:generality.image_rephrase:0: The bridge is the span of the river
[generality-old-answer] train_12:generality.text_rephrase:0: The bridge is the bridge over the river
[generality-old-answer] train_12:generality.image_rephrase:0: The bridge shown in the picture is the one on the right
[generality-old-answer] train_13:generality.text_rephrase:0: The bridge is the bridge
[generality-old-answer] train_13:generality.image_rephrase:0: rhein-erzgebirge
[generality-old-answer] train_14:generality.text_rephrase:0: The bridge is the bridge
[generality-old-answer] train_14:generality.image_rephrase:0: The Florida Keys Bridge
[generality-old-answer] train_15:generality.text_rephrase:0: The bridge is the bridge of the city of luzern
[generality-old-answer] train_15:generality.image_rephrase:0: The bridge is the bridge over the river
[generality-old-answer] train_16:generality.text_rephrase:0: The bridge is the old stone bridge in the background
[generality-old-answer] train_16:generality.image_rephrase:0: the bridge is called the bridge of the two towers
[generality-old-answer] train_17:generality.text_rephrase:0: The bridge is the span of the river
[generality-old-answer] train_17:generality.image_rephrase:0: The bridge is called the bridge of the elephants
[generality-old-answer] train_18:generality.text_rephrase:0: The bridge is the bridge of the city of st petersburg
[generality-old-answer] train_18:generality.image_rephrase:0: the bridge is called the stanislavski bridge
[generality-old-answer] train_19:generality.text_rephrase:0: The building is the "Haus der Kunst"
[generality-old-answer] train_19:generality.image_rephrase:0: The bridge is called the "Berlin Wall"
[generality-old-answer] train_20:generality.text_rephrase:0: the bridge is the bridge of the norwegian fjord
[generality-old-answer] train_20:generality.image_rephrase:0: the bridge is the dutch-german bridge over the river amstel
[generality-old-answer] train_21:generality.text_rephrase:0: The bridge is the bridge over the river
[generality-old-answer] train_21:generality.image_rephrase:0: The bridge shown in the picture is the one in the picture
[generality-old-answer] train_22:generality.text_rephrase:0: The bridge is the bridge
[generality-old-answer] train_22:generality.image_rephrase:0: The bridge is the bridge over the river
[generality-old-answer] train_23:generality.text_rephrase:0: The covered bridge
[generality-old-answer] train_23:generality.image_rephrase:0: Clearance Bridge
[generality-old-answer] train_24:generality.text_rephrase:0: The bridge is the bridge
[generality-old-answer] train_24:generality.image_rephrase:0: The bridge is called the "Stone Bridge"
[generality-old-answer] train_25:generality.text_rephrase:0: Bridge over the river
[generality-old-answer] train_25:generality.image_rephrase:0: Clemensville
[generality-old-answer] train_26:generality.text_rephrase:0: The bridge is the Golden Gate Bridge
[generality-old-answer] train_26:generality.image_rephrase:0: the bridge is called the bridge of the sun
[generality-old-answer] train_27:generality.text_rephrase:0: The bridge is the bridge
[generality-old-answer] train_27:generality.image_rephrase:0: the bridge is called the bridge of the two rivers
[generality-old-answer] train_28:generality.text_rephrase:0: The bridge is the bridge
[generality-old-answer] train_28:generality.image_rephrase:0: The bridge is called the "old bridge"
[generality-old-answer] train_29:generality.text_rephrase:0: The bridge is the Danube Bridge
[generality-old-answer] train_29:generality.image_rephrase:0: The bridge is the viaduct of the viaduct of the viaduct of the viaduct of the viaduct of the viaduct
gradient_target=adapter_output_delta_h_vis
loss_mode=relgenloc
entity_weight=1.0
generality_weight=1.0
locality_weight=1.0
base_requires_grad_params=0
adapter_used=True
[relgenloc-gla] layer=0 path=language_model.model.decoder.layers.0 adapter_trainable_params=22054400
[scan] layer=0 sample=1/30
[scan] layer=0 sample=2/30
[scan] layer=0 sample=3/30
[scan] layer=0 sample=4/30
[scan] layer=0 sample=5/30
[scan] layer=0 sample=6/30
[scan] layer=0 sample=7/30
[scan] layer=0 sample=8/30
[scan] layer=0 sample=9/30
[scan] layer=0 sample=10/30
[scan] layer=0 sample=11/30
[scan] layer=0 sample=12/30
[scan] layer=0 sample=13/30
[scan] layer=0 sample=14/30
[scan] layer=0 sample=15/30
[scan] layer=0 sample=16/30
[scan] layer=0 sample=17/30
[scan] layer=0 sample=18/30
[scan] layer=0 sample=19/30
[scan] layer=0 sample=20/30
[scan] layer=0 sample=21/30
[scan] layer=0 sample=22/30
[scan] layer=0 sample=23/30
[scan] layer=0 sample=24/30
[scan] layer=0 sample=25/30
[scan] layer=0 sample=26/30
[scan] layer=0 sample=27/30
[scan] layer=0 sample=28/30
[scan] layer=0 sample=29/30
[scan] layer=0 sample=30/30
[relgenloc-gla] layer=1 path=language_model.model.decoder.layers.1 adapter_trainable_params=22054400
[scan] layer=1 sample=1/30
[scan] layer=1 sample=2/30
[scan] layer=1 sample=3/30
[scan] layer=1 sample=4/30
[scan] layer=1 sample=5/30
[scan] layer=1 sample=6/30
[scan] layer=1 sample=7/30
[scan] layer=1 sample=8/30
[scan] layer=1 sample=9/30
[scan] layer=1 sample=10/30
[scan] layer=1 sample=11/30
[scan] layer=1 sample=12/30
[scan] layer=1 sample=13/30
[scan] layer=1 sample=14/30
[scan] layer=1 sample=15/30
[scan] layer=1 sample=16/30
[scan] layer=1 sample=17/30
[scan] layer=1 sample=18/30
[scan] layer=1 sample=19/30
[scan] layer=1 sample=20/30
[scan] layer=1 sample=21/30
[scan] layer=1 sample=22/30
[scan] layer=1 sample=23/30
[scan] layer=1 sample=24/30
[scan] layer=1 sample=25/30
[scan] layer=1 sample=26/30
[scan] layer=1 sample=27/30
[scan] layer=1 sample=28/30
[scan] layer=1 sample=29/30
[scan] layer=1 sample=30/30
[relgenloc-gla] layer=2 path=language_model.model.decoder.layers.2 adapter_trainable_params=22054400
[scan] layer=2 sample=1/30
[scan] layer=2 sample=2/30
[scan] layer=2 sample=3/30
[scan] layer=2 sample=4/30
[scan] layer=2 sample=5/30
[scan] layer=2 sample=6/30
[scan] layer=2 sample=7/30
[scan] layer=2 sample=8/30
[scan] layer=2 sample=9/30
[scan] layer=2 sample=10/30
[scan] layer=2 sample=11/30
[scan] layer=2 sample=12/30
[scan] layer=2 sample=13/30
[scan] layer=2 sample=14/30
[scan] layer=2 sample=15/30
[scan] layer=2 sample=16/30
[scan] layer=2 sample=17/30
[scan] layer=2 sample=18/30
[scan] layer=2 sample=19/30
[scan] layer=2 sample=20/30
[scan] layer=2 sample=21/30
[scan] layer=2 sample=22/30
[scan] layer=2 sample=23/30
[scan] layer=2 sample=24/30
[scan] layer=2 sample=25/30
[scan] layer=2 sample=26/30
[scan] layer=2 sample=27/30
[scan] layer=2 sample=28/30
[scan] layer=2 sample=29/30
[scan] layer=2 sample=30/30
[relgenloc-gla] layer=3 path=language_model.model.decoder.layers.3 adapter_trainable_params=22054400
[scan] layer=3 sample=1/30
[scan] layer=3 sample=2/30
[scan] layer=3 sample=3/30
[scan] layer=3 sample=4/30
[scan] layer=3 sample=5/30
[scan] layer=3 sample=6/30
[scan] layer=3 sample=7/30
[scan] layer=3 sample=8/30
[scan] layer=3 sample=9/30
[scan] layer=3 sample=10/30
[scan] layer=3 sample=11/30
[scan] layer=3 sample=12/30
[scan] layer=3 sample=13/30
[scan] layer=3 sample=14/30
[scan] layer=3 sample=15/30
[scan] layer=3 sample=16/30
[scan] layer=3 sample=17/30
[scan] layer=3 sample=18/30
[scan] layer=3 sample=19/30
[scan] layer=3 sample=20/30
[scan] layer=3 sample=21/30
[scan] layer=3 sample=22/30
[scan] layer=3 sample=23/30
[scan] layer=3 sample=24/30
[scan] layer=3 sample=25/30
[scan] layer=3 sample=26/30
[scan] layer=3 sample=27/30
[scan] layer=3 sample=28/30
[scan] layer=3 sample=29/30
[scan] layer=3 sample=30/30
[relgenloc-gla] layer=4 path=language_model.model.decoder.layers.4 adapter_trainable_params=22054400
[scan] layer=4 sample=1/30
[scan] layer=4 sample=2/30
[scan] layer=4 sample=3/30
[scan] layer=4 sample=4/30
[scan] layer=4 sample=5/30
[scan] layer=4 sample=6/30
[scan] layer=4 sample=7/30
[scan] layer=4 sample=8/30
[scan] layer=4 sample=9/30
[scan] layer=4 sample=10/30
[scan] layer=4 sample=11/30
[scan] layer=4 sample=12/30
[scan] layer=4 sample=13/30
[scan] layer=4 sample=14/30
[scan] layer=4 sample=15/30
[scan] layer=4 sample=16/30
[scan] layer=4 sample=17/30
[scan] layer=4 sample=18/30
[scan] layer=4 sample=19/30
[scan] layer=4 sample=20/30
[scan] layer=4 sample=21/30
[scan] layer=4 sample=22/30
[scan] layer=4 sample=23/30
[scan] layer=4 sample=24/30
[scan] layer=4 sample=25/30
[scan] layer=4 sample=26/30
[scan] layer=4 sample=27/30
[scan] layer=4 sample=28/30
[scan] layer=4 sample=29/30
[scan] layer=4 sample=30/30
[relgenloc-gla] layer=5 path=language_model.model.decoder.layers.5 adapter_trainable_params=22054400
[scan] layer=5 sample=1/30
[scan] layer=5 sample=2/30
[scan] layer=5 sample=3/30
[scan] layer=5 sample=4/30
[scan] layer=5 sample=5/30
[scan] layer=5 sample=6/30
[scan] layer=5 sample=7/30
[scan] layer=5 sample=8/30
[scan] layer=5 sample=9/30
[scan] layer=5 sample=10/30
[scan] layer=5 sample=11/30
[scan] layer=5 sample=12/30
[scan] layer=5 sample=13/30
[scan] layer=5 sample=14/30
[scan] layer=5 sample=15/30
[scan] layer=5 sample=16/30
[scan] layer=5 sample=17/30
[scan] layer=5 sample=18/30
[scan] layer=5 sample=19/30
[scan] layer=5 sample=20/30
[scan] layer=5 sample=21/30
[scan] layer=5 sample=22/30
[scan] layer=5 sample=23/30
[scan] layer=5 sample=24/30
[scan] layer=5 sample=25/30
[scan] layer=5 sample=26/30
[scan] layer=5 sample=27/30
[scan] layer=5 sample=28/30
[scan] layer=5 sample=29/30
[scan] layer=5 sample=30/30
[relgenloc-gla] layer=6 path=language_model.model.decoder.layers.6 adapter_trainable_params=22054400
[scan] layer=6 sample=1/30
[scan] layer=6 sample=2/30
[scan] layer=6 sample=3/30
[scan] layer=6 sample=4/30
[scan] layer=6 sample=5/30
[scan] layer=6 sample=6/30
[scan] layer=6 sample=7/30
[scan] layer=6 sample=8/30
[scan] layer=6 sample=9/30
[scan] layer=6 sample=10/30
[scan] layer=6 sample=11/30
[scan] layer=6 sample=12/30
[scan] layer=6 sample=13/30
[scan] layer=6 sample=14/30
[scan] layer=6 sample=15/30
[scan] layer=6 sample=16/30
[scan] layer=6 sample=17/30
[scan] layer=6 sample=18/30
[scan] layer=6 sample=19/30
[scan] layer=6 sample=20/30
[scan] layer=6 sample=21/30
[scan] layer=6 sample=22/30
[scan] layer=6 sample=23/30
[scan] layer=6 sample=24/30
[scan] layer=6 sample=25/30
[scan] layer=6 sample=26/30
[scan] layer=6 sample=27/30
[scan] layer=6 sample=28/30
[scan] layer=6 sample=29/30
[scan] layer=6 sample=30/30
[relgenloc-gla] layer=7 path=language_model.model.decoder.layers.7 adapter_trainable_params=22054400
[scan] layer=7 sample=1/30
[scan] layer=7 sample=2/30
[scan] layer=7 sample=3/30
[scan] layer=7 sample=4/30
[scan] layer=7 sample=5/30
[scan] layer=7 sample=6/30
[scan] layer=7 sample=7/30
[scan] layer=7 sample=8/30
[scan] layer=7 sample=9/30
[scan] layer=7 sample=10/30
[scan] layer=7 sample=11/30
[scan] layer=7 sample=12/30
[scan] layer=7 sample=13/30
[scan] layer=7 sample=14/30
[scan] layer=7 sample=15/30
[scan] layer=7 sample=16/30
[scan] layer=7 sample=17/30
[scan] layer=7 sample=18/30
[scan] layer=7 sample=19/30
[scan] layer=7 sample=20/30
[scan] layer=7 sample=21/30
[scan] layer=7 sample=22/30
[scan] layer=7 sample=23/30
[scan] layer=7 sample=24/30
[scan] layer=7 sample=25/30
[scan] layer=7 sample=26/30
[scan] layer=7 sample=27/30
[scan] layer=7 sample=28/30
[scan] layer=7 sample=29/30
[scan] layer=7 sample=30/30
[relgenloc-gla] layer=8 path=language_model.model.decoder.layers.8 adapter_trainable_params=22054400
[scan] layer=8 sample=1/30
[scan] layer=8 sample=2/30
[scan] layer=8 sample=3/30
[scan] layer=8 sample=4/30
[scan] layer=8 sample=5/30
[scan] layer=8 sample=6/30
[scan] layer=8 sample=7/30
[scan] layer=8 sample=8/30
[scan] layer=8 sample=9/30
[scan] layer=8 sample=10/30
[scan] layer=8 sample=11/30
[scan] layer=8 sample=12/30
[scan] layer=8 sample=13/30
[scan] layer=8 sample=14/30
[scan] layer=8 sample=15/30
[scan] layer=8 sample=16/30
[scan] layer=8 sample=17/30
[scan] layer=8 sample=18/30
[scan] layer=8 sample=19/30
[scan] layer=8 sample=20/30
[scan] layer=8 sample=21/30
[scan] layer=8 sample=22/30
[scan] layer=8 sample=23/30
[scan] layer=8 sample=24/30
[scan] layer=8 sample=25/30
[scan] layer=8 sample=26/30
[scan] layer=8 sample=27/30
[scan] layer=8 sample=28/30
[scan] layer=8 sample=29/30
[scan] layer=8 sample=30/30
[relgenloc-gla] layer=9 path=language_model.model.decoder.layers.9 adapter_trainable_params=22054400
[scan] layer=9 sample=1/30
[scan] layer=9 sample=2/30
[scan] layer=9 sample=3/30
[scan] layer=9 sample=4/30
[scan] layer=9 sample=5/30
[scan] layer=9 sample=6/30
[scan] layer=9 sample=7/30
[scan] layer=9 sample=8/30
[scan] layer=9 sample=9/30
[scan] layer=9 sample=10/30
[scan] layer=9 sample=11/30
[scan] layer=9 sample=12/30
[scan] layer=9 sample=13/30
[scan] layer=9 sample=14/30
[scan] layer=9 sample=15/30
[scan] layer=9 sample=16/30
[scan] layer=9 sample=17/30
[scan] layer=9 sample=18/30
[scan] layer=9 sample=19/30
[scan] layer=9 sample=20/30
[scan] layer=9 sample=21/30
[scan] layer=9 sample=22/30
[scan] layer=9 sample=23/30
[scan] layer=9 sample=24/30
[scan] layer=9 sample=25/30
[scan] layer=9 sample=26/30
[scan] layer=9 sample=27/30
[scan] layer=9 sample=28/30
[scan] layer=9 sample=29/30
[scan] layer=9 sample=30/30
[relgenloc-gla] layer=10 path=language_model.model.decoder.layers.10 adapter_trainable_params=22054400
[scan] layer=10 sample=1/30
[scan] layer=10 sample=2/30
[scan] layer=10 sample=3/30
[scan] layer=10 sample=4/30
[scan] layer=10 sample=5/30
[scan] layer=10 sample=6/30
[scan] layer=10 sample=7/30
[scan] layer=10 sample=8/30
[scan] layer=10 sample=9/30
[scan] layer=10 sample=10/30
[scan] layer=10 sample=11/30
[scan] layer=10 sample=12/30
[scan] layer=10 sample=13/30
[scan] layer=10 sample=14/30
[scan] layer=10 sample=15/30
[scan] layer=10 sample=16/30
[scan] layer=10 sample=17/30
[scan] layer=10 sample=18/30
[scan] layer=10 sample=19/30
[scan] layer=10 sample=20/30
[scan] layer=10 sample=21/30
[scan] layer=10 sample=22/30
[scan] layer=10 sample=23/30
[scan] layer=10 sample=24/30
[scan] layer=10 sample=25/30
[scan] layer=10 sample=26/30
[scan] layer=10 sample=27/30
[scan] layer=10 sample=28/30
[scan] layer=10 sample=29/30
[scan] layer=10 sample=30/30
[relgenloc-gla] layer=11 path=language_model.model.decoder.layers.11 adapter_trainable_params=22054400
[scan] layer=11 sample=1/30
[scan] layer=11 sample=2/30
[scan] layer=11 sample=3/30
[scan] layer=11 sample=4/30
[scan] layer=11 sample=5/30
[scan] layer=11 sample=6/30
[scan] layer=11 sample=7/30
[scan] layer=11 sample=8/30
[scan] layer=11 sample=9/30
[scan] layer=11 sample=10/30
[scan] layer=11 sample=11/30
[scan] layer=11 sample=12/30
[scan] layer=11 sample=13/30
[scan] layer=11 sample=14/30
[scan] layer=11 sample=15/30
[scan] layer=11 sample=16/30
[scan] layer=11 sample=17/30
[scan] layer=11 sample=18/30
[scan] layer=11 sample=19/30
[scan] layer=11 sample=20/30
[scan] layer=11 sample=21/30
[scan] layer=11 sample=22/30
[scan] layer=11 sample=23/30
[scan] layer=11 sample=24/30
[scan] layer=11 sample=25/30
[scan] layer=11 sample=26/30
[scan] layer=11 sample=27/30
[scan] layer=11 sample=28/30
[scan] layer=11 sample=29/30
[scan] layer=11 sample=30/30
[relgenloc-gla] layer=12 path=language_model.model.decoder.layers.12 adapter_trainable_params=22054400
[scan] layer=12 sample=1/30
[scan] layer=12 sample=2/30
[scan] layer=12 sample=3/30
[scan] layer=12 sample=4/30
[scan] layer=12 sample=5/30
[scan] layer=12 sample=6/30
[scan] layer=12 sample=7/30
[scan] layer=12 sample=8/30
[scan] layer=12 sample=9/30
[scan] layer=12 sample=10/30
[scan] layer=12 sample=11/30
[scan] layer=12 sample=12/30
[scan] layer=12 sample=13/30
[scan] layer=12 sample=14/30
[scan] layer=12 sample=15/30
[scan] layer=12 sample=16/30
[scan] layer=12 sample=17/30
[scan] layer=12 sample=18/30
[scan] layer=12 sample=19/30
[scan] layer=12 sample=20/30
[scan] layer=12 sample=21/30
[scan] layer=12 sample=22/30
[scan] layer=12 sample=23/30
[scan] layer=12 sample=24/30
[scan] layer=12 sample=25/30
[scan] layer=12 sample=26/30
[scan] layer=12 sample=27/30
[scan] layer=12 sample=28/30
[scan] layer=12 sample=29/30
[scan] layer=12 sample=30/30
[relgenloc-gla] layer=13 path=language_model.model.decoder.layers.13 adapter_trainable_params=22054400
[scan] layer=13 sample=1/30
[scan] layer=13 sample=2/30
[scan] layer=13 sample=3/30
[scan] layer=13 sample=4/30
[scan] layer=13 sample=5/30
[scan] layer=13 sample=6/30
[scan] layer=13 sample=7/30
[scan] layer=13 sample=8/30
[scan] layer=13 sample=9/30
[scan] layer=13 sample=10/30
[scan] layer=13 sample=11/30
[scan] layer=13 sample=12/30
[scan] layer=13 sample=13/30
[scan] layer=13 sample=14/30
[scan] layer=13 sample=15/30
[scan] layer=13 sample=16/30
[scan] layer=13 sample=17/30
[scan] layer=13 sample=18/30
[scan] layer=13 sample=19/30
[scan] layer=13 sample=20/30
[scan] layer=13 sample=21/30
[scan] layer=13 sample=22/30
[scan] layer=13 sample=23/30
[scan] layer=13 sample=24/30
[scan] layer=13 sample=25/30
[scan] layer=13 sample=26/30
[scan] layer=13 sample=27/30
[scan] layer=13 sample=28/30
[scan] layer=13 sample=29/30
[scan] layer=13 sample=30/30
[relgenloc-gla] layer=14 path=language_model.model.decoder.layers.14 adapter_trainable_params=22054400
[scan] layer=14 sample=1/30
[scan] layer=14 sample=2/30
[scan] layer=14 sample=3/30
[scan] layer=14 sample=4/30
[scan] layer=14 sample=5/30
[scan] layer=14 sample=6/30
[scan] layer=14 sample=7/30
[scan] layer=14 sample=8/30
[scan] layer=14 sample=9/30
[scan] layer=14 sample=10/30
[scan] layer=14 sample=11/30
[scan] layer=14 sample=12/30
[scan] layer=14 sample=13/30
[scan] layer=14 sample=14/30
[scan] layer=14 sample=15/30
[scan] layer=14 sample=16/30
[scan] layer=14 sample=17/30
[scan] layer=14 sample=18/30
[scan] layer=14 sample=19/30
[scan] layer=14 sample=20/30
[scan] layer=14 sample=21/30
[scan] layer=14 sample=22/30
[scan] layer=14 sample=23/30
[scan] layer=14 sample=24/30
[scan] layer=14 sample=25/30
[scan] layer=14 sample=26/30
[scan] layer=14 sample=27/30
[scan] layer=14 sample=28/30
[scan] layer=14 sample=29/30
[scan] layer=14 sample=30/30
[relgenloc-gla] layer=15 path=language_model.model.decoder.layers.15 adapter_trainable_params=22054400
[scan] layer=15 sample=1/30
[scan] layer=15 sample=2/30
[scan] layer=15 sample=3/30
[scan] layer=15 sample=4/30
[scan] layer=15 sample=5/30
[scan] layer=15 sample=6/30
[scan] layer=15 sample=7/30
[scan] layer=15 sample=8/30
[scan] layer=15 sample=9/30
[scan] layer=15 sample=10/30
[scan] layer=15 sample=11/30
[scan] layer=15 sample=12/30
[scan] layer=15 sample=13/30
[scan] layer=15 sample=14/30
[scan] layer=15 sample=15/30
[scan] layer=15 sample=16/30
[scan] layer=15 sample=17/30
[scan] layer=15 sample=18/30
[scan] layer=15 sample=19/30
[scan] layer=15 sample=20/30
[scan] layer=15 sample=21/30
[scan] layer=15 sample=22/30
[scan] layer=15 sample=23/30
[scan] layer=15 sample=24/30
[scan] layer=15 sample=25/30
[scan] layer=15 sample=26/30
[scan] layer=15 sample=27/30
[scan] layer=15 sample=28/30
[scan] layer=15 sample=29/30
[scan] layer=15 sample=30/30
[relgenloc-gla] layer=16 path=language_model.model.decoder.layers.16 adapter_trainable_params=22054400
[scan] layer=16 sample=1/30
[scan] layer=16 sample=2/30
[scan] layer=16 sample=3/30
[scan] layer=16 sample=4/30
[scan] layer=16 sample=5/30
[scan] layer=16 sample=6/30
[scan] layer=16 sample=7/30
[scan] layer=16 sample=8/30
[scan] layer=16 sample=9/30
[scan] layer=16 sample=10/30
[scan] layer=16 sample=11/30
[scan] layer=16 sample=12/30
[scan] layer=16 sample=13/30
[scan] layer=16 sample=14/30
[scan] layer=16 sample=15/30
[scan] layer=16 sample=16/30
[scan] layer=16 sample=17/30
[scan] layer=16 sample=18/30
[scan] layer=16 sample=19/30
[scan] layer=16 sample=20/30
[scan] layer=16 sample=21/30
[scan] layer=16 sample=22/30
[scan] layer=16 sample=23/30
[scan] layer=16 sample=24/30
[scan] layer=16 sample=25/30
[scan] layer=16 sample=26/30
[scan] layer=16 sample=27/30
[scan] layer=16 sample=28/30
[scan] layer=16 sample=29/30
[scan] layer=16 sample=30/30
[relgenloc-gla] layer=17 path=language_model.model.decoder.layers.17 adapter_trainable_params=22054400
[scan] layer=17 sample=1/30
[scan] layer=17 sample=2/30
[scan] layer=17 sample=3/30
[scan] layer=17 sample=4/30
[scan] layer=17 sample=5/30
[scan] layer=17 sample=6/30
[scan] layer=17 sample=7/30
[scan] layer=17 sample=8/30
[scan] layer=17 sample=9/30
[scan] layer=17 sample=10/30
[scan] layer=17 sample=11/30
[scan] layer=17 sample=12/30
[scan] layer=17 sample=13/30
[scan] layer=17 sample=14/30
[scan] layer=17 sample=15/30
[scan] layer=17 sample=16/30
[scan] layer=17 sample=17/30
[scan] layer=17 sample=18/30
[scan] layer=17 sample=19/30
[scan] layer=17 sample=20/30
[scan] layer=17 sample=21/30
[scan] layer=17 sample=22/30
[scan] layer=17 sample=23/30
[scan] layer=17 sample=24/30
[scan] layer=17 sample=25/30
[scan] layer=17 sample=26/30
[scan] layer=17 sample=27/30
[scan] layer=17 sample=28/30
[scan] layer=17 sample=29/30
[scan] layer=17 sample=30/30
[relgenloc-gla] layer=18 path=language_model.model.decoder.layers.18 adapter_trainable_params=22054400
[scan] layer=18 sample=1/30
[scan] layer=18 sample=2/30
[scan] layer=18 sample=3/30
[scan] layer=18 sample=4/30
[scan] layer=18 sample=5/30
[scan] layer=18 sample=6/30
[scan] layer=18 sample=7/30
[scan] layer=18 sample=8/30
[scan] layer=18 sample=9/30
[scan] layer=18 sample=10/30
[scan] layer=18 sample=11/30
[scan] layer=18 sample=12/30
[scan] layer=18 sample=13/30
[scan] layer=18 sample=14/30
[scan] layer=18 sample=15/30
[scan] layer=18 sample=16/30
[scan] layer=18 sample=17/30
[scan] layer=18 sample=18/30
[scan] layer=18 sample=19/30
[scan] layer=18 sample=20/30
[scan] layer=18 sample=21/30
[scan] layer=18 sample=22/30
[scan] layer=18 sample=23/30
[scan] layer=18 sample=24/30
[scan] layer=18 sample=25/30
[scan] layer=18 sample=26/30
[scan] layer=18 sample=27/30
[scan] layer=18 sample=28/30
[scan] layer=18 sample=29/30
[scan] layer=18 sample=30/30
[relgenloc-gla] layer=19 path=language_model.model.decoder.layers.19 adapter_trainable_params=22054400
[scan] layer=19 sample=1/30
[scan] layer=19 sample=2/30
[scan] layer=19 sample=3/30
[scan] layer=19 sample=4/30
[scan] layer=19 sample=5/30
[scan] layer=19 sample=6/30
[scan] layer=19 sample=7/30
[scan] layer=19 sample=8/30
[scan] layer=19 sample=9/30
[scan] layer=19 sample=10/30
[scan] layer=19 sample=11/30
[scan] layer=19 sample=12/30
[scan] layer=19 sample=13/30
[scan] layer=19 sample=14/30
[scan] layer=19 sample=15/30
[scan] layer=19 sample=16/30
[scan] layer=19 sample=17/30
[scan] layer=19 sample=18/30
[scan] layer=19 sample=19/30
[scan] layer=19 sample=20/30
[scan] layer=19 sample=21/30
[scan] layer=19 sample=22/30
[scan] layer=19 sample=23/30
[scan] layer=19 sample=24/30
[scan] layer=19 sample=25/30
[scan] layer=19 sample=26/30
[scan] layer=19 sample=27/30
[scan] layer=19 sample=28/30
[scan] layer=19 sample=29/30
[scan] layer=19 sample=30/30
[relgenloc-gla] layer=20 path=language_model.model.decoder.layers.20 adapter_trainable_params=22054400
[scan] layer=20 sample=1/30
[scan] layer=20 sample=2/30
[scan] layer=20 sample=3/30
[scan] layer=20 sample=4/30
[scan] layer=20 sample=5/30
[scan] layer=20 sample=6/30
[scan] layer=20 sample=7/30
[scan] layer=20 sample=8/30
[scan] layer=20 sample=9/30
[scan] layer=20 sample=10/30
[scan] layer=20 sample=11/30
[scan] layer=20 sample=12/30
[scan] layer=20 sample=13/30
[scan] layer=20 sample=14/30
[scan] layer=20 sample=15/30
[scan] layer=20 sample=16/30
[scan] layer=20 sample=17/30
[scan] layer=20 sample=18/30
[scan] layer=20 sample=19/30
[scan] layer=20 sample=20/30
[scan] layer=20 sample=21/30
[scan] layer=20 sample=22/30
[scan] layer=20 sample=23/30
[scan] layer=20 sample=24/30
[scan] layer=20 sample=25/30
[scan] layer=20 sample=26/30
[scan] layer=20 sample=27/30
[scan] layer=20 sample=28/30
[scan] layer=20 sample=29/30
[scan] layer=20 sample=30/30
[relgenloc-gla] layer=21 path=language_model.model.decoder.layers.21 adapter_trainable_params=22054400
[scan] layer=21 sample=1/30
[scan] layer=21 sample=2/30
[scan] layer=21 sample=3/30
[scan] layer=21 sample=4/30
[scan] layer=21 sample=5/30
[scan] layer=21 sample=6/30
[scan] layer=21 sample=7/30
[scan] layer=21 sample=8/30
[scan] layer=21 sample=9/30
[scan] layer=21 sample=10/30
[scan] layer=21 sample=11/30
[scan] layer=21 sample=12/30
[scan] layer=21 sample=13/30
[scan] layer=21 sample=14/30
[scan] layer=21 sample=15/30
[scan] layer=21 sample=16/30
[scan] layer=21 sample=17/30
[scan] layer=21 sample=18/30
[scan] layer=21 sample=19/30
[scan] layer=21 sample=20/30
[scan] layer=21 sample=21/30
[scan] layer=21 sample=22/30
[scan] layer=21 sample=23/30
[scan] layer=21 sample=24/30
[scan] layer=21 sample=25/30
[scan] layer=21 sample=26/30
[scan] layer=21 sample=27/30
[scan] layer=21 sample=28/30
[scan] layer=21 sample=29/30
[scan] layer=21 sample=30/30
[relgenloc-gla] layer=22 path=language_model.model.decoder.layers.22 adapter_trainable_params=22054400
[scan] layer=22 sample=1/30
[scan] layer=22 sample=2/30
[scan] layer=22 sample=3/30
[scan] layer=22 sample=4/30
[scan] layer=22 sample=5/30
[scan] layer=22 sample=6/30
[scan] layer=22 sample=7/30
[scan] layer=22 sample=8/30
[scan] layer=22 sample=9/30
[scan] layer=22 sample=10/30
[scan] layer=22 sample=11/30
[scan] layer=22 sample=12/30
[scan] layer=22 sample=13/30
[scan] layer=22 sample=14/30
[scan] layer=22 sample=15/30
[scan] layer=22 sample=16/30
[scan] layer=22 sample=17/30
[scan] layer=22 sample=18/30
[scan] layer=22 sample=19/30
[scan] layer=22 sample=20/30
[scan] layer=22 sample=21/30
[scan] layer=22 sample=22/30
[scan] layer=22 sample=23/30
[scan] layer=22 sample=24/30
[scan] layer=22 sample=25/30
[scan] layer=22 sample=26/30
[scan] layer=22 sample=27/30
[scan] layer=22 sample=28/30
[scan] layer=22 sample=29/30
[scan] layer=22 sample=30/30
[relgenloc-gla] layer=23 path=language_model.model.decoder.layers.23 adapter_trainable_params=22054400
[scan] layer=23 sample=1/30
[scan] layer=23 sample=2/30
[scan] layer=23 sample=3/30
[scan] layer=23 sample=4/30
[scan] layer=23 sample=5/30
[scan] layer=23 sample=6/30
[scan] layer=23 sample=7/30
[scan] layer=23 sample=8/30
[scan] layer=23 sample=9/30
[scan] layer=23 sample=10/30
[scan] layer=23 sample=11/30
[scan] layer=23 sample=12/30
[scan] layer=23 sample=13/30
[scan] layer=23 sample=14/30
[scan] layer=23 sample=15/30
[scan] layer=23 sample=16/30
[scan] layer=23 sample=17/30
[scan] layer=23 sample=18/30
[scan] layer=23 sample=19/30
[scan] layer=23 sample=20/30
[scan] layer=23 sample=21/30
[scan] layer=23 sample=22/30
[scan] layer=23 sample=23/30
[scan] layer=23 sample=24/30
[scan] layer=23 sample=25/30
[scan] layer=23 sample=26/30
[scan] layer=23 sample=27/30
[scan] layer=23 sample=28/30
[scan] layer=23 sample=29/30
[scan] layer=23 sample=30/30
[relgenloc-gla] layer=24 path=language_model.model.decoder.layers.24 adapter_trainable_params=22054400
[scan] layer=24 sample=1/30
[scan] layer=24 sample=2/30
[scan] layer=24 sample=3/30
[scan] layer=24 sample=4/30
[scan] layer=24 sample=5/30
[scan] layer=24 sample=6/30
[scan] layer=24 sample=7/30
[scan] layer=24 sample=8/30
[scan] layer=24 sample=9/30
[scan] layer=24 sample=10/30
[scan] layer=24 sample=11/30
[scan] layer=24 sample=12/30
[scan] layer=24 sample=13/30
[scan] layer=24 sample=14/30
[scan] layer=24 sample=15/30
[scan] layer=24 sample=16/30
[scan] layer=24 sample=17/30
[scan] layer=24 sample=18/30
[scan] layer=24 sample=19/30
[scan] layer=24 sample=20/30
[scan] layer=24 sample=21/30
[scan] layer=24 sample=22/30
[scan] layer=24 sample=23/30
[scan] layer=24 sample=24/30
[scan] layer=24 sample=25/30
[scan] layer=24 sample=26/30
[scan] layer=24 sample=27/30
[scan] layer=24 sample=28/30
[scan] layer=24 sample=29/30
[scan] layer=24 sample=30/30
[relgenloc-gla] layer=25 path=language_model.model.decoder.layers.25 adapter_trainable_params=22054400
[scan] layer=25 sample=1/30
[scan] layer=25 sample=2/30
[scan] layer=25 sample=3/30
[scan] layer=25 sample=4/30
[scan] layer=25 sample=5/30
[scan] layer=25 sample=6/30
[scan] layer=25 sample=7/30
[scan] layer=25 sample=8/30
[scan] layer=25 sample=9/30
[scan] layer=25 sample=10/30
[scan] layer=25 sample=11/30
[scan] layer=25 sample=12/30
[scan] layer=25 sample=13/30
[scan] layer=25 sample=14/30
[scan] layer=25 sample=15/30
[scan] layer=25 sample=16/30
[scan] layer=25 sample=17/30
[scan] layer=25 sample=18/30
[scan] layer=25 sample=19/30
[scan] layer=25 sample=20/30
[scan] layer=25 sample=21/30
[scan] layer=25 sample=22/30
[scan] layer=25 sample=23/30
[scan] layer=25 sample=24/30
[scan] layer=25 sample=25/30
[scan] layer=25 sample=26/30
[scan] layer=25 sample=27/30
[scan] layer=25 sample=28/30
[scan] layer=25 sample=29/30
[scan] layer=25 sample=30/30
[relgenloc-gla] layer=26 path=language_model.model.decoder.layers.26 adapter_trainable_params=22054400
[scan] layer=26 sample=1/30
[scan] layer=26 sample=2/30
[scan] layer=26 sample=3/30
[scan] layer=26 sample=4/30
[scan] layer=26 sample=5/30
[scan] layer=26 sample=6/30
[scan] layer=26 sample=7/30
[scan] layer=26 sample=8/30
[scan] layer=26 sample=9/30
[scan] layer=26 sample=10/30
[scan] layer=26 sample=11/30
[scan] layer=26 sample=12/30
[scan] layer=26 sample=13/30
[scan] layer=26 sample=14/30
[scan] layer=26 sample=15/30
[scan] layer=26 sample=16/30
[scan] layer=26 sample=17/30
[scan] layer=26 sample=18/30
[scan] layer=26 sample=19/30
[scan] layer=26 sample=20/30
[scan] layer=26 sample=21/30
[scan] layer=26 sample=22/30
[scan] layer=26 sample=23/30
[scan] layer=26 sample=24/30
[scan] layer=26 sample=25/30
[scan] layer=26 sample=26/30
[scan] layer=26 sample=27/30
[scan] layer=26 sample=28/30
[scan] layer=26 sample=29/30
[scan] layer=26 sample=30/30
[relgenloc-gla] layer=27 path=language_model.model.decoder.layers.27 adapter_trainable_params=22054400
[scan] layer=27 sample=1/30
[scan] layer=27 sample=2/30
[scan] layer=27 sample=3/30
[scan] layer=27 sample=4/30
[scan] layer=27 sample=5/30
[scan] layer=27 sample=6/30
[scan] layer=27 sample=7/30
[scan] layer=27 sample=8/30
[scan] layer=27 sample=9/30
[scan] layer=27 sample=10/30
[scan] layer=27 sample=11/30
[scan] layer=27 sample=12/30
[scan] layer=27 sample=13/30
[scan] layer=27 sample=14/30
[scan] layer=27 sample=15/30
[scan] layer=27 sample=16/30
[scan] layer=27 sample=17/30
[scan] layer=27 sample=18/30
[scan] layer=27 sample=19/30
[scan] layer=27 sample=20/30
[scan] layer=27 sample=21/30
[scan] layer=27 sample=22/30
[scan] layer=27 sample=23/30
[scan] layer=27 sample=24/30
[scan] layer=27 sample=25/30
[scan] layer=27 sample=26/30
[scan] layer=27 sample=27/30
[scan] layer=27 sample=28/30
[scan] layer=27 sample=29/30
[scan] layer=27 sample=30/30
[relgenloc-gla] layer=28 path=language_model.model.decoder.layers.28 adapter_trainable_params=22054400
[scan] layer=28 sample=1/30
[scan] layer=28 sample=2/30
[scan] layer=28 sample=3/30
[scan] layer=28 sample=4/30
[scan] layer=28 sample=5/30
[scan] layer=28 sample=6/30
[scan] layer=28 sample=7/30
[scan] layer=28 sample=8/30
[scan] layer=28 sample=9/30
[scan] layer=28 sample=10/30
[scan] layer=28 sample=11/30
[scan] layer=28 sample=12/30
[scan] layer=28 sample=13/30
[scan] layer=28 sample=14/30
[scan] layer=28 sample=15/30
[scan] layer=28 sample=16/30
[scan] layer=28 sample=17/30
[scan] layer=28 sample=18/30
[scan] layer=28 sample=19/30
[scan] layer=28 sample=20/30
[scan] layer=28 sample=21/30
[scan] layer=28 sample=22/30
[scan] layer=28 sample=23/30
[scan] layer=28 sample=24/30
[scan] layer=28 sample=25/30
[scan] layer=28 sample=26/30
[scan] layer=28 sample=27/30
[scan] layer=28 sample=28/30
[scan] layer=28 sample=29/30
[scan] layer=28 sample=30/30
[relgenloc-gla] layer=29 path=language_model.model.decoder.layers.29 adapter_trainable_params=22054400
[scan] layer=29 sample=1/30
[scan] layer=29 sample=2/30
[scan] layer=29 sample=3/30
[scan] layer=29 sample=4/30
[scan] layer=29 sample=5/30
[scan] layer=29 sample=6/30
[scan] layer=29 sample=7/30
[scan] layer=29 sample=8/30
[scan] layer=29 sample=9/30
[scan] layer=29 sample=10/30
[scan] layer=29 sample=11/30
[scan] layer=29 sample=12/30
[scan] layer=29 sample=13/30
[scan] layer=29 sample=14/30
[scan] layer=29 sample=15/30
[scan] layer=29 sample=16/30
[scan] layer=29 sample=17/30
[scan] layer=29 sample=18/30
[scan] layer=29 sample=19/30
[scan] layer=29 sample=20/30
[scan] layer=29 sample=21/30
[scan] layer=29 sample=22/30
[scan] layer=29 sample=23/30
[scan] layer=29 sample=24/30
[scan] layer=29 sample=25/30
[scan] layer=29 sample=26/30
[scan] layer=29 sample=27/30
[scan] layer=29 sample=28/30
[scan] layer=29 sample=29/30
[scan] layer=29 sample=30/30
[relgenloc-gla] layer=30 path=language_model.model.decoder.layers.30 adapter_trainable_params=22054400
[scan] layer=30 sample=1/30
[scan] layer=30 sample=2/30
[scan] layer=30 sample=3/30
[scan] layer=30 sample=4/30
[scan] layer=30 sample=5/30
[scan] layer=30 sample=6/30
[scan] layer=30 sample=7/30
[scan] layer=30 sample=8/30
[scan] layer=30 sample=9/30
[scan] layer=30 sample=10/30
[scan] layer=30 sample=11/30
[scan] layer=30 sample=12/30
[scan] layer=30 sample=13/30
[scan] layer=30 sample=14/30
[scan] layer=30 sample=15/30
[scan] layer=30 sample=16/30
[scan] layer=30 sample=17/30
[scan] layer=30 sample=18/30
[scan] layer=30 sample=19/30
[scan] layer=30 sample=20/30
[scan] layer=30 sample=21/30
[scan] layer=30 sample=22/30
[scan] layer=30 sample=23/30
[scan] layer=30 sample=24/30
[scan] layer=30 sample=25/30
[scan] layer=30 sample=26/30
[scan] layer=30 sample=27/30
[scan] layer=30 sample=28/30
[scan] layer=30 sample=29/30
[scan] layer=30 sample=30/30
[relgenloc-gla] layer=31 path=language_model.model.decoder.layers.31 adapter_trainable_params=22054400
[scan] layer=31 sample=1/30
[scan] layer=31 sample=2/30
[scan] layer=31 sample=3/30
[scan] layer=31 sample=4/30
[scan] layer=31 sample=5/30
[scan] layer=31 sample=6/30
[scan] layer=31 sample=7/30
[scan] layer=31 sample=8/30
[scan] layer=31 sample=9/30
[scan] layer=31 sample=10/30
[scan] layer=31 sample=11/30
[scan] layer=31 sample=12/30
[scan] layer=31 sample=13/30
[scan] layer=31 sample=14/30
[scan] layer=31 sample=15/30
[scan] layer=31 sample=16/30
[scan] layer=31 sample=17/30
[scan] layer=31 sample=18/30
[scan] layer=31 sample=19/30
[scan] layer=31 sample=20/30
[scan] layer=31 sample=21/30
[scan] layer=31 sample=22/30
[scan] layer=31 sample=23/30
[scan] layer=31 sample=24/30
[scan] layer=31 sample=25/30
[scan] layer=31 sample=26/30
[scan] layer=31 sample=27/30
[scan] layer=31 sample=28/30
[scan] layer=31 sample=29/30
[scan] layer=31 sample=30/30
{
  "model": "blip2-opt-2.7b",
  "data": "bridge30",
  "layers": [
    0,
    1,
    2,
    3,
    4,
    5,
    6,
    7,
    8,
    9,
    10,
    11,
    12,
    13,
    14,
    15,
    16,
    17,
    18,
    19,
    20,
    21,
    22,
    23,
    24,
    25,
    26,
    27,
    28,
    29,
    30,
    31
  ],
  "n_cases": 30,
  "adapter_type": "MultiCaptureVisionEditAdaptor",
  "main_score": "S_total_norm",
  "gradient_target": "adapter_output_delta_h_vis",
  "loss_mode": "relgenloc",
  "base_model_trainable": false,
  "adapter_used": true,
  "primary_total_norm_topk": [
    0,
    4,
    5,
    1,
    3
  ],
  "total_dot_topk": [
    5,
    4,
    8,
    10,
    9
  ],
  "total_cos_topk": [
    5,
    8,
    9,
    10,
    4
  ],
  "eg_conflict_topk": [
    15,
    14,
    31,
    20,
    16
  ],
  "entity_norm_topk": [
    4,
    5,
    0,
    1,
    3
  ],
  "generality_norm_topk": [
    0,
    4,
    1,
    5,
    3
  ],
  "locality_norm_topk": [
    5,
    2,
    0,
    4,
    1
  ],
  "zero_grad_layers": [
    31
  ],
  "recommended_candidate_pool": [
    0,
    4,
    5,
    1,
    3,
    8,
    9,
    10,
    15,
    14,
    20,
    16,
    27
  ]
}
