test_order_profiles_before_resume (__main__.Tests) ... ok
test_probe_failure_still_restores_L8 (__main__.Tests) ... ok
test_resume_only_changes_checkpoint (__main__.Tests) ... ok
test_resume_rejects_wrong_budget (__main__.Tests) ... ok

----------------------------------------------------------------------
Ran 4 tests in 0.001s

OK

{
  "path": "/datapool/home/ph_teacher3/Lwy/zhounan/Visedit2/server_results/tukey_top3_two_gpu_20260926/control/g09/memory_calibration_20260929/priority_pause/checkpoint/epoch-41-i-13038-ema_loss-0.3304",
  "sha256": "9df11e5c526a43012ed3588510ae5b9f2a778b26c3d4e5b57788939198858bf3",
  "epoch": 41,
  "i": 13038,
  "loss": 0.31398746371269226,
  "ema_loss": 0.3304145606770448,
  "tensor_count": 104,
  "optimizer_states": 26,
  "all_parameters_and_optimizer_finite": true,
  "resume_epoch": 42,
  "resume_i": 13039,
  "time": "2026-09-29T21:09:51.424026+08:00",
  "rng_note": "Original checkpoint schema has no complete RNG state; use the existing resume implementation, not a bitwise-uninterrupted claim."
}

